Archive member included to satisfy reference by file (symbol)

.\CortexM3\ARM_GCC_541\Debug\Capteur_LDR.a(Comp_1.o)
                              .\CortexM3\ARM_GCC_541\Debug\main.o (Comp_1_Start)
.\CortexM3\ARM_GCC_541\Debug\Capteur_LDR.a(IDAC8.o)
                              .\CortexM3\ARM_GCC_541\Debug\main.o (IDAC8_Start)
.\CortexM3\ARM_GCC_541\Debug\Capteur_LDR.a(VDAC8_2.o)
                              .\CortexM3\ARM_GCC_541\Debug\main.o (VDAC8_2_Start)
.\CortexM3\ARM_GCC_541\Debug\Capteur_LDR.a(Comp_2.o)
                              .\CortexM3\ARM_GCC_541\Debug\main.o (Comp_2_Start)
.\CortexM3\ARM_GCC_541\Debug\Capteur_LDR.a(VDAC8_1.o)
                              .\CortexM3\ARM_GCC_541\Debug\main.o (VDAC8_1_Start)
.\CortexM3\ARM_GCC_541\Debug\Capteur_LDR.a(CyLib.o)
                              .\CortexM3\ARM_GCC_541\Debug\Cm3Start.o (CyHalt)
.\CortexM3\ARM_GCC_541\Debug\Capteur_LDR.a(cyPm.o)
                              .\CortexM3\ARM_GCC_541\Debug\Capteur_LDR.a(CyLib.o) (CyPmReadStatus)
.\CortexM3\ARM_GCC_541\Debug\Capteur_LDR.a(CyBootAsmGnu.o)
                              .\CortexM3\ARM_GCC_541\Debug\cyfitter_cfg.o (CyDelayCycles)
.\CortexM3\ARM_GCC_541\Debug\Capteur_LDR.a(CyFlash.o)
                              .\CortexM3\ARM_GCC_541\Debug\Capteur_LDR.a(cyPm.o) (CyFlash_SetWaitCycles)
.\CortexM3\ARM_GCC_541\Debug\Capteur_LDR.a(CySpc.o)
                              .\CortexM3\ARM_GCC_541\Debug\Capteur_LDR.a(CyFlash.o) (CySpcStart)
d:/program files (x86)/cypress/psoc creator/4.4/psoc creator/import/gnu/arm/5.4.1/bin/../lib/gcc/arm-none-eabi/5.4.1/../../../../arm-none-eabi/lib/armv7-m\libg_nano.a(lib_a-errno.o)
                              .\CortexM3\ARM_GCC_541\Debug\Cm3Start.o (__errno)
d:/program files (x86)/cypress/psoc creator/4.4/psoc creator/import/gnu/arm/5.4.1/bin/../lib/gcc/arm-none-eabi/5.4.1/../../../../arm-none-eabi/lib/armv7-m\libg_nano.a(lib_a-exit.o)
                              d:/program files (x86)/cypress/psoc creator/4.4/psoc creator/import/gnu/arm/5.4.1/bin/../lib/gcc/arm-none-eabi/5.4.1/../../../../arm-none-eabi/lib/armv7-m/crt0.o (exit)
d:/program files (x86)/cypress/psoc creator/4.4/psoc creator/import/gnu/arm/5.4.1/bin/../lib/gcc/arm-none-eabi/5.4.1/../../../../arm-none-eabi/lib/armv7-m\libg_nano.a(lib_a-impure.o)
                              d:/program files (x86)/cypress/psoc creator/4.4/psoc creator/import/gnu/arm/5.4.1/bin/../lib/gcc/arm-none-eabi/5.4.1/../../../../arm-none-eabi/lib/armv7-m\libg_nano.a(lib_a-exit.o) (_global_impure_ptr)
d:/program files (x86)/cypress/psoc creator/4.4/psoc creator/import/gnu/arm/5.4.1/bin/../lib/gcc/arm-none-eabi/5.4.1/../../../../arm-none-eabi/lib/armv7-m\libg_nano.a(lib_a-init.o)
                              d:/program files (x86)/cypress/psoc creator/4.4/psoc creator/import/gnu/arm/5.4.1/bin/../lib/gcc/arm-none-eabi/5.4.1/../../../../arm-none-eabi/lib/armv7-m/crt0.o (__libc_init_array)
d:/program files (x86)/cypress/psoc creator/4.4/psoc creator/import/gnu/arm/5.4.1/bin/../lib/gcc/arm-none-eabi/5.4.1/../../../../arm-none-eabi/lib/armv7-m\libg_nano.a(lib_a-memcpy-stub.o)
                              .\CortexM3\ARM_GCC_541\Debug\cyfitter_cfg.o (memcpy)
d:/program files (x86)/cypress/psoc creator/4.4/psoc creator/import/gnu/arm/5.4.1/bin/../lib/gcc/arm-none-eabi/5.4.1/../../../../arm-none-eabi/lib/armv7-m\libg_nano.a(lib_a-memset.o)
                              d:/program files (x86)/cypress/psoc creator/4.4/psoc creator/import/gnu/arm/5.4.1/bin/../lib/gcc/arm-none-eabi/5.4.1/../../../../arm-none-eabi/lib/armv7-m/crt0.o (memset)

Allocating common symbols
Common symbol       size              file

dieTemperature      0x2               .\CortexM3\ARM_GCC_541\Debug\Capteur_LDR.a(CyFlash.o)

Discarded input sections

 .text          0x00000000        0x0 d:/program files (x86)/cypress/psoc creator/4.4/psoc creator/import/gnu/arm/5.4.1/bin/../lib/gcc/arm-none-eabi/5.4.1/armv7-m/crti.o
 .data          0x00000000        0x0 d:/program files (x86)/cypress/psoc creator/4.4/psoc creator/import/gnu/arm/5.4.1/bin/../lib/gcc/arm-none-eabi/5.4.1/armv7-m/crti.o
 .bss           0x00000000        0x0 d:/program files (x86)/cypress/psoc creator/4.4/psoc creator/import/gnu/arm/5.4.1/bin/../lib/gcc/arm-none-eabi/5.4.1/armv7-m/crti.o
 .data          0x00000000        0x4 d:/program files (x86)/cypress/psoc creator/4.4/psoc creator/import/gnu/arm/5.4.1/bin/../lib/gcc/arm-none-eabi/5.4.1/armv7-m/crtbegin.o
 .text          0x00000000       0x74 d:/program files (x86)/cypress/psoc creator/4.4/psoc creator/import/gnu/arm/5.4.1/bin/../lib/gcc/arm-none-eabi/5.4.1/../../../../arm-none-eabi/lib/armv7-m/crt0.o
 .data          0x00000000        0x0 d:/program files (x86)/cypress/psoc creator/4.4/psoc creator/import/gnu/arm/5.4.1/bin/../lib/gcc/arm-none-eabi/5.4.1/../../../../arm-none-eabi/lib/armv7-m/crt0.o
 .bss           0x00000000        0x0 d:/program files (x86)/cypress/psoc creator/4.4/psoc creator/import/gnu/arm/5.4.1/bin/../lib/gcc/arm-none-eabi/5.4.1/../../../../arm-none-eabi/lib/armv7-m/crt0.o
 .ARM.extab     0x00000000        0x0 d:/program files (x86)/cypress/psoc creator/4.4/psoc creator/import/gnu/arm/5.4.1/bin/../lib/gcc/arm-none-eabi/5.4.1/../../../../arm-none-eabi/lib/armv7-m/crt0.o
 .ARM.exidx     0x00000000        0x8 d:/program files (x86)/cypress/psoc creator/4.4/psoc creator/import/gnu/arm/5.4.1/bin/../lib/gcc/arm-none-eabi/5.4.1/../../../../arm-none-eabi/lib/armv7-m/crt0.o
 .text          0x00000000        0x0 .\CortexM3\ARM_GCC_541\Debug\main.o
 .data          0x00000000        0x0 .\CortexM3\ARM_GCC_541\Debug\main.o
 .bss           0x00000000        0x0 .\CortexM3\ARM_GCC_541\Debug\main.o
 .text          0x00000000        0x0 .\CortexM3\ARM_GCC_541\Debug\cyfitter_cfg.o
 .data          0x00000000        0x0 .\CortexM3\ARM_GCC_541\Debug\cyfitter_cfg.o
 .bss           0x00000000        0x0 .\CortexM3\ARM_GCC_541\Debug\cyfitter_cfg.o
 .text.SetAnalogRoutingPumps
                0x00000000       0x1c .\CortexM3\ARM_GCC_541\Debug\cyfitter_cfg.o
 .text          0x00000000        0x0 .\CortexM3\ARM_GCC_541\Debug\cymetadata.o
 .data          0x00000000        0x0 .\CortexM3\ARM_GCC_541\Debug\cymetadata.o
 .bss           0x00000000        0x0 .\CortexM3\ARM_GCC_541\Debug\cymetadata.o
 .text          0x00000000        0x0 .\CortexM3\ARM_GCC_541\Debug\Cm3Start.o
 .data          0x00000000        0x4 .\CortexM3\ARM_GCC_541\Debug\Cm3Start.o
 .bss           0x00000000        0x0 .\CortexM3\ARM_GCC_541\Debug\Cm3Start.o
 .text._exit    0x00000000        0xc .\CortexM3\ARM_GCC_541\Debug\Cm3Start.o
 .text._sbrk    0x00000000       0x30 .\CortexM3\ARM_GCC_541\Debug\Cm3Start.o
 .text          0x00000000        0x0 .\CortexM3\ARM_GCC_541\Debug\Capteur_LDR.a(Comp_1.o)
 .data          0x00000000        0x0 .\CortexM3\ARM_GCC_541\Debug\Capteur_LDR.a(Comp_1.o)
 .text.Comp_1_trimAdjust
                0x00000000       0x78 .\CortexM3\ARM_GCC_541\Debug\Capteur_LDR.a(Comp_1.o)
 .text.Comp_1_Stop
                0x00000000       0x1c .\CortexM3\ARM_GCC_541\Debug\Capteur_LDR.a(Comp_1.o)
 .text.Comp_1_GetCompare
                0x00000000       0x10 .\CortexM3\ARM_GCC_541\Debug\Capteur_LDR.a(Comp_1.o)
 .text.Comp_1_ZeroCal
                0x00000000       0x90 .\CortexM3\ARM_GCC_541\Debug\Capteur_LDR.a(Comp_1.o)
 .text.Comp_1_LoadTrim
                0x00000000       0x14 .\CortexM3\ARM_GCC_541\Debug\Capteur_LDR.a(Comp_1.o)
 .text.Comp_1_PwrDwnOverrideEnable
                0x00000000       0x10 .\CortexM3\ARM_GCC_541\Debug\Capteur_LDR.a(Comp_1.o)
 .text.Comp_1_PwrDwnOverrideDisable
                0x00000000       0x10 .\CortexM3\ARM_GCC_541\Debug\Capteur_LDR.a(Comp_1.o)
 .text          0x00000000        0x0 .\CortexM3\ARM_GCC_541\Debug\Capteur_LDR.a(IDAC8.o)
 .data          0x00000000        0x0 .\CortexM3\ARM_GCC_541\Debug\Capteur_LDR.a(IDAC8.o)
 .text.IDAC8_Stop
                0x00000000       0x1c .\CortexM3\ARM_GCC_541\Debug\Capteur_LDR.a(IDAC8.o)
 .text.IDAC8_SetPolarity
                0x00000000       0x20 .\CortexM3\ARM_GCC_541\Debug\Capteur_LDR.a(IDAC8.o)
 .text.IDAC8_SetRange
                0x00000000       0x20 .\CortexM3\ARM_GCC_541\Debug\Capteur_LDR.a(IDAC8.o)
 .text          0x00000000        0x0 .\CortexM3\ARM_GCC_541\Debug\Capteur_LDR.a(VDAC8_2.o)
 .data          0x00000000        0x0 .\CortexM3\ARM_GCC_541\Debug\Capteur_LDR.a(VDAC8_2.o)
 .text.VDAC8_2_Stop
                0x00000000       0x1c .\CortexM3\ARM_GCC_541\Debug\Capteur_LDR.a(VDAC8_2.o)
 .text          0x00000000        0x0 .\CortexM3\ARM_GCC_541\Debug\Capteur_LDR.a(Comp_2.o)
 .data          0x00000000        0x0 .\CortexM3\ARM_GCC_541\Debug\Capteur_LDR.a(Comp_2.o)
 .text.Comp_2_trimAdjust
                0x00000000       0x78 .\CortexM3\ARM_GCC_541\Debug\Capteur_LDR.a(Comp_2.o)
 .text.Comp_2_Stop
                0x00000000       0x1c .\CortexM3\ARM_GCC_541\Debug\Capteur_LDR.a(Comp_2.o)
 .text.Comp_2_GetCompare
                0x00000000       0x10 .\CortexM3\ARM_GCC_541\Debug\Capteur_LDR.a(Comp_2.o)
 .text.Comp_2_ZeroCal
                0x00000000       0x90 .\CortexM3\ARM_GCC_541\Debug\Capteur_LDR.a(Comp_2.o)
 .text.Comp_2_LoadTrim
                0x00000000       0x14 .\CortexM3\ARM_GCC_541\Debug\Capteur_LDR.a(Comp_2.o)
 .text.Comp_2_PwrDwnOverrideEnable
                0x00000000       0x10 .\CortexM3\ARM_GCC_541\Debug\Capteur_LDR.a(Comp_2.o)
 .text.Comp_2_PwrDwnOverrideDisable
                0x00000000       0x10 .\CortexM3\ARM_GCC_541\Debug\Capteur_LDR.a(Comp_2.o)
 .text          0x00000000        0x0 .\CortexM3\ARM_GCC_541\Debug\Capteur_LDR.a(VDAC8_1.o)
 .data          0x00000000        0x0 .\CortexM3\ARM_GCC_541\Debug\Capteur_LDR.a(VDAC8_1.o)
 .text.VDAC8_1_Stop
                0x00000000       0x1c .\CortexM3\ARM_GCC_541\Debug\Capteur_LDR.a(VDAC8_1.o)
 .text          0x00000000        0x0 .\CortexM3\ARM_GCC_541\Debug\Capteur_LDR.a(CyLib.o)
 .data          0x00000000       0x10 .\CortexM3\ARM_GCC_541\Debug\Capteur_LDR.a(CyLib.o)
 .bss           0x00000000       0x1c .\CortexM3\ARM_GCC_541\Debug\Capteur_LDR.a(CyLib.o)
 .text.CyUSB_PowerOnCheck
                0x00000000       0x48 .\CortexM3\ARM_GCC_541\Debug\Capteur_LDR.a(CyLib.o)
 .text.CyBusClk_Internal_SetDivider
                0x00000000       0x48 .\CortexM3\ARM_GCC_541\Debug\Capteur_LDR.a(CyLib.o)
 .text.CyPLL_OUT_Stop
                0x00000000       0x10 .\CortexM3\ARM_GCC_541\Debug\Capteur_LDR.a(CyLib.o)
 .text.CyIMO_Stop
                0x00000000       0x1c .\CortexM3\ARM_GCC_541\Debug\Capteur_LDR.a(CyLib.o)
 .text.CyIMO_EnableDoubler
                0x00000000       0x10 .\CortexM3\ARM_GCC_541\Debug\Capteur_LDR.a(CyLib.o)
 .text.CyIMO_DisableDoubler
                0x00000000       0x10 .\CortexM3\ARM_GCC_541\Debug\Capteur_LDR.a(CyLib.o)
 .text.CyMasterClk_SetSource
                0x00000000       0x18 .\CortexM3\ARM_GCC_541\Debug\Capteur_LDR.a(CyLib.o)
 .text.CyMasterClk_SetDivider
                0x00000000        0xc .\CortexM3\ARM_GCC_541\Debug\Capteur_LDR.a(CyLib.o)
 .text.CyBusClk_SetDivider
                0x00000000       0x70 .\CortexM3\ARM_GCC_541\Debug\Capteur_LDR.a(CyLib.o)
 .text.CyUsbClk_SetSource
                0x00000000       0x18 .\CortexM3\ARM_GCC_541\Debug\Capteur_LDR.a(CyLib.o)
 .text.CyILO_Start1K
                0x00000000       0x10 .\CortexM3\ARM_GCC_541\Debug\Capteur_LDR.a(CyLib.o)
 .text.CyILO_Stop1K
                0x00000000       0x10 .\CortexM3\ARM_GCC_541\Debug\Capteur_LDR.a(CyLib.o)
 .text.CyILO_Start100K
                0x00000000       0x10 .\CortexM3\ARM_GCC_541\Debug\Capteur_LDR.a(CyLib.o)
 .text.CyILO_Stop100K
                0x00000000       0x10 .\CortexM3\ARM_GCC_541\Debug\Capteur_LDR.a(CyLib.o)
 .text.CyPLL_OUT_Start
                0x00000000       0x78 .\CortexM3\ARM_GCC_541\Debug\Capteur_LDR.a(CyLib.o)
 .text.CyIMO_Start
                0x00000000       0x60 .\CortexM3\ARM_GCC_541\Debug\Capteur_LDR.a(CyLib.o)
 .text.CyILO_Enable33K
                0x00000000       0x10 .\CortexM3\ARM_GCC_541\Debug\Capteur_LDR.a(CyLib.o)
 .text.CyILO_Disable33K
                0x00000000       0x10 .\CortexM3\ARM_GCC_541\Debug\Capteur_LDR.a(CyLib.o)
 .text.CyILO_SetSource
                0x00000000       0x18 .\CortexM3\ARM_GCC_541\Debug\Capteur_LDR.a(CyLib.o)
 .text.CyILO_SetPowerMode
                0x00000000       0x24 .\CortexM3\ARM_GCC_541\Debug\Capteur_LDR.a(CyLib.o)
 .text.CyXTAL_32KHZ_Stop
                0x00000000       0x30 .\CortexM3\ARM_GCC_541\Debug\Capteur_LDR.a(CyLib.o)
 .text.CyXTAL_32KHZ_ReadStatus
                0x00000000       0x10 .\CortexM3\ARM_GCC_541\Debug\Capteur_LDR.a(CyLib.o)
 .text.CyXTAL_Start
                0x00000000       0xac .\CortexM3\ARM_GCC_541\Debug\Capteur_LDR.a(CyLib.o)
 .text.CyXTAL_Stop
                0x00000000       0x10 .\CortexM3\ARM_GCC_541\Debug\Capteur_LDR.a(CyLib.o)
 .text.CyXTAL_EnableErrStatus
                0x00000000       0x10 .\CortexM3\ARM_GCC_541\Debug\Capteur_LDR.a(CyLib.o)
 .text.CyXTAL_DisableErrStatus
                0x00000000       0x10 .\CortexM3\ARM_GCC_541\Debug\Capteur_LDR.a(CyLib.o)
 .text.CyXTAL_ReadStatus
                0x00000000       0x18 .\CortexM3\ARM_GCC_541\Debug\Capteur_LDR.a(CyLib.o)
 .text.CyXTAL_EnableFaultRecovery
                0x00000000       0x10 .\CortexM3\ARM_GCC_541\Debug\Capteur_LDR.a(CyLib.o)
 .text.CyXTAL_DisableFaultRecovery
                0x00000000       0x10 .\CortexM3\ARM_GCC_541\Debug\Capteur_LDR.a(CyLib.o)
 .text.CyXTAL_SetStartup
                0x00000000       0x18 .\CortexM3\ARM_GCC_541\Debug\Capteur_LDR.a(CyLib.o)
 .text.CyXTAL_SetFbVoltage
                0x00000000       0x18 .\CortexM3\ARM_GCC_541\Debug\Capteur_LDR.a(CyLib.o)
 .text.CyXTAL_SetWdVoltage
                0x00000000       0x18 .\CortexM3\ARM_GCC_541\Debug\Capteur_LDR.a(CyLib.o)
 .text.CyHalt   0x00000000        0x4 .\CortexM3\ARM_GCC_541\Debug\Capteur_LDR.a(CyLib.o)
 .text.CyPLL_OUT_SetPQ
                0x00000000       0x60 .\CortexM3\ARM_GCC_541\Debug\Capteur_LDR.a(CyLib.o)
 .text.CyPLL_OUT_SetSource
                0x00000000       0x34 .\CortexM3\ARM_GCC_541\Debug\Capteur_LDR.a(CyLib.o)
 .text.CyIMO_SetTrimValue
                0x00000000       0xcc .\CortexM3\ARM_GCC_541\Debug\Capteur_LDR.a(CyLib.o)
 .text.CyIMO_SetFreq
                0x00000000       0xf4 .\CortexM3\ARM_GCC_541\Debug\Capteur_LDR.a(CyLib.o)
 .text.CyIMO_SetSource
                0x00000000       0x58 .\CortexM3\ARM_GCC_541\Debug\Capteur_LDR.a(CyLib.o)
 .text.CySoftwareReset
                0x00000000       0x10 .\CortexM3\ARM_GCC_541\Debug\Capteur_LDR.a(CyLib.o)
 .text.CyDelay  0x00000000       0x2c .\CortexM3\ARM_GCC_541\Debug\Capteur_LDR.a(CyLib.o)
 .text.CyDelayUs
                0x00000000       0x14 .\CortexM3\ARM_GCC_541\Debug\Capteur_LDR.a(CyLib.o)
 .text.CyXTAL_32KHZ_SetPowerMode
                0x00000000       0x84 .\CortexM3\ARM_GCC_541\Debug\Capteur_LDR.a(CyLib.o)
 .text.CyXTAL_32KHZ_Start
                0x00000000       0x74 .\CortexM3\ARM_GCC_541\Debug\Capteur_LDR.a(CyLib.o)
 .text.CyDelayFreq
                0x00000000       0x4c .\CortexM3\ARM_GCC_541\Debug\Capteur_LDR.a(CyLib.o)
 .text.CyWdtStart
                0x00000000       0x40 .\CortexM3\ARM_GCC_541\Debug\Capteur_LDR.a(CyLib.o)
 .text.CyWdtClear
                0x00000000        0xc .\CortexM3\ARM_GCC_541\Debug\Capteur_LDR.a(CyLib.o)
 .text.CyVdStickyStatus
                0x00000000       0x2c .\CortexM3\ARM_GCC_541\Debug\Capteur_LDR.a(CyLib.o)
 .text.CyVdLvDigitEnable
                0x00000000       0x84 .\CortexM3\ARM_GCC_541\Debug\Capteur_LDR.a(CyLib.o)
 .text.CyVdLvAnalogEnable
                0x00000000       0x80 .\CortexM3\ARM_GCC_541\Debug\Capteur_LDR.a(CyLib.o)
 .text.CyVdLvDigitDisable
                0x00000000       0x30 .\CortexM3\ARM_GCC_541\Debug\Capteur_LDR.a(CyLib.o)
 .text.CyVdLvAnalogDisable
                0x00000000       0x28 .\CortexM3\ARM_GCC_541\Debug\Capteur_LDR.a(CyLib.o)
 .text.CyVdHvAnalogEnable
                0x00000000       0x54 .\CortexM3\ARM_GCC_541\Debug\Capteur_LDR.a(CyLib.o)
 .text.CyVdHvAnalogDisable
                0x00000000       0x20 .\CortexM3\ARM_GCC_541\Debug\Capteur_LDR.a(CyLib.o)
 .text.CyVdRealTimeStatus
                0x00000000       0x1c .\CortexM3\ARM_GCC_541\Debug\Capteur_LDR.a(CyLib.o)
 .text.CyDisableInts
                0x00000000       0x1c .\CortexM3\ARM_GCC_541\Debug\Capteur_LDR.a(CyLib.o)
 .text.CyEnableInts
                0x00000000       0x18 .\CortexM3\ARM_GCC_541\Debug\Capteur_LDR.a(CyLib.o)
 .text.CyFlushCache
                0x00000000       0x44 .\CortexM3\ARM_GCC_541\Debug\Capteur_LDR.a(CyLib.o)
 .text.CyIntSetSysVector
                0x00000000       0x28 .\CortexM3\ARM_GCC_541\Debug\Capteur_LDR.a(CyLib.o)
 .text.CyIntGetSysVector
                0x00000000       0x20 .\CortexM3\ARM_GCC_541\Debug\Capteur_LDR.a(CyLib.o)
 .text.CyIntSetVector
                0x00000000       0x28 .\CortexM3\ARM_GCC_541\Debug\Capteur_LDR.a(CyLib.o)
 .text.CyIntGetVector
                0x00000000       0x24 .\CortexM3\ARM_GCC_541\Debug\Capteur_LDR.a(CyLib.o)
 .text.CyIntSetPriority
                0x00000000       0x30 .\CortexM3\ARM_GCC_541\Debug\Capteur_LDR.a(CyLib.o)
 .text.CyIntGetPriority
                0x00000000       0x20 .\CortexM3\ARM_GCC_541\Debug\Capteur_LDR.a(CyLib.o)
 .text.CyIntGetState
                0x00000000       0x24 .\CortexM3\ARM_GCC_541\Debug\Capteur_LDR.a(CyLib.o)
 .text.CySysTickStop
                0x00000000       0x10 .\CortexM3\ARM_GCC_541\Debug\Capteur_LDR.a(CyLib.o)
 .text.CySysTickEnableInterrupt
                0x00000000       0x10 .\CortexM3\ARM_GCC_541\Debug\Capteur_LDR.a(CyLib.o)
 .text.CySysTickEnable
                0x00000000       0x18 .\CortexM3\ARM_GCC_541\Debug\Capteur_LDR.a(CyLib.o)
 .text.CySysTickDisableInterrupt
                0x00000000       0x10 .\CortexM3\ARM_GCC_541\Debug\Capteur_LDR.a(CyLib.o)
 .text.CySysTickSetReload
                0x00000000       0x10 .\CortexM3\ARM_GCC_541\Debug\Capteur_LDR.a(CyLib.o)
 .text.CySysTickGetReload
                0x00000000       0x10 .\CortexM3\ARM_GCC_541\Debug\Capteur_LDR.a(CyLib.o)
 .text.CySysTickGetValue
                0x00000000       0x10 .\CortexM3\ARM_GCC_541\Debug\Capteur_LDR.a(CyLib.o)
 .text.CySysTickSetClockSource
                0x00000000       0x20 .\CortexM3\ARM_GCC_541\Debug\Capteur_LDR.a(CyLib.o)
 .text.CySysTickGetClockSource
                0x00000000       0x10 .\CortexM3\ARM_GCC_541\Debug\Capteur_LDR.a(CyLib.o)
 .text.CySysTickGetCountFlag
                0x00000000       0x10 .\CortexM3\ARM_GCC_541\Debug\Capteur_LDR.a(CyLib.o)
 .text.CySysTickServiceCallbacks
                0x00000000       0x28 .\CortexM3\ARM_GCC_541\Debug\Capteur_LDR.a(CyLib.o)
 .text.CySysTickClear
                0x00000000        0xc .\CortexM3\ARM_GCC_541\Debug\Capteur_LDR.a(CyLib.o)
 .text.CySysTickInit
                0x00000000       0x58 .\CortexM3\ARM_GCC_541\Debug\Capteur_LDR.a(CyLib.o)
 .text.CySysTickStart
                0x00000000       0x1c .\CortexM3\ARM_GCC_541\Debug\Capteur_LDR.a(CyLib.o)
 .text.CySysTickSetCallback
                0x00000000       0x10 .\CortexM3\ARM_GCC_541\Debug\Capteur_LDR.a(CyLib.o)
 .text.CySysTickGetCallback
                0x00000000       0x10 .\CortexM3\ARM_GCC_541\Debug\Capteur_LDR.a(CyLib.o)
 .text.CyGetUniqueId
                0x00000000       0x70 .\CortexM3\ARM_GCC_541\Debug\Capteur_LDR.a(CyLib.o)
 .text          0x00000000        0x0 .\CortexM3\ARM_GCC_541\Debug\Capteur_LDR.a(cyPm.o)
 .data          0x00000000        0x0 .\CortexM3\ARM_GCC_541\Debug\Capteur_LDR.a(cyPm.o)
 .bss           0x00000000       0x43 .\CortexM3\ARM_GCC_541\Debug\Capteur_LDR.a(cyPm.o)
 .text.CyPmHibSlpSaveSet
                0x00000000      0x1dc .\CortexM3\ARM_GCC_541\Debug\Capteur_LDR.a(cyPm.o)
 .text.CyPmHibSlpRestore
                0x00000000       0xd8 .\CortexM3\ARM_GCC_541\Debug\Capteur_LDR.a(cyPm.o)
 .text.CyPmHviLviSaveDisable
                0x00000000       0xa0 .\CortexM3\ARM_GCC_541\Debug\Capteur_LDR.a(cyPm.o)
 .text.CyPmHibSaveSet
                0x00000000       0x98 .\CortexM3\ARM_GCC_541\Debug\Capteur_LDR.a(cyPm.o)
 .text.CyPmHviLviRestore
                0x00000000       0x48 .\CortexM3\ARM_GCC_541\Debug\Capteur_LDR.a(cyPm.o)
 .text.CyPmHibRestore
                0x00000000       0x60 .\CortexM3\ARM_GCC_541\Debug\Capteur_LDR.a(cyPm.o)
 .text.CyPmSaveClocks
                0x00000000      0x218 .\CortexM3\ARM_GCC_541\Debug\Capteur_LDR.a(cyPm.o)
 .text.CyPmRestoreClocks
                0x00000000      0x24c .\CortexM3\ARM_GCC_541\Debug\Capteur_LDR.a(cyPm.o)
 .text.CyPmAltAct
                0x00000000       0x6c .\CortexM3\ARM_GCC_541\Debug\Capteur_LDR.a(cyPm.o)
 .text.CyPmSleep
                0x00000000       0xf4 .\CortexM3\ARM_GCC_541\Debug\Capteur_LDR.a(cyPm.o)
 .text.CyPmHibernateEx
                0x00000000       0xf4 .\CortexM3\ARM_GCC_541\Debug\Capteur_LDR.a(cyPm.o)
 .text.CyPmHibernate
                0x00000000        0xc .\CortexM3\ARM_GCC_541\Debug\Capteur_LDR.a(cyPm.o)
 .text.CyPmReadStatus
                0x00000000       0x30 .\CortexM3\ARM_GCC_541\Debug\Capteur_LDR.a(cyPm.o)
 .text.CyPmCtwSetInterval
                0x00000000       0x5c .\CortexM3\ARM_GCC_541\Debug\Capteur_LDR.a(cyPm.o)
 .text.CyPmOppsSet
                0x00000000       0x2c .\CortexM3\ARM_GCC_541\Debug\Capteur_LDR.a(cyPm.o)
 .text.CyPmFtwSetInterval
                0x00000000       0x5c .\CortexM3\ARM_GCC_541\Debug\Capteur_LDR.a(cyPm.o)
 .rodata        0x00000000        0xf .\CortexM3\ARM_GCC_541\Debug\Capteur_LDR.a(cyPm.o)
 .data          0x00000000        0x0 .\CortexM3\ARM_GCC_541\Debug\Capteur_LDR.a(CyBootAsmGnu.o)
 .bss           0x00000000        0x0 .\CortexM3\ARM_GCC_541\Debug\Capteur_LDR.a(CyBootAsmGnu.o)
 .text          0x00000000        0x0 .\CortexM3\ARM_GCC_541\Debug\Capteur_LDR.a(CyFlash.o)
 .data          0x00000000        0x0 .\CortexM3\ARM_GCC_541\Debug\Capteur_LDR.a(CyFlash.o)
 .bss           0x00000000        0x0 .\CortexM3\ARM_GCC_541\Debug\Capteur_LDR.a(CyFlash.o)
 .text.CySetTempInt
                0x00000000       0x60 .\CortexM3\ARM_GCC_541\Debug\Capteur_LDR.a(CyFlash.o)
 .text.CyFlash_Start
                0x00000000       0x54 .\CortexM3\ARM_GCC_541\Debug\Capteur_LDR.a(CyFlash.o)
 .text.CyFlash_Stop
                0x00000000       0x24 .\CortexM3\ARM_GCC_541\Debug\Capteur_LDR.a(CyFlash.o)
 .text.CyFlash_EraseRow
                0x00000000       0x78 .\CortexM3\ARM_GCC_541\Debug\Capteur_LDR.a(CyFlash.o)
 .text.CyFlashGetSpcAlgorithm
                0x00000000       0x4c .\CortexM3\ARM_GCC_541\Debug\Capteur_LDR.a(CyFlash.o)
 .text.CySetTemp
                0x00000000       0x14 .\CortexM3\ARM_GCC_541\Debug\Capteur_LDR.a(CyFlash.o)
 .text.CySetFlashEEBuffer
                0x00000000       0x20 .\CortexM3\ARM_GCC_541\Debug\Capteur_LDR.a(CyFlash.o)
 .text.CyWriteRowFull
                0x00000000       0xf8 .\CortexM3\ARM_GCC_541\Debug\Capteur_LDR.a(CyFlash.o)
 .text.CyWriteRowData
                0x00000000       0x14 .\CortexM3\ARM_GCC_541\Debug\Capteur_LDR.a(CyFlash.o)
 .text.CyFlash_SetWaitCycles
                0x00000000       0x7c .\CortexM3\ARM_GCC_541\Debug\Capteur_LDR.a(CyFlash.o)
 .text.CyEEPROM_Start
                0x00000000       0x54 .\CortexM3\ARM_GCC_541\Debug\Capteur_LDR.a(CyFlash.o)
 .text.CyEEPROM_Stop
                0x00000000       0x24 .\CortexM3\ARM_GCC_541\Debug\Capteur_LDR.a(CyFlash.o)
 .text.CyEEPROM_ReadReserve
                0x00000000       0x1c .\CortexM3\ARM_GCC_541\Debug\Capteur_LDR.a(CyFlash.o)
 .text.CyEEPROM_ReadRelease
                0x00000000       0x10 .\CortexM3\ARM_GCC_541\Debug\Capteur_LDR.a(CyFlash.o)
 COMMON         0x00000000        0x2 .\CortexM3\ARM_GCC_541\Debug\Capteur_LDR.a(CyFlash.o)
 .text          0x00000000        0x0 .\CortexM3\ARM_GCC_541\Debug\Capteur_LDR.a(CySpc.o)
 .data          0x00000000        0x0 .\CortexM3\ARM_GCC_541\Debug\Capteur_LDR.a(CySpc.o)
 .bss           0x00000000        0x8 .\CortexM3\ARM_GCC_541\Debug\Capteur_LDR.a(CySpc.o)
 .text.CySpcStart
                0x00000000       0x24 .\CortexM3\ARM_GCC_541\Debug\Capteur_LDR.a(CySpc.o)
 .text.CySpcStop
                0x00000000       0x24 .\CortexM3\ARM_GCC_541\Debug\Capteur_LDR.a(CySpc.o)
 .text.CySpcReadData
                0x00000000       0x34 .\CortexM3\ARM_GCC_541\Debug\Capteur_LDR.a(CySpc.o)
 .text.CySpcLoadMultiByte
                0x00000000       0x78 .\CortexM3\ARM_GCC_541\Debug\Capteur_LDR.a(CySpc.o)
 .text.CySpcLoadRow
                0x00000000       0x50 .\CortexM3\ARM_GCC_541\Debug\Capteur_LDR.a(CySpc.o)
 .text.CySpcLoadRowFull
                0x00000000       0x80 .\CortexM3\ARM_GCC_541\Debug\Capteur_LDR.a(CySpc.o)
 .text.CySpcWriteRow
                0x00000000       0x4c .\CortexM3\ARM_GCC_541\Debug\Capteur_LDR.a(CySpc.o)
 .text.CySpcEraseSector
                0x00000000       0x3c .\CortexM3\ARM_GCC_541\Debug\Capteur_LDR.a(CySpc.o)
 .text.CySpcEraseRow
                0x00000000       0x4c .\CortexM3\ARM_GCC_541\Debug\Capteur_LDR.a(CySpc.o)
 .text.CySpcGetTemp
                0x00000000       0x3c .\CortexM3\ARM_GCC_541\Debug\Capteur_LDR.a(CySpc.o)
 .text.CySpcLock
                0x00000000       0x4c .\CortexM3\ARM_GCC_541\Debug\Capteur_LDR.a(CySpc.o)
 .text.CySpcUnlock
                0x00000000       0x38 .\CortexM3\ARM_GCC_541\Debug\Capteur_LDR.a(CySpc.o)
 .text.CySpcGetAlgorithm
                0x00000000       0x28 .\CortexM3\ARM_GCC_541\Debug\Capteur_LDR.a(CySpc.o)
 .text          0x00000000        0x0 d:/program files (x86)/cypress/psoc creator/4.4/psoc creator/import/gnu/arm/5.4.1/bin/../lib/gcc/arm-none-eabi/5.4.1/../../../../arm-none-eabi/lib/armv7-m\libg_nano.a(lib_a-errno.o)
 .data          0x00000000        0x0 d:/program files (x86)/cypress/psoc creator/4.4/psoc creator/import/gnu/arm/5.4.1/bin/../lib/gcc/arm-none-eabi/5.4.1/../../../../arm-none-eabi/lib/armv7-m\libg_nano.a(lib_a-errno.o)
 .bss           0x00000000        0x0 d:/program files (x86)/cypress/psoc creator/4.4/psoc creator/import/gnu/arm/5.4.1/bin/../lib/gcc/arm-none-eabi/5.4.1/../../../../arm-none-eabi/lib/armv7-m\libg_nano.a(lib_a-errno.o)
 .text          0x00000000        0x0 d:/program files (x86)/cypress/psoc creator/4.4/psoc creator/import/gnu/arm/5.4.1/bin/../lib/gcc/arm-none-eabi/5.4.1/../../../../arm-none-eabi/lib/armv7-m\libg_nano.a(lib_a-exit.o)
 .data          0x00000000        0x0 d:/program files (x86)/cypress/psoc creator/4.4/psoc creator/import/gnu/arm/5.4.1/bin/../lib/gcc/arm-none-eabi/5.4.1/../../../../arm-none-eabi/lib/armv7-m\libg_nano.a(lib_a-exit.o)
 .bss           0x00000000        0x0 d:/program files (x86)/cypress/psoc creator/4.4/psoc creator/import/gnu/arm/5.4.1/bin/../lib/gcc/arm-none-eabi/5.4.1/../../../../arm-none-eabi/lib/armv7-m\libg_nano.a(lib_a-exit.o)
 .text.exit     0x00000000       0x28 d:/program files (x86)/cypress/psoc creator/4.4/psoc creator/import/gnu/arm/5.4.1/bin/../lib/gcc/arm-none-eabi/5.4.1/../../../../arm-none-eabi/lib/armv7-m\libg_nano.a(lib_a-exit.o)
 .text          0x00000000        0x0 d:/program files (x86)/cypress/psoc creator/4.4/psoc creator/import/gnu/arm/5.4.1/bin/../lib/gcc/arm-none-eabi/5.4.1/../../../../arm-none-eabi/lib/armv7-m\libg_nano.a(lib_a-impure.o)
 .data          0x00000000        0x0 d:/program files (x86)/cypress/psoc creator/4.4/psoc creator/import/gnu/arm/5.4.1/bin/../lib/gcc/arm-none-eabi/5.4.1/../../../../arm-none-eabi/lib/armv7-m\libg_nano.a(lib_a-impure.o)
 .bss           0x00000000        0x0 d:/program files (x86)/cypress/psoc creator/4.4/psoc creator/import/gnu/arm/5.4.1/bin/../lib/gcc/arm-none-eabi/5.4.1/../../../../arm-none-eabi/lib/armv7-m\libg_nano.a(lib_a-impure.o)
 .rodata._global_impure_ptr
                0x00000000        0x4 d:/program files (x86)/cypress/psoc creator/4.4/psoc creator/import/gnu/arm/5.4.1/bin/../lib/gcc/arm-none-eabi/5.4.1/../../../../arm-none-eabi/lib/armv7-m\libg_nano.a(lib_a-impure.o)
 .text          0x00000000        0x0 d:/program files (x86)/cypress/psoc creator/4.4/psoc creator/import/gnu/arm/5.4.1/bin/../lib/gcc/arm-none-eabi/5.4.1/../../../../arm-none-eabi/lib/armv7-m\libg_nano.a(lib_a-init.o)
 .data          0x00000000        0x0 d:/program files (x86)/cypress/psoc creator/4.4/psoc creator/import/gnu/arm/5.4.1/bin/../lib/gcc/arm-none-eabi/5.4.1/../../../../arm-none-eabi/lib/armv7-m\libg_nano.a(lib_a-init.o)
 .bss           0x00000000        0x0 d:/program files (x86)/cypress/psoc creator/4.4/psoc creator/import/gnu/arm/5.4.1/bin/../lib/gcc/arm-none-eabi/5.4.1/../../../../arm-none-eabi/lib/armv7-m\libg_nano.a(lib_a-init.o)
 .text          0x00000000        0x0 d:/program files (x86)/cypress/psoc creator/4.4/psoc creator/import/gnu/arm/5.4.1/bin/../lib/gcc/arm-none-eabi/5.4.1/../../../../arm-none-eabi/lib/armv7-m\libg_nano.a(lib_a-memcpy-stub.o)
 .data          0x00000000        0x0 d:/program files (x86)/cypress/psoc creator/4.4/psoc creator/import/gnu/arm/5.4.1/bin/../lib/gcc/arm-none-eabi/5.4.1/../../../../arm-none-eabi/lib/armv7-m\libg_nano.a(lib_a-memcpy-stub.o)
 .bss           0x00000000        0x0 d:/program files (x86)/cypress/psoc creator/4.4/psoc creator/import/gnu/arm/5.4.1/bin/../lib/gcc/arm-none-eabi/5.4.1/../../../../arm-none-eabi/lib/armv7-m\libg_nano.a(lib_a-memcpy-stub.o)
 .text          0x00000000        0x0 d:/program files (x86)/cypress/psoc creator/4.4/psoc creator/import/gnu/arm/5.4.1/bin/../lib/gcc/arm-none-eabi/5.4.1/../../../../arm-none-eabi/lib/armv7-m\libg_nano.a(lib_a-memset.o)
 .data          0x00000000        0x0 d:/program files (x86)/cypress/psoc creator/4.4/psoc creator/import/gnu/arm/5.4.1/bin/../lib/gcc/arm-none-eabi/5.4.1/../../../../arm-none-eabi/lib/armv7-m\libg_nano.a(lib_a-memset.o)
 .bss           0x00000000        0x0 d:/program files (x86)/cypress/psoc creator/4.4/psoc creator/import/gnu/arm/5.4.1/bin/../lib/gcc/arm-none-eabi/5.4.1/../../../../arm-none-eabi/lib/armv7-m\libg_nano.a(lib_a-memset.o)
 .text          0x00000000        0x0 d:/program files (x86)/cypress/psoc creator/4.4/psoc creator/import/gnu/arm/5.4.1/bin/../lib/gcc/arm-none-eabi/5.4.1/armv7-m/crtend.o
 .data          0x00000000        0x0 d:/program files (x86)/cypress/psoc creator/4.4/psoc creator/import/gnu/arm/5.4.1/bin/../lib/gcc/arm-none-eabi/5.4.1/armv7-m/crtend.o
 .bss           0x00000000        0x0 d:/program files (x86)/cypress/psoc creator/4.4/psoc creator/import/gnu/arm/5.4.1/bin/../lib/gcc/arm-none-eabi/5.4.1/armv7-m/crtend.o
 .text          0x00000000        0x0 d:/program files (x86)/cypress/psoc creator/4.4/psoc creator/import/gnu/arm/5.4.1/bin/../lib/gcc/arm-none-eabi/5.4.1/armv7-m/crtn.o
 .data          0x00000000        0x0 d:/program files (x86)/cypress/psoc creator/4.4/psoc creator/import/gnu/arm/5.4.1/bin/../lib/gcc/arm-none-eabi/5.4.1/armv7-m/crtn.o
 .bss           0x00000000        0x0 d:/program files (x86)/cypress/psoc creator/4.4/psoc creator/import/gnu/arm/5.4.1/bin/../lib/gcc/arm-none-eabi/5.4.1/armv7-m/crtn.o

Memory Configuration

Name             Origin             Length             Attributes
rom              0x00000000         0x00040000         xr
ram              0x1fff8000         0x00010000         xrw
*default*        0x00000000         0xffffffff

Linker script and memory map

LOAD d:/program files (x86)/cypress/psoc creator/4.4/psoc creator/import/gnu/arm/5.4.1/bin/../lib/gcc/arm-none-eabi/5.4.1/armv7-m/crti.o
LOAD d:/program files (x86)/cypress/psoc creator/4.4/psoc creator/import/gnu/arm/5.4.1/bin/../lib/gcc/arm-none-eabi/5.4.1/armv7-m/crtbegin.o
LOAD d:/program files (x86)/cypress/psoc creator/4.4/psoc creator/import/gnu/arm/5.4.1/bin/../lib/gcc/arm-none-eabi/5.4.1/../../../../arm-none-eabi/lib/armv7-m/crt0.o
START GROUP
LOAD .\CortexM3\ARM_GCC_541\Debug\main.o
LOAD .\CortexM3\ARM_GCC_541\Debug\cyfitter_cfg.o
LOAD .\CortexM3\ARM_GCC_541\Debug\cymetadata.o
LOAD .\CortexM3\ARM_GCC_541\Debug\Cm3Start.o
LOAD .\CortexM3\ARM_GCC_541\Debug\Capteur_LDR.a
LOAD D:\Program Files (x86)\Cypress\PSoC Creator\4.4\PSoC Creator\psoc\content\cycomponentlibrary\CyComponentLibrary.cylib\CortexM3\ARM_GCC_541\Debug\CyComponentLibrary.a
END GROUP
START GROUP
LOAD d:/program files (x86)/cypress/psoc creator/4.4/psoc creator/import/gnu/arm/5.4.1/bin/../lib/gcc/arm-none-eabi/5.4.1/armv7-m\libgcc.a
LOAD d:/program files (x86)/cypress/psoc creator/4.4/psoc creator/import/gnu/arm/5.4.1/bin/../lib/gcc/arm-none-eabi/5.4.1/../../../../arm-none-eabi/lib/armv7-m\libg_nano.a
LOAD d:/program files (x86)/cypress/psoc creator/4.4/psoc creator/import/gnu/arm/5.4.1/bin/../lib/gcc/arm-none-eabi/5.4.1/../../../../arm-none-eabi/lib/armv7-m\libc_nano.a
END GROUP
START GROUP
LOAD d:/program files (x86)/cypress/psoc creator/4.4/psoc creator/import/gnu/arm/5.4.1/bin/../lib/gcc/arm-none-eabi/5.4.1/armv7-m\libgcc.a
LOAD d:/program files (x86)/cypress/psoc creator/4.4/psoc creator/import/gnu/arm/5.4.1/bin/../lib/gcc/arm-none-eabi/5.4.1/../../../../arm-none-eabi/lib/armv7-m\libc_nano.a
END GROUP
LOAD d:/program files (x86)/cypress/psoc creator/4.4/psoc creator/import/gnu/arm/5.4.1/bin/../lib/gcc/arm-none-eabi/5.4.1/armv7-m/crtend.o
LOAD d:/program files (x86)/cypress/psoc creator/4.4/psoc creator/import/gnu/arm/5.4.1/bin/../lib/gcc/arm-none-eabi/5.4.1/armv7-m/crtn.o
START GROUP
LOAD d:/program files (x86)/cypress/psoc creator/4.4/psoc creator/import/gnu/arm/5.4.1/bin/../lib/gcc/arm-none-eabi/5.4.1/armv7-m\libgcc.a
LOAD d:/program files (x86)/cypress/psoc creator/4.4/psoc creator/import/gnu/arm/5.4.1/bin/../lib/gcc/arm-none-eabi/5.4.1/../../../../arm-none-eabi/lib/armv7-m\libc.a
LOAD d:/program files (x86)/cypress/psoc creator/4.4/psoc creator/import/gnu/arm/5.4.1/bin/../lib/gcc/arm-none-eabi/5.4.1/../../../../arm-none-eabi/lib/armv7-m\libnosys.a
END GROUP
                0x00000000                CY_APPL_ORIGIN = 0x0
                0x00000100                CY_FLASH_ROW_SIZE = 0x100
                0x00000020                CY_ECC_ROW_SIZE = 0x20
                0x00000000                CY_EE_IN_BTLDR = 0x0
                0x00000000                CY_APPL_LOADABLE = 0x0
                0x00000800                CY_EE_SIZE = 0x800
                0x00000001                CY_APPL_NUM = 0x1
                0x00000001                CY_APPL_MAX = 0x1
                0x00000040                CY_METADATA_SIZE = 0x40
                0x00000000                CY_APPL_LOADABLE = 0x0
                0x00000000                CY_CHECKSUM_EXCLUDE_SIZE = ALIGN (0x0, CY_FLASH_ROW_SIZE)
                [!provide]                PROVIDE (__cy_heap_start, _end)
                0x00000001                PROVIDE (__cy_region_num, ((__cy_regions_end - __cy_regions) / 0x10))
                0x20008000                PROVIDE (__cy_stack, (ORIGIN (ram) + LENGTH (ram)))
                [!provide]                PROVIDE (__cy_heap_end, (__cy_stack - 0x800))

.cybootloader   0x00000000        0x0
 *(.cybootloader)
                0x00000000                appl1_start = CY_APPL_ORIGIN?CY_APPL_ORIGIN:ALIGN (CY_FLASH_ROW_SIZE)
                0x0001ff00                appl2_start = (appl1_start + ALIGN ((((LENGTH (rom) - appl1_start) - (0x2 * CY_FLASH_ROW_SIZE)) / 0x2), CY_FLASH_ROW_SIZE))
                0x00000000                appl_start = (CY_APPL_NUM == 0x1)?appl1_start:appl2_start
                0x00000000                ecc_offset = ((appl_start / CY_FLASH_ROW_SIZE) * CY_ECC_ROW_SIZE)
                0x00000000                ee_offset = (CY_APPL_LOADABLE && ! (CY_EE_IN_BTLDR))?((CY_EE_SIZE / CY_APPL_MAX) * (CY_APPL_NUM - 0x1)):0x0
                0x00000800                ee_size = (CY_APPL_LOADABLE && ! (CY_EE_IN_BTLDR))?(CY_EE_SIZE / CY_APPL_MAX):CY_EE_SIZE
                [!provide]                PROVIDE (CY_ECC_OFFSET, ecc_offset)

.text           0x00000000      0x826
 CREATE_OBJECT_SYMBOLS
                0x00000000                PROVIDE (__cy_interrupt_vector, RomVectors)
 *(.romvectors)
 .romvectors    0x00000000       0x10 .\CortexM3\ARM_GCC_541\Debug\Cm3Start.o
                0x00000000                RomVectors
                0x00000001                ASSERT ((. != __cy_interrupt_vector), No interrupt vector)
                0x00000001                ASSERT (CY_APPL_ORIGIN?(SIZEOF (.cybootloader) <= CY_APPL_ORIGIN):0x1, Wrong image location)
                0x00000010                PROVIDE (__cy_reset, Reset)
 *(.text.Reset)
 .text.Reset    0x00000010       0x18 .\CortexM3\ARM_GCC_541\Debug\Cm3Start.o
                0x00000010                Reset
                0x00000001                ASSERT ((. != __cy_reset), No reset code)
 *(.dma_init)
                0x00000001                ASSERT ((((appl_start + .) <= 0x10000) || 0x1), DMA Init must be within the first 64k of flash)
 *(.text .text.* .gnu.linkonce.t.*)
 .text          0x00000028       0x5c d:/program files (x86)/cypress/psoc creator/4.4/psoc creator/import/gnu/arm/5.4.1/bin/../lib/gcc/arm-none-eabi/5.4.1/armv7-m/crtbegin.o
 .text.main     0x00000084       0x1c .\CortexM3\ARM_GCC_541\Debug\main.o
                0x00000084                main
 .text.CyClockStartupError
                0x000000a0        0x4 .\CortexM3\ARM_GCC_541\Debug\cyfitter_cfg.o
 .text.cfg_write_bytes32
                0x000000a4       0x34 .\CortexM3\ARM_GCC_541\Debug\cyfitter_cfg.o
 .text.AnalogSetDefault
                0x000000d8       0x60 .\CortexM3\ARM_GCC_541\Debug\cyfitter_cfg.o
 .text.CYMEMZERO
                0x00000138        0xc .\CortexM3\ARM_GCC_541\Debug\cyfitter_cfg.o
 .text.ClockSetup
                0x00000144       0x9c .\CortexM3\ARM_GCC_541\Debug\cyfitter_cfg.o
 .text.CYCONFIGCPY
                0x000001e0        0x8 .\CortexM3\ARM_GCC_541\Debug\cyfitter_cfg.o
 .text.cyfitter_cfg
                0x000001e8       0xec .\CortexM3\ARM_GCC_541\Debug\cyfitter_cfg.o
                0x000001e8                cyfitter_cfg
 .text.IntDefaultHandler
                0x000002d4       0x10 .\CortexM3\ARM_GCC_541\Debug\Cm3Start.o
                0x000002d4                IntDefaultHandler
 .text.Start_c  0x000002e4       0x4c .\CortexM3\ARM_GCC_541\Debug\Cm3Start.o
                0x000002e4                Start_c
 .text.initialize_psoc
                0x00000330       0x68 .\CortexM3\ARM_GCC_541\Debug\Cm3Start.o
                0x00000330                initialize_psoc
 .text.Comp_1_Enable
                0x00000398       0x1c .\CortexM3\ARM_GCC_541\Debug\Capteur_LDR.a(Comp_1.o)
                0x00000398                Comp_1_Enable
 .text.Comp_1_SetSpeed
                0x000003b4       0x58 .\CortexM3\ARM_GCC_541\Debug\Capteur_LDR.a(Comp_1.o)
                0x000003b4                Comp_1_SetSpeed
 .text.Comp_1_Init
                0x0000040c       0x3c .\CortexM3\ARM_GCC_541\Debug\Capteur_LDR.a(Comp_1.o)
                0x0000040c                Comp_1_Init
 .text.Comp_1_Start
                0x00000448       0x1c .\CortexM3\ARM_GCC_541\Debug\Capteur_LDR.a(Comp_1.o)
                0x00000448                Comp_1_Start
 .text.IDAC8_Enable
                0x00000464       0x1c .\CortexM3\ARM_GCC_541\Debug\Capteur_LDR.a(IDAC8.o)
                0x00000464                IDAC8_Enable
 .text.IDAC8_SetSpeed
                0x00000480       0x1c .\CortexM3\ARM_GCC_541\Debug\Capteur_LDR.a(IDAC8.o)
                0x00000480                IDAC8_SetSpeed
 .text.IDAC8_SetValue
                0x0000049c        0xc .\CortexM3\ARM_GCC_541\Debug\Capteur_LDR.a(IDAC8.o)
                0x0000049c                IDAC8_SetValue
 .text.IDAC8_DacTrim
                0x000004a8       0x34 .\CortexM3\ARM_GCC_541\Debug\Capteur_LDR.a(IDAC8.o)
                0x000004a8                IDAC8_DacTrim
 .text.IDAC8_Init
                0x000004dc       0x24 .\CortexM3\ARM_GCC_541\Debug\Capteur_LDR.a(IDAC8.o)
                0x000004dc                IDAC8_Init
 .text.IDAC8_Start
                0x00000500       0x24 .\CortexM3\ARM_GCC_541\Debug\Capteur_LDR.a(IDAC8.o)
                0x00000500                IDAC8_Start
 .text.VDAC8_2_Enable
                0x00000524       0x1c .\CortexM3\ARM_GCC_541\Debug\Capteur_LDR.a(VDAC8_2.o)
                0x00000524                VDAC8_2_Enable
 .text.VDAC8_2_SetSpeed
                0x00000540       0x1c .\CortexM3\ARM_GCC_541\Debug\Capteur_LDR.a(VDAC8_2.o)
                0x00000540                VDAC8_2_SetSpeed
 .text.VDAC8_2_SetValue
                0x0000055c        0xc .\CortexM3\ARM_GCC_541\Debug\Capteur_LDR.a(VDAC8_2.o)
                0x0000055c                VDAC8_2_SetValue
 .text.VDAC8_2_DacTrim
                0x00000568       0x24 .\CortexM3\ARM_GCC_541\Debug\Capteur_LDR.a(VDAC8_2.o)
                0x00000568                VDAC8_2_DacTrim
 .text.VDAC8_2_SetRange
                0x0000058c       0x20 .\CortexM3\ARM_GCC_541\Debug\Capteur_LDR.a(VDAC8_2.o)
                0x0000058c                VDAC8_2_SetRange
 .text.VDAC8_2_Init
                0x000005ac       0x20 .\CortexM3\ARM_GCC_541\Debug\Capteur_LDR.a(VDAC8_2.o)
                0x000005ac                VDAC8_2_Init
 .text.VDAC8_2_Start
                0x000005cc       0x24 .\CortexM3\ARM_GCC_541\Debug\Capteur_LDR.a(VDAC8_2.o)
                0x000005cc                VDAC8_2_Start
 .text.Comp_2_Enable
                0x000005f0       0x1c .\CortexM3\ARM_GCC_541\Debug\Capteur_LDR.a(Comp_2.o)
                0x000005f0                Comp_2_Enable
 .text.Comp_2_SetSpeed
                0x0000060c       0x58 .\CortexM3\ARM_GCC_541\Debug\Capteur_LDR.a(Comp_2.o)
                0x0000060c                Comp_2_SetSpeed
 .text.Comp_2_Init
                0x00000664       0x3c .\CortexM3\ARM_GCC_541\Debug\Capteur_LDR.a(Comp_2.o)
                0x00000664                Comp_2_Init
 .text.Comp_2_Start
                0x000006a0       0x1c .\CortexM3\ARM_GCC_541\Debug\Capteur_LDR.a(Comp_2.o)
                0x000006a0                Comp_2_Start
 .text.VDAC8_1_Enable
                0x000006bc       0x1c .\CortexM3\ARM_GCC_541\Debug\Capteur_LDR.a(VDAC8_1.o)
                0x000006bc                VDAC8_1_Enable
 .text.VDAC8_1_SetSpeed
                0x000006d8       0x1c .\CortexM3\ARM_GCC_541\Debug\Capteur_LDR.a(VDAC8_1.o)
                0x000006d8                VDAC8_1_SetSpeed
 .text.VDAC8_1_SetValue
                0x000006f4        0xc .\CortexM3\ARM_GCC_541\Debug\Capteur_LDR.a(VDAC8_1.o)
                0x000006f4                VDAC8_1_SetValue
 .text.VDAC8_1_DacTrim
                0x00000700       0x24 .\CortexM3\ARM_GCC_541\Debug\Capteur_LDR.a(VDAC8_1.o)
                0x00000700                VDAC8_1_DacTrim
 .text.VDAC8_1_SetRange
                0x00000724       0x20 .\CortexM3\ARM_GCC_541\Debug\Capteur_LDR.a(VDAC8_1.o)
                0x00000724                VDAC8_1_SetRange
 .text.VDAC8_1_Init
                0x00000744       0x20 .\CortexM3\ARM_GCC_541\Debug\Capteur_LDR.a(VDAC8_1.o)
                0x00000744                VDAC8_1_Init
 .text.VDAC8_1_Start
                0x00000764       0x24 .\CortexM3\ARM_GCC_541\Debug\Capteur_LDR.a(VDAC8_1.o)
                0x00000764                VDAC8_1_Start
 .text          0x00000788       0x20 .\CortexM3\ARM_GCC_541\Debug\Capteur_LDR.a(CyBootAsmGnu.o)
                0x00000788                CyDelayCycles
                0x00000798                CyEnterCriticalSection
                0x000007a0                CyExitCriticalSection
 .text.__errno  0x000007a8        0xc d:/program files (x86)/cypress/psoc creator/4.4/psoc creator/import/gnu/arm/5.4.1/bin/../lib/gcc/arm-none-eabi/5.4.1/../../../../arm-none-eabi/lib/armv7-m\libg_nano.a(lib_a-errno.o)
                0x000007a8                __errno
 .text.__libc_init_array
                0x000007b4       0x4c d:/program files (x86)/cypress/psoc creator/4.4/psoc creator/import/gnu/arm/5.4.1/bin/../lib/gcc/arm-none-eabi/5.4.1/../../../../arm-none-eabi/lib/armv7-m\libg_nano.a(lib_a-init.o)
                0x000007b4                __libc_init_array
 .text.memcpy   0x00000800       0x16 d:/program files (x86)/cypress/psoc creator/4.4/psoc creator/import/gnu/arm/5.4.1/bin/../lib/gcc/arm-none-eabi/5.4.1/../../../../arm-none-eabi/lib/armv7-m\libg_nano.a(lib_a-memcpy-stub.o)
                0x00000800                memcpy
 .text.memset   0x00000816       0x10 d:/program files (x86)/cypress/psoc creator/4.4/psoc creator/import/gnu/arm/5.4.1/bin/../lib/gcc/arm-none-eabi/5.4.1/../../../../arm-none-eabi/lib/armv7-m\libg_nano.a(lib_a-memset.o)
                0x00000816                memset
 *(.plt)
 *(.gnu.warning)
 *(.glue_7t)
 .glue_7t       0x00000826        0x0 linker stubs
 *(.glue_7)
 .glue_7        0x00000826        0x0 linker stubs
 *(.vfp11_veneer)
 .vfp11_veneer  0x00000826        0x0 linker stubs
 *(.bootloader)
 *(.ARM.extab* .gnu.linkonce.armextab.*)
 *(.gcc_except_table)

.v4_bx          0x00000828        0x0
 .v4_bx         0x00000828        0x0 linker stubs

.iplt           0x00000828        0x0
 .iplt          0x00000828        0x0 d:/program files (x86)/cypress/psoc creator/4.4/psoc creator/import/gnu/arm/5.4.1/bin/../lib/gcc/arm-none-eabi/5.4.1/armv7-m/crtbegin.o

.eh_frame_hdr
 *(.eh_frame_hdr)

.eh_frame       0x00000828        0x4
 *(.eh_frame)
 .eh_frame      0x00000828        0x0 d:/program files (x86)/cypress/psoc creator/4.4/psoc creator/import/gnu/arm/5.4.1/bin/../lib/gcc/arm-none-eabi/5.4.1/armv7-m/crtbegin.o
 .eh_frame      0x00000828        0x4 d:/program files (x86)/cypress/psoc creator/4.4/psoc creator/import/gnu/arm/5.4.1/bin/../lib/gcc/arm-none-eabi/5.4.1/armv7-m/crtend.o
                [!provide]                PROVIDE (__exidx_start, .)

.ARM.exidx
 *(.ARM.exidx* .gnu.linkonce.armexidx.*)
                0x0000082c                __exidx_end = .

.rodata         0x0000082c       0x6c
 *(.rodata .rodata.* .gnu.linkonce.r.*)
 .rodata        0x0000082c       0x30 .\CortexM3\ARM_GCC_541\Debug\cyfitter_cfg.o
 .rodata.str1.1
                0x0000085c        0x2 d:/program files (x86)/cypress/psoc creator/4.4/psoc creator/import/gnu/arm/5.4.1/bin/../lib/gcc/arm-none-eabi/5.4.1/../../../../arm-none-eabi/lib/armv7-m\libg_nano.a(lib_a-impure.o)
                0x00000860                . = ALIGN (0x4)
 *fill*         0x0000085e        0x2 
 *(.init)
 .init          0x00000860        0x4 d:/program files (x86)/cypress/psoc creator/4.4/psoc creator/import/gnu/arm/5.4.1/bin/../lib/gcc/arm-none-eabi/5.4.1/armv7-m/crti.o
                0x00000860                _init
 .init          0x00000864        0x8 d:/program files (x86)/cypress/psoc creator/4.4/psoc creator/import/gnu/arm/5.4.1/bin/../lib/gcc/arm-none-eabi/5.4.1/armv7-m/crtn.o
                0x0000086c                . = ALIGN (0x4)
                0x0000086c                __preinit_array_start = .
 *(.preinit_array)
                0x0000086c                __preinit_array_end = .
                0x0000086c                . = ALIGN (0x4)
                0x0000086c                __init_array_start = .
 *(SORT(.init_array.*))
 *(.init_array)
 .init_array    0x0000086c        0x4 d:/program files (x86)/cypress/psoc creator/4.4/psoc creator/import/gnu/arm/5.4.1/bin/../lib/gcc/arm-none-eabi/5.4.1/armv7-m/crtbegin.o
 .init_array    0x00000870        0x4 .\CortexM3\ARM_GCC_541\Debug\Cm3Start.o
                0x00000874                __init_array_end = .
                0x00000874                . = ALIGN (0x4)
 *(.fini)
 .fini          0x00000874        0x4 d:/program files (x86)/cypress/psoc creator/4.4/psoc creator/import/gnu/arm/5.4.1/bin/../lib/gcc/arm-none-eabi/5.4.1/armv7-m/crti.o
                0x00000874                _fini
 .fini          0x00000878        0x8 d:/program files (x86)/cypress/psoc creator/4.4/psoc creator/import/gnu/arm/5.4.1/bin/../lib/gcc/arm-none-eabi/5.4.1/armv7-m/crtn.o
                0x00000880                . = ALIGN (0x4)
                0x00000880                __fini_array_start = .
 *(.fini_array)
 .fini_array    0x00000880        0x4 d:/program files (x86)/cypress/psoc creator/4.4/psoc creator/import/gnu/arm/5.4.1/bin/../lib/gcc/arm-none-eabi/5.4.1/armv7-m/crtbegin.o
 *(SORT(.fini_array.*))
                0x00000884                __fini_array_end = .
                0x00000884                . = ALIGN (0x4)
 *crtbegin.o(.ctors)
 *(EXCLUDE_FILE(*crtend.o) .ctors)
 *(SORT(.ctors.*))
 *crtend.o(.ctors)
                0x00000884                . = ALIGN (0x4)
 *crtbegin.o(.dtors)
 *(EXCLUDE_FILE(*crtend.o) .dtors)
 *(SORT(.dtors.*))
 *crtend.o(.dtors)
                0x00000884                . = ALIGN (0x4)
                0x00000884                __cy_regions = .
                0x00000884        0x4 LONG 0x898 __cy_region_init_ram
                0x00000888        0x4 LONG 0x1fff80c8 __cy_region_start_data
                0x0000088c        0x4 LONG 0x68 __cy_region_init_size_ram
                0x00000890        0x4 LONG 0x28 __cy_region_zero_size_ram
                0x00000894                __cy_regions_end = .
                0x00000898                . = ALIGN (0x8)
 *fill*         0x00000894        0x4 
                0x00000898                _etext = .

.cy_checksum_exclude
                0x00000898        0x0
 *(.cy_checksum_exclude)

.ramvectors     0x1fff8000       0xc0
                0x1fff8000                __cy_region_start_ram = .
 *(.ramvectors)
 .ramvectors    0x1fff8000       0xc0 .\CortexM3\ARM_GCC_541\Debug\Cm3Start.o
                0x1fff8000                CyRamVectors

.noinit         0x1fff80c0        0x1
 *(.noinit)
 .noinit        0x1fff80c0        0x1 .\CortexM3\ARM_GCC_541\Debug\Capteur_LDR.a(CyLib.o)
                0x1fff80c0                CyResetStatus

.data           0x1fff80c8       0x68 load address 0x00000898
                0x1fff80c8                __cy_region_start_data = .
 *(.jcr)
 .jcr           0x1fff80c8        0x0 d:/program files (x86)/cypress/psoc creator/4.4/psoc creator/import/gnu/arm/5.4.1/bin/../lib/gcc/arm-none-eabi/5.4.1/armv7-m/crtbegin.o
 .jcr           0x1fff80c8        0x4 d:/program files (x86)/cypress/psoc creator/4.4/psoc creator/import/gnu/arm/5.4.1/bin/../lib/gcc/arm-none-eabi/5.4.1/armv7-m/crtend.o
 *(.got.plt)
 *(.got)
 *(.shdata)
 *(.data .data.* .gnu.linkonce.d.*)
 .data.impure_data
                0x1fff80cc       0x60 d:/program files (x86)/cypress/psoc creator/4.4/psoc creator/import/gnu/arm/5.4.1/bin/../lib/gcc/arm-none-eabi/5.4.1/../../../../arm-none-eabi/lib/armv7-m\libg_nano.a(lib_a-impure.o)
 .data._impure_ptr
                0x1fff812c        0x4 d:/program files (x86)/cypress/psoc creator/4.4/psoc creator/import/gnu/arm/5.4.1/bin/../lib/gcc/arm-none-eabi/5.4.1/../../../../arm-none-eabi/lib/armv7-m\libg_nano.a(lib_a-impure.o)
                0x1fff812c                _impure_ptr
                0x1fff8130                . = ALIGN (0x8)
 *(.ram)
                0x1fff8130                _edata = .

.igot.plt       0x1fff8130        0x0 load address 0x00000900
 .igot.plt      0x1fff8130        0x0 d:/program files (x86)/cypress/psoc creator/4.4/psoc creator/import/gnu/arm/5.4.1/bin/../lib/gcc/arm-none-eabi/5.4.1/armv7-m/crtbegin.o

.bss            0x1fff8130       0x28 load address 0x00000900
                0x1fff8130                PROVIDE (__bss_start__, .)
 *(.shbss)
 *(.bss .bss.* .gnu.linkonce.b.*)
 .bss           0x1fff8130       0x1c d:/program files (x86)/cypress/psoc creator/4.4/psoc creator/import/gnu/arm/5.4.1/bin/../lib/gcc/arm-none-eabi/5.4.1/armv7-m/crtbegin.o
 .bss           0x1fff814c        0x1 .\CortexM3\ARM_GCC_541\Debug\Capteur_LDR.a(Comp_1.o)
                0x1fff814c                Comp_1_initVar
 .bss           0x1fff814d        0x1 .\CortexM3\ARM_GCC_541\Debug\Capteur_LDR.a(IDAC8.o)
                0x1fff814d                IDAC8_initVar
 .bss           0x1fff814e        0x1 .\CortexM3\ARM_GCC_541\Debug\Capteur_LDR.a(VDAC8_2.o)
                0x1fff814e                VDAC8_2_initVar
 .bss           0x1fff814f        0x1 .\CortexM3\ARM_GCC_541\Debug\Capteur_LDR.a(Comp_2.o)
                0x1fff814f                Comp_2_initVar
 .bss           0x1fff8150        0x1 .\CortexM3\ARM_GCC_541\Debug\Capteur_LDR.a(VDAC8_1.o)
                0x1fff8150                VDAC8_1_initVar
 *(COMMON)
                0x1fff8158                . = ALIGN (0x8)
 *fill*         0x1fff8151        0x7 
 *(.ram.b)
                0x1fff8158                _end = .
                0x1fff8158                __end = .
                0x1fff8158                PROVIDE (end, .)
                0x1fff8158                PROVIDE (__bss_end__, .)
                0x00000898                __cy_region_init_ram = LOADADDR (.data)
                0x00000068                __cy_region_init_size_ram = (_edata - ADDR (.data))
                0x00000028                __cy_region_zero_size_ram = (_end - _edata)

.heap           0x1fff8158       0x80 load address 0x00000900
                0x1fff8158                . = _end
                0x1fff81d8                . = (. + 0x80)
 *fill*         0x1fff8158       0x80 
                0x1fff81d8                __cy_heap_limit = .

.stack          0x20007800      0x800
                0x20007800                __cy_stack_limit = .
                0x20008000                . = (. + 0x800)
 *fill*         0x20007800      0x800 
                0x00000001                ASSERT ((__cy_stack_limit >= __cy_heap_limit), region RAM overflowed with stack)
                0x00000000                cy_checksum_exclude_size = (CY_APPL_LOADABLE == 0x1)?SIZEOF (.cy_checksum_exclude):0x0
                0x00000001                ASSERT ((cy_checksum_exclude_size <= CY_CHECKSUM_EXCLUDE_SIZE), CY_BOOT: Section .cy_checksum_exclude size exceedes specified limit.)

.cyloadermeta
 *(.cyloadermeta)

.cyloadablemeta
 *(.cyloadablemeta)

.cyconfigecc    0x80000000       0x44
 *(.cyconfigecc)
 .cyconfigecc   0x80000000       0x44 .\CortexM3\ARM_GCC_541\Debug\cymetadata.o
                0x80000000                cy_meta_configecc

.cycustnvl      0x90000000        0x4
 *(.cycustnvl)
 .cycustnvl     0x90000000        0x4 .\CortexM3\ARM_GCC_541\Debug\cymetadata.o
                0x90000000                cy_meta_custnvl

.cywolatch      0x90100000        0x4
 *(.cywolatch)
 .cywolatch     0x90100000        0x4 .\CortexM3\ARM_GCC_541\Debug\cymetadata.o
                0x90100000                cy_meta_wonvl

.cyeeprom       0x90200000        0x0
 *(.cyeeprom)
                0x00000001                ASSERT ((. <= ((0x90200000 + ee_offset) + ee_size)), .cyeeprom data will not fit in EEPROM)

.cyflashprotect
                0x90400000      0x100
 *(.cyflashprotect)
 .cyflashprotect
                0x90400000      0x100 .\CortexM3\ARM_GCC_541\Debug\cymetadata.o
                0x90400000                cy_meta_flashprotect

.cymeta         0x90500000        0xc
 *(.cymeta)
 .cymeta        0x90500000        0xc .\CortexM3\ARM_GCC_541\Debug\cymetadata.o
                0x90500000                cy_metadata

.rel.dyn        0x00000900        0x0 load address 0x9050000c
 .rel.iplt      0x00000900        0x0 d:/program files (x86)/cypress/psoc creator/4.4/psoc creator/import/gnu/arm/5.4.1/bin/../lib/gcc/arm-none-eabi/5.4.1/armv7-m/crtbegin.o

.stab
 *(.stab)

.stabstr
 *(.stabstr)

.debug
 *(.debug)

.line
 *(.line)

.debug_srcinfo
 *(.debug_srcinfo)

.debug_sfnames
 *(.debug_sfnames)

.debug_aranges  0x00000000      0x728
 *(.debug_aranges)
 .debug_aranges
                0x00000000       0x20 .\CortexM3\ARM_GCC_541\Debug\main.o
 .debug_aranges
                0x00000020       0x58 .\CortexM3\ARM_GCC_541\Debug\cyfitter_cfg.o
 .debug_aranges
                0x00000078       0x18 .\CortexM3\ARM_GCC_541\Debug\cymetadata.o
 .debug_aranges
                0x00000090       0x48 .\CortexM3\ARM_GCC_541\Debug\Cm3Start.o
 .debug_aranges
                0x000000d8       0x70 .\CortexM3\ARM_GCC_541\Debug\Capteur_LDR.a(Comp_1.o)
 .debug_aranges
                0x00000148       0x60 .\CortexM3\ARM_GCC_541\Debug\Capteur_LDR.a(IDAC8.o)
 .debug_aranges
                0x000001a8       0x58 .\CortexM3\ARM_GCC_541\Debug\Capteur_LDR.a(VDAC8_2.o)
 .debug_aranges
                0x00000200       0x70 .\CortexM3\ARM_GCC_541\Debug\Capteur_LDR.a(Comp_2.o)
 .debug_aranges
                0x00000270       0x58 .\CortexM3\ARM_GCC_541\Debug\Capteur_LDR.a(VDAC8_1.o)
 .debug_aranges
                0x000002c8      0x2a0 .\CortexM3\ARM_GCC_541\Debug\Capteur_LDR.a(CyLib.o)
 .debug_aranges
                0x00000568       0x98 .\CortexM3\ARM_GCC_541\Debug\Capteur_LDR.a(cyPm.o)
 .debug_aranges
                0x00000600       0x20 .\CortexM3\ARM_GCC_541\Debug\Capteur_LDR.a(CyBootAsmGnu.o)
 .debug_aranges
                0x00000620       0x88 .\CortexM3\ARM_GCC_541\Debug\Capteur_LDR.a(CyFlash.o)
 .debug_aranges
                0x000006a8       0x80 .\CortexM3\ARM_GCC_541\Debug\Capteur_LDR.a(CySpc.o)

.debug_pubnames
 *(.debug_pubnames)

.debug_info     0x00000000     0x401f
 *(.debug_info .gnu.linkonce.wi.*)
 .debug_info    0x00000000      0x134 .\CortexM3\ARM_GCC_541\Debug\main.o
 .debug_info    0x00000134      0x4cc .\CortexM3\ARM_GCC_541\Debug\cyfitter_cfg.o
 .debug_info    0x00000600      0x134 .\CortexM3\ARM_GCC_541\Debug\cymetadata.o
 .debug_info    0x00000734      0x3bb .\CortexM3\ARM_GCC_541\Debug\Cm3Start.o
 .debug_info    0x00000aef      0x2c8 .\CortexM3\ARM_GCC_541\Debug\Capteur_LDR.a(Comp_1.o)
 .debug_info    0x00000db7      0x20a .\CortexM3\ARM_GCC_541\Debug\Capteur_LDR.a(IDAC8.o)
 .debug_info    0x00000fc1      0x1df .\CortexM3\ARM_GCC_541\Debug\Capteur_LDR.a(VDAC8_2.o)
 .debug_info    0x000011a0      0x2c8 .\CortexM3\ARM_GCC_541\Debug\Capteur_LDR.a(Comp_2.o)
 .debug_info    0x00001468      0x1df .\CortexM3\ARM_GCC_541\Debug\Capteur_LDR.a(VDAC8_1.o)
 .debug_info    0x00001647     0x1374 .\CortexM3\ARM_GCC_541\Debug\Capteur_LDR.a(CyLib.o)
 .debug_info    0x000029bb      0xa2a .\CortexM3\ARM_GCC_541\Debug\Capteur_LDR.a(cyPm.o)
 .debug_info    0x000033e5       0x9d .\CortexM3\ARM_GCC_541\Debug\Capteur_LDR.a(CyBootAsmGnu.o)
 .debug_info    0x00003482      0x64d .\CortexM3\ARM_GCC_541\Debug\Capteur_LDR.a(CyFlash.o)
 .debug_info    0x00003acf      0x550 .\CortexM3\ARM_GCC_541\Debug\Capteur_LDR.a(CySpc.o)

.debug_abbrev   0x00000000     0x11eb
 *(.debug_abbrev)
 .debug_abbrev  0x00000000       0x8a .\CortexM3\ARM_GCC_541\Debug\main.o
 .debug_abbrev  0x0000008a      0x1fe .\CortexM3\ARM_GCC_541\Debug\cyfitter_cfg.o
 .debug_abbrev  0x00000288       0x5d .\CortexM3\ARM_GCC_541\Debug\cymetadata.o
 .debug_abbrev  0x000002e5      0x1e8 .\CortexM3\ARM_GCC_541\Debug\Cm3Start.o
 .debug_abbrev  0x000004cd      0x16e .\CortexM3\ARM_GCC_541\Debug\Capteur_LDR.a(Comp_1.o)
 .debug_abbrev  0x0000063b      0x106 .\CortexM3\ARM_GCC_541\Debug\Capteur_LDR.a(IDAC8.o)
 .debug_abbrev  0x00000741       0xf7 .\CortexM3\ARM_GCC_541\Debug\Capteur_LDR.a(VDAC8_2.o)
 .debug_abbrev  0x00000838      0x16e .\CortexM3\ARM_GCC_541\Debug\Capteur_LDR.a(Comp_2.o)
 .debug_abbrev  0x000009a6       0xf7 .\CortexM3\ARM_GCC_541\Debug\Capteur_LDR.a(VDAC8_1.o)
 .debug_abbrev  0x00000a9d      0x254 .\CortexM3\ARM_GCC_541\Debug\Capteur_LDR.a(CyLib.o)
 .debug_abbrev  0x00000cf1      0x1ab .\CortexM3\ARM_GCC_541\Debug\Capteur_LDR.a(cyPm.o)
 .debug_abbrev  0x00000e9c       0x14 .\CortexM3\ARM_GCC_541\Debug\Capteur_LDR.a(CyBootAsmGnu.o)
 .debug_abbrev  0x00000eb0      0x1a7 .\CortexM3\ARM_GCC_541\Debug\Capteur_LDR.a(CyFlash.o)
 .debug_abbrev  0x00001057      0x194 .\CortexM3\ARM_GCC_541\Debug\Capteur_LDR.a(CySpc.o)

.debug_line     0x00000000     0x1cd5
 *(.debug_line)
 .debug_line    0x00000000      0x19b .\CortexM3\ARM_GCC_541\Debug\main.o
 .debug_line    0x0000019b      0x1de .\CortexM3\ARM_GCC_541\Debug\cyfitter_cfg.o
 .debug_line    0x00000379      0x141 .\CortexM3\ARM_GCC_541\Debug\cymetadata.o
 .debug_line    0x000004ba      0x234 .\CortexM3\ARM_GCC_541\Debug\Cm3Start.o
 .debug_line    0x000006ee      0x165 .\CortexM3\ARM_GCC_541\Debug\Capteur_LDR.a(Comp_1.o)
 .debug_line    0x00000853       0xf8 .\CortexM3\ARM_GCC_541\Debug\Capteur_LDR.a(IDAC8.o)
 .debug_line    0x0000094b       0xe4 .\CortexM3\ARM_GCC_541\Debug\Capteur_LDR.a(VDAC8_2.o)
 .debug_line    0x00000a2f      0x165 .\CortexM3\ARM_GCC_541\Debug\Capteur_LDR.a(Comp_2.o)
 .debug_line    0x00000b94       0xe4 .\CortexM3\ARM_GCC_541\Debug\Capteur_LDR.a(VDAC8_1.o)
 .debug_line    0x00000c78      0x816 .\CortexM3\ARM_GCC_541\Debug\Capteur_LDR.a(CyLib.o)
 .debug_line    0x0000148e      0x367 .\CortexM3\ARM_GCC_541\Debug\Capteur_LDR.a(cyPm.o)
 .debug_line    0x000017f5       0x66 .\CortexM3\ARM_GCC_541\Debug\Capteur_LDR.a(CyBootAsmGnu.o)
 .debug_line    0x0000185b      0x21a .\CortexM3\ARM_GCC_541\Debug\Capteur_LDR.a(CyFlash.o)
 .debug_line    0x00001a75      0x260 .\CortexM3\ARM_GCC_541\Debug\Capteur_LDR.a(CySpc.o)

.debug_frame    0x00000000     0x1310
 *(.debug_frame)
 .debug_frame   0x00000000       0x2c .\CortexM3\ARM_GCC_541\Debug\main.o
 .debug_frame   0x0000002c       0xe4 .\CortexM3\ARM_GCC_541\Debug\cyfitter_cfg.o
 .debug_frame   0x00000110       0xb8 .\CortexM3\ARM_GCC_541\Debug\Cm3Start.o
 .debug_frame   0x000001c8      0x108 .\CortexM3\ARM_GCC_541\Debug\Capteur_LDR.a(Comp_1.o)
 .debug_frame   0x000002d0       0xd0 .\CortexM3\ARM_GCC_541\Debug\Capteur_LDR.a(IDAC8.o)
 .debug_frame   0x000003a0       0xb4 .\CortexM3\ARM_GCC_541\Debug\Capteur_LDR.a(VDAC8_2.o)
 .debug_frame   0x00000454      0x108 .\CortexM3\ARM_GCC_541\Debug\Capteur_LDR.a(Comp_2.o)
 .debug_frame   0x0000055c       0xb4 .\CortexM3\ARM_GCC_541\Debug\Capteur_LDR.a(VDAC8_1.o)
 .debug_frame   0x00000610      0x738 .\CortexM3\ARM_GCC_541\Debug\Capteur_LDR.a(CyLib.o)
 .debug_frame   0x00000d48      0x1f8 .\CortexM3\ARM_GCC_541\Debug\Capteur_LDR.a(cyPm.o)
 .debug_frame   0x00000f40      0x194 .\CortexM3\ARM_GCC_541\Debug\Capteur_LDR.a(CyFlash.o)
 .debug_frame   0x000010d4      0x180 .\CortexM3\ARM_GCC_541\Debug\Capteur_LDR.a(CySpc.o)
 .debug_frame   0x00001254       0x20 d:/program files (x86)/cypress/psoc creator/4.4/psoc creator/import/gnu/arm/5.4.1/bin/../lib/gcc/arm-none-eabi/5.4.1/../../../../arm-none-eabi/lib/armv7-m\libg_nano.a(lib_a-errno.o)
 .debug_frame   0x00001274       0x28 d:/program files (x86)/cypress/psoc creator/4.4/psoc creator/import/gnu/arm/5.4.1/bin/../lib/gcc/arm-none-eabi/5.4.1/../../../../arm-none-eabi/lib/armv7-m\libg_nano.a(lib_a-exit.o)
 .debug_frame   0x0000129c       0x2c d:/program files (x86)/cypress/psoc creator/4.4/psoc creator/import/gnu/arm/5.4.1/bin/../lib/gcc/arm-none-eabi/5.4.1/../../../../arm-none-eabi/lib/armv7-m\libg_nano.a(lib_a-init.o)
 .debug_frame   0x000012c8       0x28 d:/program files (x86)/cypress/psoc creator/4.4/psoc creator/import/gnu/arm/5.4.1/bin/../lib/gcc/arm-none-eabi/5.4.1/../../../../arm-none-eabi/lib/armv7-m\libg_nano.a(lib_a-memcpy-stub.o)
 .debug_frame   0x000012f0       0x20 d:/program files (x86)/cypress/psoc creator/4.4/psoc creator/import/gnu/arm/5.4.1/bin/../lib/gcc/arm-none-eabi/5.4.1/../../../../arm-none-eabi/lib/armv7-m\libg_nano.a(lib_a-memset.o)

.debug_str      0x00000000     0x170b
 *(.debug_str)
 .debug_str     0x00000000      0x1ad .\CortexM3\ARM_GCC_541\Debug\main.o
                                0x1f5 (size before relaxing)
 .debug_str     0x000001ad      0x187 .\CortexM3\ARM_GCC_541\Debug\cyfitter_cfg.o
                                0x31c (size before relaxing)
 .debug_str     0x00000334       0x7f .\CortexM3\ARM_GCC_541\Debug\cymetadata.o
                                0x1f1 (size before relaxing)
 .debug_str     0x000003b3      0x144 .\CortexM3\ARM_GCC_541\Debug\Cm3Start.o
                                0x317 (size before relaxing)
 .debug_str     0x000004f7      0x137 .\CortexM3\ARM_GCC_541\Debug\Capteur_LDR.a(Comp_1.o)
                                0x2e5 (size before relaxing)
 .debug_str     0x0000062e       0xb1 .\CortexM3\ARM_GCC_541\Debug\Capteur_LDR.a(IDAC8.o)
                                0x247 (size before relaxing)
 .debug_str     0x000006df       0x9d .\CortexM3\ARM_GCC_541\Debug\Capteur_LDR.a(VDAC8_2.o)
                                0x240 (size before relaxing)
 .debug_str     0x0000077c       0xe1 .\CortexM3\ARM_GCC_541\Debug\Capteur_LDR.a(Comp_2.o)
                                0x2e5 (size before relaxing)
 .debug_str     0x0000085d       0x9d .\CortexM3\ARM_GCC_541\Debug\Capteur_LDR.a(VDAC8_1.o)
                                0x240 (size before relaxing)
 .debug_str     0x000008fa      0x845 .\CortexM3\ARM_GCC_541\Debug\Capteur_LDR.a(CyLib.o)
                                0xa54 (size before relaxing)
 .debug_str     0x0000113f      0x365 .\CortexM3\ARM_GCC_541\Debug\Capteur_LDR.a(cyPm.o)
                                0x740 (size before relaxing)
 .debug_str     0x000014a4      0x1bb .\CortexM3\ARM_GCC_541\Debug\Capteur_LDR.a(CyFlash.o)
                                0x3cd (size before relaxing)
 .debug_str     0x0000165f       0xac .\CortexM3\ARM_GCC_541\Debug\Capteur_LDR.a(CySpc.o)
                                0x345 (size before relaxing)

.debug_loc      0x00000000     0x1d09
 *(.debug_loc)
 .debug_loc     0x00000000      0x1d7 .\CortexM3\ARM_GCC_541\Debug\cyfitter_cfg.o
 .debug_loc     0x000001d7      0x144 .\CortexM3\ARM_GCC_541\Debug\Cm3Start.o
 .debug_loc     0x0000031b       0xed .\CortexM3\ARM_GCC_541\Debug\Capteur_LDR.a(Comp_1.o)
 .debug_loc     0x00000408       0x76 .\CortexM3\ARM_GCC_541\Debug\Capteur_LDR.a(IDAC8.o)
 .debug_loc     0x0000047e       0x79 .\CortexM3\ARM_GCC_541\Debug\Capteur_LDR.a(VDAC8_2.o)
 .debug_loc     0x000004f7       0xed .\CortexM3\ARM_GCC_541\Debug\Capteur_LDR.a(Comp_2.o)
 .debug_loc     0x000005e4       0x79 .\CortexM3\ARM_GCC_541\Debug\Capteur_LDR.a(VDAC8_1.o)
 .debug_loc     0x0000065d      0xa11 .\CortexM3\ARM_GCC_541\Debug\Capteur_LDR.a(CyLib.o)
 .debug_loc     0x0000106e      0x1e4 .\CortexM3\ARM_GCC_541\Debug\Capteur_LDR.a(cyPm.o)
 .debug_loc     0x00001252      0x3b2 .\CortexM3\ARM_GCC_541\Debug\Capteur_LDR.a(CyFlash.o)
 .debug_loc     0x00001604      0x705 .\CortexM3\ARM_GCC_541\Debug\Capteur_LDR.a(CySpc.o)

.debug_macinfo
 *(.debug_macinfo)

.debug_ranges   0x00000000      0x630
 *(.debug_ranges)
 .debug_ranges  0x00000000       0x10 .\CortexM3\ARM_GCC_541\Debug\main.o
 .debug_ranges  0x00000010       0x48 .\CortexM3\ARM_GCC_541\Debug\cyfitter_cfg.o
 .debug_ranges  0x00000058       0x38 .\CortexM3\ARM_GCC_541\Debug\Cm3Start.o
 .debug_ranges  0x00000090       0x60 .\CortexM3\ARM_GCC_541\Debug\Capteur_LDR.a(Comp_1.o)
 .debug_ranges  0x000000f0       0x50 .\CortexM3\ARM_GCC_541\Debug\Capteur_LDR.a(IDAC8.o)
 .debug_ranges  0x00000140       0x48 .\CortexM3\ARM_GCC_541\Debug\Capteur_LDR.a(VDAC8_2.o)
 .debug_ranges  0x00000188       0x60 .\CortexM3\ARM_GCC_541\Debug\Capteur_LDR.a(Comp_2.o)
 .debug_ranges  0x000001e8       0x48 .\CortexM3\ARM_GCC_541\Debug\Capteur_LDR.a(VDAC8_1.o)
 .debug_ranges  0x00000230      0x290 .\CortexM3\ARM_GCC_541\Debug\Capteur_LDR.a(CyLib.o)
 .debug_ranges  0x000004c0       0x88 .\CortexM3\ARM_GCC_541\Debug\Capteur_LDR.a(cyPm.o)
 .debug_ranges  0x00000548       0x78 .\CortexM3\ARM_GCC_541\Debug\Capteur_LDR.a(CyFlash.o)
 .debug_ranges  0x000005c0       0x70 .\CortexM3\ARM_GCC_541\Debug\Capteur_LDR.a(CySpc.o)

.comment        0x00000000       0x6e
 .comment       0x00000000       0x6e .\CortexM3\ARM_GCC_541\Debug\main.o
                                 0x6f (size before relaxing)
 .comment       0x0000006e       0x6f .\CortexM3\ARM_GCC_541\Debug\cyfitter_cfg.o
 .comment       0x0000006e       0x6f .\CortexM3\ARM_GCC_541\Debug\cymetadata.o
 .comment       0x0000006e       0x6f .\CortexM3\ARM_GCC_541\Debug\Cm3Start.o
 .comment       0x0000006e       0x6f .\CortexM3\ARM_GCC_541\Debug\Capteur_LDR.a(Comp_1.o)
 .comment       0x0000006e       0x6f .\CortexM3\ARM_GCC_541\Debug\Capteur_LDR.a(IDAC8.o)
 .comment       0x0000006e       0x6f .\CortexM3\ARM_GCC_541\Debug\Capteur_LDR.a(VDAC8_2.o)
 .comment       0x0000006e       0x6f .\CortexM3\ARM_GCC_541\Debug\Capteur_LDR.a(Comp_2.o)
 .comment       0x0000006e       0x6f .\CortexM3\ARM_GCC_541\Debug\Capteur_LDR.a(VDAC8_1.o)
 .comment       0x0000006e       0x6f .\CortexM3\ARM_GCC_541\Debug\Capteur_LDR.a(CyLib.o)
 .comment       0x0000006e       0x6f .\CortexM3\ARM_GCC_541\Debug\Capteur_LDR.a(cyPm.o)
 .comment       0x0000006e       0x6f .\CortexM3\ARM_GCC_541\Debug\Capteur_LDR.a(CyFlash.o)
 .comment       0x0000006e       0x6f .\CortexM3\ARM_GCC_541\Debug\Capteur_LDR.a(CySpc.o)

.debug_weaknames
 *(.debug_weaknames)

.debug_funcnames
 *(.debug_funcnames)

.debug_typenames
 *(.debug_typenames)

.debug_varnames
 *(.debug_varnames)

.note.gnu.arm.ident
 *(.note.gnu.arm.ident)

.ARM.attributes
                0x00000000       0x29
 *(.ARM.attributes)
 .ARM.attributes
                0x00000000       0x1d d:/program files (x86)/cypress/psoc creator/4.4/psoc creator/import/gnu/arm/5.4.1/bin/../lib/gcc/arm-none-eabi/5.4.1/armv7-m/crti.o
 .ARM.attributes
                0x0000001d       0x2d d:/program files (x86)/cypress/psoc creator/4.4/psoc creator/import/gnu/arm/5.4.1/bin/../lib/gcc/arm-none-eabi/5.4.1/armv7-m/crtbegin.o
 .ARM.attributes
                0x0000004a       0x1b d:/program files (x86)/cypress/psoc creator/4.4/psoc creator/import/gnu/arm/5.4.1/bin/../lib/gcc/arm-none-eabi/5.4.1/../../../../arm-none-eabi/lib/armv7-m/crt0.o
 .ARM.attributes
                0x00000065       0x33 .\CortexM3\ARM_GCC_541\Debug\main.o
 .ARM.attributes
                0x00000098       0x33 .\CortexM3\ARM_GCC_541\Debug\cyfitter_cfg.o
 .ARM.attributes
                0x000000cb       0x33 .\CortexM3\ARM_GCC_541\Debug\cymetadata.o
 .ARM.attributes
                0x000000fe       0x33 .\CortexM3\ARM_GCC_541\Debug\Cm3Start.o
 .ARM.attributes
                0x00000131       0x33 .\CortexM3\ARM_GCC_541\Debug\Capteur_LDR.a(Comp_1.o)
 .ARM.attributes
                0x00000164       0x33 .\CortexM3\ARM_GCC_541\Debug\Capteur_LDR.a(IDAC8.o)
 .ARM.attributes
                0x00000197       0x33 .\CortexM3\ARM_GCC_541\Debug\Capteur_LDR.a(VDAC8_2.o)
 .ARM.attributes
                0x000001ca       0x33 .\CortexM3\ARM_GCC_541\Debug\Capteur_LDR.a(Comp_2.o)
 .ARM.attributes
                0x000001fd       0x33 .\CortexM3\ARM_GCC_541\Debug\Capteur_LDR.a(VDAC8_1.o)
 .ARM.attributes
                0x00000230       0x33 .\CortexM3\ARM_GCC_541\Debug\Capteur_LDR.a(CyLib.o)
 .ARM.attributes
                0x00000263       0x33 .\CortexM3\ARM_GCC_541\Debug\Capteur_LDR.a(cyPm.o)
 .ARM.attributes
                0x00000296       0x21 .\CortexM3\ARM_GCC_541\Debug\Capteur_LDR.a(CyBootAsmGnu.o)
 .ARM.attributes
                0x000002b7       0x33 .\CortexM3\ARM_GCC_541\Debug\Capteur_LDR.a(CyFlash.o)
 .ARM.attributes
                0x000002ea       0x33 .\CortexM3\ARM_GCC_541\Debug\Capteur_LDR.a(CySpc.o)
 .ARM.attributes
                0x0000031d       0x2d d:/program files (x86)/cypress/psoc creator/4.4/psoc creator/import/gnu/arm/5.4.1/bin/../lib/gcc/arm-none-eabi/5.4.1/../../../../arm-none-eabi/lib/armv7-m\libg_nano.a(lib_a-errno.o)
 .ARM.attributes
                0x0000034a       0x2d d:/program files (x86)/cypress/psoc creator/4.4/psoc creator/import/gnu/arm/5.4.1/bin/../lib/gcc/arm-none-eabi/5.4.1/../../../../arm-none-eabi/lib/armv7-m\libg_nano.a(lib_a-exit.o)
 .ARM.attributes
                0x00000377       0x2d d:/program files (x86)/cypress/psoc creator/4.4/psoc creator/import/gnu/arm/5.4.1/bin/../lib/gcc/arm-none-eabi/5.4.1/../../../../arm-none-eabi/lib/armv7-m\libg_nano.a(lib_a-impure.o)
 .ARM.attributes
                0x000003a4       0x2d d:/program files (x86)/cypress/psoc creator/4.4/psoc creator/import/gnu/arm/5.4.1/bin/../lib/gcc/arm-none-eabi/5.4.1/../../../../arm-none-eabi/lib/armv7-m\libg_nano.a(lib_a-init.o)
 .ARM.attributes
                0x000003d1       0x2d d:/program files (x86)/cypress/psoc creator/4.4/psoc creator/import/gnu/arm/5.4.1/bin/../lib/gcc/arm-none-eabi/5.4.1/../../../../arm-none-eabi/lib/armv7-m\libg_nano.a(lib_a-memcpy-stub.o)
 .ARM.attributes
                0x000003fe       0x2d d:/program files (x86)/cypress/psoc creator/4.4/psoc creator/import/gnu/arm/5.4.1/bin/../lib/gcc/arm-none-eabi/5.4.1/../../../../arm-none-eabi/lib/armv7-m\libg_nano.a(lib_a-memset.o)
 .ARM.attributes
                0x0000042b       0x2d d:/program files (x86)/cypress/psoc creator/4.4/psoc creator/import/gnu/arm/5.4.1/bin/../lib/gcc/arm-none-eabi/5.4.1/armv7-m/crtend.o
 .ARM.attributes
                0x00000458       0x1d d:/program files (x86)/cypress/psoc creator/4.4/psoc creator/import/gnu/arm/5.4.1/bin/../lib/gcc/arm-none-eabi/5.4.1/armv7-m/crtn.o

/DISCARD/
 *(.note.GNU-stack)
OUTPUT(D:\Users\Guillaume\Desktop\BE_Capteurs-main\WorkspaceCapteur\Capteur_LDR.cydsn\CortexM3\ARM_GCC_541\Debug\Capteur_LDR.elf elf32-littlearm)
