Archive member included to satisfy reference by file (symbol)

.\CortexM3\ARM_GCC_541\Debug\Capteur_LDR_LCD.a(IDAC8.o)
                              .\CortexM3\ARM_GCC_541\Debug\main.o (IDAC8_Start)
.\CortexM3\ARM_GCC_541\Debug\Capteur_LDR_LCD.a(CyDmac.o)
                              .\CortexM3\ARM_GCC_541\Debug\Cm3Start.o (CyDmacConfigure)
.\CortexM3\ARM_GCC_541\Debug\Capteur_LDR_LCD.a(CyLib.o)
                              .\CortexM3\ARM_GCC_541\Debug\Cm3Start.o (CyHalt)
.\CortexM3\ARM_GCC_541\Debug\Capteur_LDR_LCD.a(cyPm.o)
                              .\CortexM3\ARM_GCC_541\Debug\Capteur_LDR_LCD.a(CyLib.o) (CyPmReadStatus)
.\CortexM3\ARM_GCC_541\Debug\Capteur_LDR_LCD.a(Control_Reg_1.o)
                              .\CortexM3\ARM_GCC_541\Debug\main.o (Control_Reg_1_Write)
.\CortexM3\ARM_GCC_541\Debug\Capteur_LDR_LCD.a(LCD.o)
                              .\CortexM3\ARM_GCC_541\Debug\main.o (LCD_PrintString)
.\CortexM3\ARM_GCC_541\Debug\Capteur_LDR_LCD.a(ADC_SAR_Seq.o)
                              .\CortexM3\ARM_GCC_541\Debug\main.o (ADC_SAR_Seq_Start)
.\CortexM3\ARM_GCC_541\Debug\Capteur_LDR_LCD.a(ADC_SAR_Seq_INT.o)
                              .\CortexM3\ARM_GCC_541\Debug\Capteur_LDR_LCD.a(ADC_SAR_Seq.o) (ADC_SAR_Seq_ISR)
.\CortexM3\ARM_GCC_541\Debug\Capteur_LDR_LCD.a(ADC_SAR_Seq_SAR.o)
                              .\CortexM3\ARM_GCC_541\Debug\Capteur_LDR_LCD.a(ADC_SAR_Seq.o) (ADC_SAR_Seq_SAR_shift)
.\CortexM3\ARM_GCC_541\Debug\Capteur_LDR_LCD.a(ADC_SAR_Seq_TempBuf_dma.o)
                              .\CortexM3\ARM_GCC_541\Debug\Capteur_LDR_LCD.a(ADC_SAR_Seq.o) (ADC_SAR_Seq_TempBuf_DmaInitialize)
.\CortexM3\ARM_GCC_541\Debug\Capteur_LDR_LCD.a(ADC_SAR_Seq_FinalBuf_dma.o)
                              .\CortexM3\ARM_GCC_541\Debug\Capteur_LDR_LCD.a(ADC_SAR_Seq.o) (ADC_SAR_Seq_FinalBuf_DmaInitialize)
.\CortexM3\ARM_GCC_541\Debug\Capteur_LDR_LCD.a(ADC_SAR_Seq_IRQ.o)
                              .\CortexM3\ARM_GCC_541\Debug\Capteur_LDR_LCD.a(ADC_SAR_Seq.o) (ADC_SAR_Seq_IRQ_SetVector)
.\CortexM3\ARM_GCC_541\Debug\Capteur_LDR_LCD.a(CyBootAsmGnu.o)
                              .\CortexM3\ARM_GCC_541\Debug\cyfitter_cfg.o (CyDelayCycles)
.\CortexM3\ARM_GCC_541\Debug\Capteur_LDR_LCD.a(CyFlash.o)
                              .\CortexM3\ARM_GCC_541\Debug\Capteur_LDR_LCD.a(cyPm.o) (CyFlash_SetWaitCycles)
.\CortexM3\ARM_GCC_541\Debug\Capteur_LDR_LCD.a(CySpc.o)
                              .\CortexM3\ARM_GCC_541\Debug\Capteur_LDR_LCD.a(CyFlash.o) (CySpcStart)
d:/program files (x86)/cypress/psoc creator/4.4/psoc creator/import/gnu/arm/5.4.1/bin/../lib/gcc/arm-none-eabi/5.4.1/armv7-m\libgcc.a(_arm_addsubsf3.o)
                              .\CortexM3\ARM_GCC_541\Debug\Capteur_LDR_LCD.a(ADC_SAR_Seq_SAR.o) (__aeabi_i2f)
d:/program files (x86)/cypress/psoc creator/4.4/psoc creator/import/gnu/arm/5.4.1/bin/../lib/gcc/arm-none-eabi/5.4.1/armv7-m\libgcc.a(_arm_muldivsf3.o)
                              .\CortexM3\ARM_GCC_541\Debug\Capteur_LDR_LCD.a(ADC_SAR_Seq_SAR.o) (__aeabi_fmul)
d:/program files (x86)/cypress/psoc creator/4.4/psoc creator/import/gnu/arm/5.4.1/bin/../lib/gcc/arm-none-eabi/5.4.1/armv7-m\libgcc.a(_aeabi_ldivmod.o)
                              .\CortexM3\ARM_GCC_541\Debug\Capteur_LDR_LCD.a(ADC_SAR_Seq_SAR.o) (__aeabi_ldivmod)
d:/program files (x86)/cypress/psoc creator/4.4/psoc creator/import/gnu/arm/5.4.1/bin/../lib/gcc/arm-none-eabi/5.4.1/armv7-m\libgcc.a(_udivmoddi4.o)
                              d:/program files (x86)/cypress/psoc creator/4.4/psoc creator/import/gnu/arm/5.4.1/bin/../lib/gcc/arm-none-eabi/5.4.1/armv7-m\libgcc.a(_aeabi_ldivmod.o) (__udivmoddi4)
d:/program files (x86)/cypress/psoc creator/4.4/psoc creator/import/gnu/arm/5.4.1/bin/../lib/gcc/arm-none-eabi/5.4.1/armv7-m\libgcc.a(_dvmd_tls.o)
                              d:/program files (x86)/cypress/psoc creator/4.4/psoc creator/import/gnu/arm/5.4.1/bin/../lib/gcc/arm-none-eabi/5.4.1/armv7-m\libgcc.a(_aeabi_ldivmod.o) (__aeabi_ldiv0)
d:/program files (x86)/cypress/psoc creator/4.4/psoc creator/import/gnu/arm/5.4.1/bin/../lib/gcc/arm-none-eabi/5.4.1/../../../../arm-none-eabi/lib/armv7-m\libg_nano.a(lib_a-errno.o)
                              .\CortexM3\ARM_GCC_541\Debug\Cm3Start.o (__errno)
d:/program files (x86)/cypress/psoc creator/4.4/psoc creator/import/gnu/arm/5.4.1/bin/../lib/gcc/arm-none-eabi/5.4.1/../../../../arm-none-eabi/lib/armv7-m\libg_nano.a(lib_a-exit.o)
                              d:/program files (x86)/cypress/psoc creator/4.4/psoc creator/import/gnu/arm/5.4.1/bin/../lib/gcc/arm-none-eabi/5.4.1/../../../../arm-none-eabi/lib/armv7-m/crt0.o (exit)
d:/program files (x86)/cypress/psoc creator/4.4/psoc creator/import/gnu/arm/5.4.1/bin/../lib/gcc/arm-none-eabi/5.4.1/../../../../arm-none-eabi/lib/armv7-m\libg_nano.a(lib_a-impure.o)
[...]
Memory Configuration

Name             Origin             Length             Attributes
rom              0x00000000         0x00040000         xr
ram              0x1fff8000         0x00010000         xrw
*default*        0x00000000         0xffffffff

Linker script and memory map

LOAD d:/program files (x86)/cypress/psoc creator/4.4/psoc creator/import/gnu/arm/5.4.1/bin/../lib/gcc/arm-none-eabi/5.4.1/armv7-m/crti.o
LOAD d:/program files (x86)/cypress/psoc creator/4.4/psoc creator/import/gnu/arm/5.4.1/bin/../lib/gcc/arm-none-eabi/5.4.1/armv7-m/crtbegin.o
LOAD d:/program files (x86)/cypress/psoc creator/4.4/psoc creator/import/gnu/arm/5.4.1/bin/../lib/gcc/arm-none-eabi/5.4.1/../../../../arm-none-eabi/lib/armv7-m/crt0.o
START GROUP
LOAD .\CortexM3\ARM_GCC_541\Debug\main.o
LOAD .\CortexM3\ARM_GCC_541\Debug\cyfitter_cfg.o
LOAD .\CortexM3\ARM_GCC_541\Debug\cymetadata.o
LOAD .\CortexM3\ARM_GCC_541\Debug\Cm3Start.o
LOAD .\CortexM3\ARM_GCC_541\Debug\Capteur_LDR_LCD.a
LOAD D:\Program Files (x86)\Cypress\PSoC Creator\4.4\PSoC Creator\psoc\content\cycomponentlibrary\CyComponentLibrary.cylib\CortexM3\ARM_GCC_541\Debug\CyComponentLibrary.a
END GROUP
START GROUP
LOAD d:/program files (x86)/cypress/psoc creator/4.4/psoc creator/import/gnu/arm/5.4.1/bin/../lib/gcc/arm-none-eabi/5.4.1/armv7-m\libgcc.a
LOAD d:/program files (x86)/cypress/psoc creator/4.4/psoc creator/import/gnu/arm/5.4.1/bin/../lib/gcc/arm-none-eabi/5.4.1/../../../../arm-none-eabi/lib/armv7-m\libg_nano.a
LOAD d:/program files (x86)/cypress/psoc creator/4.4/psoc creator/import/gnu/arm/5.4.1/bin/../lib/gcc/arm-none-eabi/5.4.1/../../../../arm-none-eabi/lib/armv7-m\libc_nano.a
END GROUP
START GROUP
LOAD d:/program files (x86)/cypress/psoc creator/4.4/psoc creator/import/gnu/arm/5.4.1/bin/../lib/gcc/arm-none-eabi/5.4.1/armv7-m\libgcc.a
LOAD d:/program files (x86)/cypress/psoc creator/4.4/psoc creator/import/gnu/arm/5.4.1/bin/../lib/gcc/arm-none-eabi/5.4.1/../../../../arm-none-eabi/lib/armv7-m\libc_nano.a
END GROUP
LOAD d:/program files (x86)/cypress/psoc creator/4.4/psoc creator/import/gnu/arm/5.4.1/bin/../lib/gcc/arm-none-eabi/5.4.1/armv7-m/crtend.o
LOAD d:/program files (x86)/cypress/psoc creator/4.4/psoc creator/import/gnu/arm/5.4.1/bin/../lib/gcc/arm-none-eabi/5.4.1/armv7-m/crtn.o
START GROUP
LOAD d:/program files (x86)/cypress/psoc creator/4.4/psoc creator/import/gnu/arm/5.4.1/bin/../lib/gcc/arm-none-eabi/5.4.1/armv7-m\libgcc.a
LOAD d:/program files (x86)/cypress/psoc creator/4.4/psoc creator/import/gnu/arm/5.4.1/bin/../lib/gcc/arm-none-eabi/5.4.1/../../../../arm-none-eabi/lib/armv7-m\libc.a
LOAD d:/program files (x86)/cypress/psoc creator/4.4/psoc creator/import/gnu/arm/5.4.1/bin/../lib/gcc/arm-none-eabi/5.4.1/../../../../arm-none-eabi/lib/armv7-m\libnosys.a
END GROUP
                0x00000000                CY_APPL_ORIGIN = 0x0
                0x00000100                CY_FLASH_ROW_SIZE = 0x100
                0x00000020                CY_ECC_ROW_SIZE = 0x20
                0x00000000                CY_EE_IN_BTLDR = 0x0
                0x00000000                CY_APPL_LOADABLE = 0x0
                0x00000800                CY_EE_SIZE = 0x800
                0x00000001                CY_APPL_NUM = 0x1
                0x00000001                CY_APPL_MAX = 0x1
                0x00000040                CY_METADATA_SIZE = 0x40
                0x00000000                CY_APPL_LOADABLE = 0x0
                0x00000000                CY_CHECKSUM_EXCLUDE_SIZE = ALIGN (0x0, CY_FLASH_ROW_SIZE)
                [!provide]                PROVIDE (__cy_heap_start, _end)
                0x00000001                PROVIDE (__cy_region_num, ((__cy_regions_end - __cy_regions) / 0x10))
                0x20008000                PROVIDE (__cy_stack, (ORIGIN (ram) + LENGTH (ram)))
                [!provide]                PROVIDE (__cy_heap_end, (__cy_stack - 0x800))

.cybootloader   0x00000000        0x0
 *(.cybootloader)
                0x00000000                appl1_start = CY_APPL_ORIGIN?CY_APPL_ORIGIN:ALIGN (CY_FLASH_ROW_SIZE)
                0x0001ff00                appl2_start = (appl1_start + ALIGN ((((LENGTH (rom) - appl1_start) - (0x2 * CY_FLASH_ROW_SIZE)) / 0x2), CY_FLASH_ROW_SIZE))
                0x00000000                appl_start = (CY_APPL_NUM == 0x1)?appl1_start:appl2_start
                0x00000000                ecc_offset = ((appl_start / CY_FLASH_ROW_SIZE) * CY_ECC_ROW_SIZE)
                0x00000000                ee_offset = (CY_APPL_LOADABLE && ! (CY_EE_IN_BTLDR))?((CY_EE_SIZE / CY_APPL_MAX) * (CY_APPL_NUM - 0x1)):0x0
                0x00000800                ee_size = (CY_APPL_LOADABLE && ! (CY_EE_IN_BTLDR))?(CY_EE_SIZE / CY_APPL_MAX):CY_EE_SIZE
                [!provide]                PROVIDE (CY_ECC_OFFSET, ecc_offset)

.text           0x00000000     0x3760
 CREATE_OBJECT_SYMBOLS
                0x00000000                PROVIDE (__cy_interrupt_vector, RomVectors)
 *(.romvectors)
 .romvectors    0x00000000       0x10 .\CortexM3\ARM_GCC_541\Debug\Cm3Start.o
                0x00000000                RomVectors
                0x00000001                ASSERT ((. != __cy_interrupt_vector), No interrupt vector)
                0x00000001                ASSERT (CY_APPL_ORIGIN?(SIZEOF (.cybootloader) <= CY_APPL_ORIGIN):0x1, Wrong image location)
                0x00000010                PROVIDE (__cy_reset, Reset)
 *(.text.Reset)
 .text.Reset    0x00000010       0x18 .\CortexM3\ARM_GCC_541\Debug\Cm3Start.o
                0x00000010                Reset
                0x00000001                ASSERT ((. != __cy_reset), No reset code)
 *(.dma_init)
                0x00000001                ASSERT ((((appl_start + .) <= 0x10000) || 0x1), DMA Init must be within the first 64k of flash)
 *(.text .text.* .gnu.linkonce.t.*)
 .text          0x00000028       0x5c d:/program files (x86)/cypress/psoc creator/4.4/psoc creator/import/gnu/arm/5.4.1/bin/../lib/gcc/arm-none-eabi/5.4.1/armv7-m/crtbegin.o
 .text.main     0x00000084       0x94 .\CortexM3\ARM_GCC_541\Debug\main.o
                0x00000084                main
 .text.CyClockStartupError
                0x00000118        0x4 .\CortexM3\ARM_GCC_541\Debug\cyfitter_cfg.o
 .text.cfg_write_bytes32
                0x0000011c       0x34 .\CortexM3\ARM_GCC_541\Debug\cyfitter_cfg.o
 .text.CYMEMZERO
                0x00000150        0xc .\CortexM3\ARM_GCC_541\Debug\cyfitter_cfg.o
 .text.ClockSetup
                0x0000015c       0xb8 .\CortexM3\ARM_GCC_541\Debug\cyfitter_cfg.o
 .text.AnalogSetDefault
                0x00000214       0x8c .\CortexM3\ARM_GCC_541\Debug\cyfitter_cfg.o
 .text.CYCONFIGCPY
                0x000002a0        0x8 .\CortexM3\ARM_GCC_541\Debug\cyfitter_cfg.o
 .text.cyfitter_cfg
                0x000002a8      0x120 .\CortexM3\ARM_GCC_541\Debug\cyfitter_cfg.o
                0x000002a8                cyfitter_cfg
 .text.IntDefaultHandler
                0x000003c8       0x10 .\CortexM3\ARM_GCC_541\Debug\Cm3Start.o
                0x000003c8                IntDefaultHandler
 .text._sbrk    0x000003d8       0x30 .\CortexM3\ARM_GCC_541\Debug\Cm3Start.o
                0x000003d8                _sbrk
 .text.Start_c  0x00000408       0x4c .\CortexM3\ARM_GCC_541\Debug\Cm3Start.o
                0x00000408                Start_c
 .text.initialize_psoc
                0x00000454       0x6c .\CortexM3\ARM_GCC_541\Debug\Cm3Start.o
                0x00000454                initialize_psoc
 .text.IDAC8_Enable
                0x000004c0       0x1c .\CortexM3\ARM_GCC_541\Debug\Capteur_LDR_LCD.a(IDAC8.o)
                0x000004c0                IDAC8_Enable
 .text.IDAC8_SetSpeed
                0x000004dc       0x1c .\CortexM3\ARM_GCC_541\Debug\Capteur_LDR_LCD.a(IDAC8.o)
                0x000004dc                IDAC8_SetSpeed
 .text.IDAC8_SetValue
                0x000004f8        0xc .\CortexM3\ARM_GCC_541\Debug\Capteur_LDR_LCD.a(IDAC8.o)
                0x000004f8                IDAC8_SetValue
 .text.IDAC8_DacTrim
                0x00000504       0x34 .\CortexM3\ARM_GCC_541\Debug\Capteur_LDR_LCD.a(IDAC8.o)
                0x00000504                IDAC8_DacTrim
 .text.IDAC8_Init
                0x00000538       0x24 .\CortexM3\ARM_GCC_541\Debug\Capteur_LDR_LCD.a(IDAC8.o)
                0x00000538                IDAC8_Init
 .text.IDAC8_Start
                0x0000055c       0x24 .\CortexM3\ARM_GCC_541\Debug\Capteur_LDR_LCD.a(IDAC8.o)
                0x0000055c                IDAC8_Start
 .text.CyDmacConfigure
                0x00000580       0x34 .\CortexM3\ARM_GCC_541\Debug\Capteur_LDR_LCD.a(CyDmac.o)
                0x00000580                CyDmacConfigure
 .text.CyDmaChEnable
                0x000005b4       0x38 .\CortexM3\ARM_GCC_541\Debug\Capteur_LDR_LCD.a(CyDmac.o)
                0x000005b4                CyDmaChEnable
 .text.CyDmaClearPendingDrq
                0x000005ec       0x28 .\CortexM3\ARM_GCC_541\Debug\Capteur_LDR_LCD.a(CyDmac.o)
                0x000005ec                CyDmaClearPendingDrq
 .text.CyDmaChPriority
                0x00000614       0x24 .\CortexM3\ARM_GCC_541\Debug\Capteur_LDR_LCD.a(CyDmac.o)
                0x00000614                CyDmaChPriority
 .text.CyDmaChSetExtendedAddress
                0x00000638       0x34 .\CortexM3\ARM_GCC_541\Debug\Capteur_LDR_LCD.a(CyDmac.o)
                0x00000638                CyDmaChSetExtendedAddress
 .text.CyDmaChSetInitialTd
                0x0000066c       0x18 .\CortexM3\ARM_GCC_541\Debug\Capteur_LDR_LCD.a(CyDmac.o)
                0x0000066c                CyDmaChSetInitialTd
 .text.CyDmaChSetConfiguration
                0x00000684       0x44 .\CortexM3\ARM_GCC_541\Debug\Capteur_LDR_LCD.a(CyDmac.o)
                0x00000684                CyDmaChSetConfiguration
 .text.CyDmaTdAllocate
                0x000006c8       0x34 .\CortexM3\ARM_GCC_541\Debug\Capteur_LDR_LCD.a(CyDmac.o)
                0x000006c8                CyDmaTdAllocate
 .text.CyDmaTdSetConfiguration
                0x000006fc       0x28 .\CortexM3\ARM_GCC_541\Debug\Capteur_LDR_LCD.a(CyDmac.o)
                0x000006fc                CyDmaTdSetConfiguration
 .text.CyDmaTdSetAddress
                0x00000724       0x1c .\CortexM3\ARM_GCC_541\Debug\Capteur_LDR_LCD.a(CyDmac.o)
                0x00000724                CyDmaTdSetAddress
 .text.CyHalt   0x00000740        0x4 .\CortexM3\ARM_GCC_541\Debug\Capteur_LDR_LCD.a(CyLib.o)
                0x00000740                CyHalt
 .text.CyDelay  0x00000744       0x2c .\CortexM3\ARM_GCC_541\Debug\Capteur_LDR_LCD.a(CyLib.o)
                0x00000744                CyDelay
 .text.CyDelayUs
                0x00000770       0x14 .\CortexM3\ARM_GCC_541\Debug\Capteur_LDR_LCD.a(CyLib.o)
                0x00000770                CyDelayUs
 .text.Control_Reg_1_Write
                0x00000784        0xc .\CortexM3\ARM_GCC_541\Debug\Capteur_LDR_LCD.a(Control_Reg_1.o)
                0x00000784                Control_Reg_1_Write
 .text.LCD_WrCntrlNib
                0x00000790       0x34 .\CortexM3\ARM_GCC_541\Debug\Capteur_LDR_LCD.a(LCD.o)
 .text.LCD_WrDatNib
                0x000007c4       0x44 .\CortexM3\ARM_GCC_541\Debug\Capteur_LDR_LCD.a(LCD.o)
 .text.LCD_IsReady
                0x00000808       0xe4 .\CortexM3\ARM_GCC_541\Debug\Capteur_LDR_LCD.a(LCD.o)
                0x00000808                LCD_IsReady
 .text.LCD_WriteData
                0x000008ec       0x18 .\CortexM3\ARM_GCC_541\Debug\Capteur_LDR_LCD.a(LCD.o)
                0x000008ec                LCD_WriteData
 .text.LCD_PrintString
                0x00000904       0x1c .\CortexM3\ARM_GCC_541\Debug\Capteur_LDR_LCD.a(LCD.o)
                0x00000904                LCD_PrintString
 .text.LCD_WriteControl
                0x00000920       0x18 .\CortexM3\ARM_GCC_541\Debug\Capteur_LDR_LCD.a(LCD.o)
                0x00000920                LCD_WriteControl
 .text.LCD_Init
                0x00000938       0x6c .\CortexM3\ARM_GCC_541\Debug\Capteur_LDR_LCD.a(LCD.o)
                0x00000938                LCD_Init
 .text.LCD_Enable
                0x000009a4       0x14 .\CortexM3\ARM_GCC_541\Debug\Capteur_LDR_LCD.a(LCD.o)
                0x000009a4                LCD_Enable
 .text.LCD_Start
                0x000009b8       0x1c .\CortexM3\ARM_GCC_541\Debug\Capteur_LDR_LCD.a(LCD.o)
                0x000009b8                LCD_Start
 .text.LCD_Position
                0x000009d4       0x3c .\CortexM3\ARM_GCC_541\Debug\Capteur_LDR_LCD.a(LCD.o)
                0x000009d4                LCD_Position
 .text.ADC_SAR_Seq_Init
                0x00000a10       0x3c .\CortexM3\ARM_GCC_541\Debug\Capteur_LDR_LCD.a(ADC_SAR_Seq.o)
                0x00000a10                ADC_SAR_Seq_Init
 .text.ADC_SAR_Seq_Enable
                0x00000a4c       0xcc .\CortexM3\ARM_GCC_541\Debug\Capteur_LDR_LCD.a(ADC_SAR_Seq.o)
                0x00000a4c                ADC_SAR_Seq_Enable
 .text.ADC_SAR_Seq_Start
                0x00000b18       0x28 .\CortexM3\ARM_GCC_541\Debug\Capteur_LDR_LCD.a(ADC_SAR_Seq.o)
                0x00000b18                ADC_SAR_Seq_Start
 .text.ADC_SAR_Seq_StartConvert
                0x00000b40        0x8 .\CortexM3\ARM_GCC_541\Debug\Capteur_LDR_LCD.a(ADC_SAR_Seq.o)
                0x00000b40                ADC_SAR_Seq_StartConvert
 .text.ADC_SAR_Seq_IsEndConversion
                0x00000b48       0x18 .\CortexM3\ARM_GCC_541\Debug\Capteur_LDR_LCD.a(ADC_SAR_Seq.o)
                0x00000b48                ADC_SAR_Seq_IsEndConversion
 .text.ADC_SAR_Seq_GetResult16
                0x00000b60       0x1c .\CortexM3\ARM_GCC_541\Debug\Capteur_LDR_LCD.a(ADC_SAR_Seq.o)
                0x00000b60                ADC_SAR_Seq_GetResult16
 .text.ADC_SAR_Seq_ISR
                0x00000b7c        0x4 .\CortexM3\ARM_GCC_541\Debug\Capteur_LDR_LCD.a(ADC_SAR_Seq_INT.o)
                0x00000b7c                ADC_SAR_Seq_ISR
 .text.ADC_SAR_Seq_SAR_CalcGain
                0x00000b80       0x64 .\CortexM3\ARM_GCC_541\Debug\Capteur_LDR_LCD.a(ADC_SAR_Seq_SAR.o)
 .text.ADC_SAR_Seq_SAR_Enable
                0x00000be4       0x78 .\CortexM3\ARM_GCC_541\Debug\Capteur_LDR_LCD.a(ADC_SAR_Seq_SAR.o)
                0x00000be4                ADC_SAR_Seq_SAR_Enable
 .text.ADC_SAR_Seq_SAR_SetResolution
                0x00000c5c       0x38 .\CortexM3\ARM_GCC_541\Debug\Capteur_LDR_LCD.a(ADC_SAR_Seq_SAR.o)
                0x00000c5c                ADC_SAR_Seq_SAR_SetResolution
 .text.ADC_SAR_Seq_SAR_Init
                0x00000c94       0x24 .\CortexM3\ARM_GCC_541\Debug\Capteur_LDR_LCD.a(ADC_SAR_Seq_SAR.o)
                0x00000c94                ADC_SAR_Seq_SAR_Init
 .text.ADC_SAR_Seq_SAR_Start
                0x00000cb8       0x1c .\CortexM3\ARM_GCC_541\Debug\Capteur_LDR_LCD.a(ADC_SAR_Seq_SAR.o)
                0x00000cb8                ADC_SAR_Seq_SAR_Start
 .text.ADC_SAR_Seq_SAR_StartConvert
                0x00000cd4       0x10 .\CortexM3\ARM_GCC_541\Debug\Capteur_LDR_LCD.a(ADC_SAR_Seq_SAR.o)
                0x00000cd4                ADC_SAR_Seq_SAR_StartConvert
 .text.ADC_SAR_Seq_TempBuf_DmaInitialize
                0x00000ce4       0x3c .\CortexM3\ARM_GCC_541\Debug\Capteur_LDR_LCD.a(ADC_SAR_Seq_TempBuf_dma.o)
                0x00000ce4                ADC_SAR_Seq_TempBuf_DmaInitialize
 .text.ADC_SAR_Seq_FinalBuf_DmaInitialize
                0x00000d20       0x3c .\CortexM3\ARM_GCC_541\Debug\Capteur_LDR_LCD.a(ADC_SAR_Seq_FinalBuf_dma.o)
                0x00000d20                ADC_SAR_Seq_FinalBuf_DmaInitialize
 .text.ADC_SAR_Seq_IRQ_SetVector
                0x00000d5c        0xc .\CortexM3\ARM_GCC_541\Debug\Capteur_LDR_LCD.a(ADC_SAR_Seq_IRQ.o)
                0x00000d5c                ADC_SAR_Seq_IRQ_SetVector
 .text.ADC_SAR_Seq_IRQ_SetPriority
                0x00000d68       0x10 .\CortexM3\ARM_GCC_541\Debug\Capteur_LDR_LCD.a(ADC_SAR_Seq_IRQ.o)
                0x00000d68                ADC_SAR_Seq_IRQ_SetPriority
 .text          0x00000d78       0x20 .\CortexM3\ARM_GCC_541\Debug\Capteur_LDR_LCD.a(CyBootAsmGnu.o)
                0x00000d78                CyDelayCycles
                0x00000d88                CyEnterCriticalSection
                0x00000d90                CyExitCriticalSection
 .text.__errno  0x00000d98        0xc d:/program files (x86)/cypress/psoc creator/4.4/psoc creator/import/gnu/arm/5.4.1/bin/../lib/gcc/arm-none-eabi/5.4.1/../../../../arm-none-eabi/lib/armv7-m\libg_nano.a(lib_a-errno.o)
                0x00000d98                __errno
 .text.__libc_init_array
                0x00000da4       0x4c d:/program files (x86)/cypress/psoc creator/4.4/psoc creator/import/gnu/arm/5.4.1/bin/../lib/gcc/arm-none-eabi/5.4.1/../../../../arm-none-eabi/lib/armv7-m\libg_nano.a(lib_a-init.o)
                0x00000da4                __libc_init_array
 .text.memcpy   0x00000df0       0x16 d:/program files (x86)/cypress/psoc creator/4.4/psoc creator/import/gnu/arm/5.4.1/bin/../lib/gcc/arm-none-eabi/5.4.1/../../../../arm-none-eabi/lib/armv7-m\libg_nano.a(lib_a-memcpy-stub.o)
                0x00000df0                memcpy
 .text.memset   0x00000e06       0x10 d:/program files (x86)/cypress/psoc creator/4.4/psoc creator/import/gnu/arm/5.4.1/bin/../lib/gcc/arm-none-eabi/5.4.1/../../../../arm-none-eabi/lib/armv7-m\libg_nano.a(lib_a-memset.o)
                0x00000e06                memset
 .text.__cvt    0x00000e16       0xc0 d:/program files (x86)/cypress/psoc creator/4.4/psoc creator/import/gnu/arm/5.4.1/bin/../lib/gcc/arm-none-eabi/5.4.1/../../../../arm-none-eabi/lib/armv7-m\libg_nano.a(lib_a-nano-vfprintf_float.o)
                0x00000e16                __cvt
 .text.__exponent
                0x00000ed6       0x62 d:/program files (x86)/cypress/psoc creator/4.4/psoc creator/import/gnu/arm/5.4.1/bin/../lib/gcc/arm-none-eabi/5.4.1/../../../../arm-none-eabi/lib/armv7-m\libg_nano.a(lib_a-nano-vfprintf_float.o)
                0x00000ed6                __exponent
 .text._printf_float
                0x00000f38      0x488 d:/program files (x86)/cypress/psoc creator/4.4/psoc creator/import/gnu/arm/5.4.1/bin/../lib/gcc/arm-none-eabi/5.4.1/../../../../arm-none-eabi/lib/armv7-m\libg_nano.a(lib_a-nano-vfprintf_float.o)
                0x00000f38                _printf_float
 .text._printf_common
                0x000013c0       0xec d:/program files (x86)/cypress/psoc creator/4.4/psoc creator/import/gnu/arm/5.4.1/bin/../lib/gcc/arm-none-eabi/5.4.1/../../../../arm-none-eabi/lib/armv7-m\libg_nano.a(lib_a-nano-vfprintf_i.o)
                0x000013c0                _printf_common
 .text._printf_i
                0x000014ac      0x24c d:/program files (x86)/cypress/psoc creator/4.4/psoc creator/import/gnu/arm/5.4.1/bin/../lib/gcc/arm-none-eabi/5.4.1/../../../../arm-none-eabi/lib/armv7-m\libg_nano.a(lib_a-nano-vfprintf_i.o)
                0x000014ac                _printf_i
 .text.sprintf  0x000016f8       0x48 d:/program files (x86)/cypress/psoc creator/4.4/psoc creator/import/gnu/arm/5.4.1/bin/../lib/gcc/arm-none-eabi/5.4.1/../../../../arm-none-eabi/lib/armv7-m\libg_nano.a(lib_a-sprintf.o)
                0x000016f8                siprintf
                0x000016f8                sprintf
 .text          0x00001740       0x10 d:/program files (x86)/cypress/psoc creator/4.4/psoc creator/import/gnu/arm/5.4.1/bin/../lib/gcc/arm-none-eabi/5.4.1/../../../../arm-none-eabi/lib/armv7-m\libg_nano.a(lib_a-strlen.o)
                0x00001740                strlen
 .text.quorem   0x00001750      0x116 d:/program files (x86)/cypress/psoc creator/4.4/psoc creator/import/gnu/arm/5.4.1/bin/../lib/gcc/arm-none-eabi/5.4.1/../../../../arm-none-eabi/lib/armv7-m\libg_nano.a(lib_a-dtoa.o)
 *fill*         0x00001866        0x2 
 .text._dtoa_r  0x00001868      0xb30 d:/program files (x86)/cypress/psoc creator/4.4/psoc creator/import/gnu/arm/5.4.1/bin/../lib/gcc/arm-none-eabi/5.4.1/../../../../arm-none-eabi/lib/armv7-m\libg_nano.a(lib_a-dtoa.o)
                0x00001868                _dtoa_r
 .text._localeconv_r
                0x00002398        0x8 d:/program files (x86)/cypress/psoc creator/4.4/psoc creator/import/gnu/arm/5.4.1/bin/../lib/gcc/arm-none-eabi/5.4.1/../../../../arm-none-eabi/lib/armv7-m\libg_nano.a(lib_a-locale.o)
                0x00002398                _localeconv_r
 .text.malloc   0x000023a0       0x10 d:/program files (x86)/cypress/psoc creator/4.4/psoc creator/import/gnu/arm/5.4.1/bin/../lib/gcc/arm-none-eabi/5.4.1/../../../../arm-none-eabi/lib/armv7-m\libg_nano.a(lib_a-malloc.o)
                0x000023a0                malloc
 .text.memchr   0x000023b0       0x1c d:/program files (x86)/cypress/psoc creator/4.4/psoc creator/import/gnu/arm/5.4.1/bin/../lib/gcc/arm-none-eabi/5.4.1/../../../../arm-none-eabi/lib/armv7-m\libg_nano.a(lib_a-memchr-stub.o)
                0x000023b0                memchr
 .text._Balloc  0x000023cc       0x6a d:/program files (x86)/cypress/psoc creator/4.4/psoc creator/import/gnu/arm/5.4.1/bin/../lib/gcc/arm-none-eabi/5.4.1/../../../../arm-none-eabi/lib/armv7-m\libg_nano.a(lib_a-mprec.o)
                0x000023cc                _Balloc
 .text._Bfree   0x00002436       0x2e d:/program files (x86)/cypress/psoc creator/4.4/psoc creator/import/gnu/arm/5.4.1/bin/../lib/gcc/arm-none-eabi/5.4.1/../../../../arm-none-eabi/lib/armv7-m\libg_nano.a(lib_a-mprec.o)
                0x00002436                _Bfree
 .text.__multadd
                0x00002464       0x76 d:/program files (x86)/cypress/psoc creator/4.4/psoc creator/import/gnu/arm/5.4.1/bin/../lib/gcc/arm-none-eabi/5.4.1/../../../../arm-none-eabi/lib/armv7-m\libg_nano.a(lib_a-mprec.o)
                0x00002464                __multadd
 .text.__hi0bits
                0x000024da       0x40 d:/program files (x86)/cypress/psoc creator/4.4/psoc creator/import/gnu/arm/5.4.1/bin/../lib/gcc/arm-none-eabi/5.4.1/../../../../arm-none-eabi/lib/armv7-m\libg_nano.a(lib_a-mprec.o)
                0x000024da                __hi0bits
 .text.__lo0bits
                0x0000251a       0x5a d:/program files (x86)/cypress/psoc creator/4.4/psoc creator/import/gnu/arm/5.4.1/bin/../lib/gcc/arm-none-eabi/5.4.1/../../../../arm-none-eabi/lib/armv7-m\libg_nano.a(lib_a-mprec.o)
                0x0000251a                __lo0bits
 .text.__i2b    0x00002574       0x12 d:/program files (x86)/cypress/psoc creator/4.4/psoc creator/import/gnu/arm/5.4.1/bin/../lib/gcc/arm-none-eabi/5.4.1/../../../../arm-none-eabi/lib/armv7-m\libg_nano.a(lib_a-mprec.o)
                0x00002574                __i2b
 .text.__multiply
                0x00002586      0x120 d:/program files (x86)/cypress/psoc creator/4.4/psoc creator/import/gnu/arm/5.4.1/bin/../lib/gcc/arm-none-eabi/5.4.1/../../../../arm-none-eabi/lib/armv7-m\libg_nano.a(lib_a-mprec.o)
                0x00002586                __multiply
 *fill*         0x000026a6        0x2 
 .text.__pow5mult
                0x000026a8       0x9c d:/program files (x86)/cypress/psoc creator/4.4/psoc creator/import/gnu/arm/5.4.1/bin/../lib/gcc/arm-none-eabi/5.4.1/../../../../arm-none-eabi/lib/armv7-m\libg_nano.a(lib_a-mprec.o)
                0x000026a8                __pow5mult
 .text.__lshift
                0x00002744       0xa2 d:/program files (x86)/cypress/psoc creator/4.4/psoc creator/import/gnu/arm/5.4.1/bin/../lib/gcc/arm-none-eabi/5.4.1/../../../../arm-none-eabi/lib/armv7-m\libg_nano.a(lib_a-mprec.o)
                0x00002744                __lshift
 .text.__mcmp   0x000027e6       0x38 d:/program files (x86)/cypress/psoc creator/4.4/psoc creator/import/gnu/arm/5.4.1/bin/../lib/gcc/arm-none-eabi/5.4.1/../../../../arm-none-eabi/lib/armv7-m\libg_nano.a(lib_a-mprec.o)
                0x000027e6                __mcmp
 .text.__mdiff  0x0000281e       0xbe d:/program files (x86)/cypress/psoc creator/4.4/psoc creator/import/gnu/arm/5.4.1/bin/../lib/gcc/arm-none-eabi/5.4.1/../../../../arm-none-eabi/lib/armv7-m\libg_nano.a(lib_a-mprec.o)
                0x0000281e                __mdiff
 .text.__d2b    0x000028dc       0x9c d:/program files (x86)/cypress/psoc creator/4.4/psoc creator/import/gnu/arm/5.4.1/bin/../lib/gcc/arm-none-eabi/5.4.1/../../../../arm-none-eabi/lib/armv7-m\libg_nano.a(lib_a-mprec.o)
                0x000028dc                __d2b
 .text._calloc_r
                0x00002978       0x1c d:/program files (x86)/cypress/psoc creator/4.4/psoc creator/import/gnu/arm/5.4.1/bin/../lib/gcc/arm-none-eabi/5.4.1/../../../../arm-none-eabi/lib/armv7-m\libg_nano.a(lib_a-nano-callocr.o)
                0x00002978                _calloc_r
 .text._free_r  0x00002994       0x98 d:/program files (x86)/cypress/psoc creator/4.4/psoc creator/import/gnu/arm/5.4.1/bin/../lib/gcc/arm-none-eabi/5.4.1/../../../../arm-none-eabi/lib/armv7-m\libg_nano.a(lib_a-nano-freer.o)
                0x00002994                _free_r
 .text._malloc_r
                0x00002a2c       0xbc d:/program files (x86)/cypress/psoc creator/4.4/psoc creator/import/gnu/arm/5.4.1/bin/../lib/gcc/arm-none-eabi/5.4.1/../../../../arm-none-eabi/lib/armv7-m\libg_nano.a(lib_a-nano-mallocr.o)
                0x00002a2c                _malloc_r
 .text.__ssputs_r
                0x00002ae8       0xb2 d:/program files (x86)/cypress/psoc creator/4.4/psoc creator/import/gnu/arm/5.4.1/bin/../lib/gcc/arm-none-eabi/5.4.1/../../../../arm-none-eabi/lib/armv7-m\libg_nano.a(lib_a-nano-svfprintf.o)
                0x00002ae8                __ssputs_r
 *fill*         0x00002b9a        0x2 
 .text._svfprintf_r
                0x00002b9c      0x1e8 d:/program files (x86)/cypress/psoc creator/4.4/psoc creator/import/gnu/arm/5.4.1/bin/../lib/gcc/arm-none-eabi/5.4.1/../../../../arm-none-eabi/lib/armv7-m\libg_nano.a(lib_a-nano-svfprintf.o)
                0x00002b9c                _svfiprintf_r
                0x00002b9c                _svfprintf_r
 .text._sbrk_r  0x00002d84       0x20 d:/program files (x86)/cypress/psoc creator/4.4/psoc creator/import/gnu/arm/5.4.1/bin/../lib/gcc/arm-none-eabi/5.4.1/../../../../arm-none-eabi/lib/armv7-m\libg_nano.a(lib_a-sbrkr.o)
                0x00002d84                _sbrk_r
 .text.memmove  0x00002da4       0x36 d:/program files (x86)/cypress/psoc creator/4.4/psoc creator/import/gnu/arm/5.4.1/bin/../lib/gcc/arm-none-eabi/5.4.1/../../../../arm-none-eabi/lib/armv7-m\libg_nano.a(lib_a-memmove.o)
                0x00002da4                memmove
 .text.__malloc_lock
                0x00002dda        0x2 d:/program files (x86)/cypress/psoc creator/4.4/psoc creator/import/gnu/arm/5.4.1/bin/../lib/gcc/arm-none-eabi/5.4.1/../../../../arm-none-eabi/lib/armv7-m\libg_nano.a(lib_a-mlock.o)
                0x00002dda                __malloc_lock
 .text.__malloc_unlock
                0x00002ddc        0x2 d:/program files (x86)/cypress/psoc creator/4.4/psoc creator/import/gnu/arm/5.4.1/bin/../lib/gcc/arm-none-eabi/5.4.1/../../../../arm-none-eabi/lib/armv7-m\libg_nano.a(lib_a-mlock.o)
                0x00002ddc                __malloc_unlock
 .text._realloc_r
                0x00002dde       0x4c d:/program files (x86)/cypress/psoc creator/4.4/psoc creator/import/gnu/arm/5.4.1/bin/../lib/gcc/arm-none-eabi/5.4.1/../../../../arm-none-eabi/lib/armv7-m\libg_nano.a(lib_a-nano-reallocr.o)
                0x00002dde                _realloc_r
 .text._malloc_usable_size_r
                0x00002e2a       0x14 d:/program files (x86)/cypress/psoc creator/4.4/psoc creator/import/gnu/arm/5.4.1/bin/../lib/gcc/arm-none-eabi/5.4.1/../../../../arm-none-eabi/lib/armv7-m\libg_nano.a(lib_a-nano-msizer.o)
                0x00002e2a                _malloc_usable_size_r
 *fill*         0x00002e3e        0x2 
 .text          0x00002e40      0x370 d:/program files (x86)/cypress/psoc creator/4.4/psoc creator/import/gnu/arm/5.4.1/bin/../lib/gcc/arm-none-eabi/5.4.1/armv7-m\libgcc.a(_arm_addsubdf3.o)
                0x00002e40                __aeabi_drsub
                0x00002e48                __aeabi_dsub
                0x00002e48                __subdf3
                0x00002e4c                __aeabi_dadd
                0x00002e4c                __adddf3
                0x000030c4                __floatunsidf
                0x000030c4                __aeabi_ui2d
                0x000030e4                __floatsidf
                0x000030e4                __aeabi_i2d
                0x00003108                __aeabi_f2d
                0x00003108                __extendsfdf2
                0x00003144                __floatundidf
                0x00003144                __aeabi_ul2d
                0x00003154                __floatdidf
                0x00003154                __aeabi_l2d
 .text          0x000031b0      0x424 d:/program files (x86)/cypress/psoc creator/4.4/psoc creator/import/gnu/arm/5.4.1/bin/../lib/gcc/arm-none-eabi/5.4.1/armv7-m\libgcc.a(_arm_muldivdf3.o)
                0x000031b0                __aeabi_dmul
                0x000031b0                __muldf3
                0x00003404                __divdf3
                0x00003404                __aeabi_ddiv
 .text          0x000035d4      0x110 d:/program files (x86)/cypress/psoc creator/4.4/psoc creator/import/gnu/arm/5.4.1/bin/../lib/gcc/arm-none-eabi/5.4.1/armv7-m\libgcc.a(_arm_cmpdf2.o)
                0x000035d4                __gtdf2
                0x000035d4                __gedf2
                0x000035dc                __ltdf2
                0x000035dc                __ledf2
                0x000035e4                __nedf2
                0x000035e4                __eqdf2
                0x000035e4                __cmpdf2
                0x00003660                __aeabi_cdrcmple
                0x00003670                __aeabi_cdcmpeq
                0x00003670                __aeabi_cdcmple
                0x00003680                __aeabi_dcmpeq
                0x00003694                __aeabi_dcmplt
                0x000036a8                __aeabi_dcmple
                0x000036bc                __aeabi_dcmpge
                0x000036d0                __aeabi_dcmpgt
 .text          0x000036e4       0x2c d:/program files (x86)/cypress/psoc creator/4.4/psoc creator/import/gnu/arm/5.4.1/bin/../lib/gcc/arm-none-eabi/5.4.1/armv7-m\libgcc.a(_arm_unorddf2.o)
                0x000036e4                __unorddf2
                0x000036e4                __aeabi_dcmpun
 .text          0x00003710       0x50 d:/program files (x86)/cypress/psoc creator/4.4/psoc creator/import/gnu/arm/5.4.1/bin/../lib/gcc/arm-none-eabi/5.4.1/armv7-m\libgcc.a(_arm_fixdfsi.o)
                0x00003710                __aeabi_d2iz
                0x00003710                __fixdfsi
 *(.plt)
 *(.gnu.warning)
 *(.glue_7t)
 .glue_7t       0x00003760        0x0 linker stubs
 *(.glue_7)
 .glue_7        0x00003760        0x0 linker stubs
 *(.vfp11_veneer)
 .vfp11_veneer  0x00003760        0x0 linker stubs
 *(.bootloader)
 *(.ARM.extab* .gnu.linkonce.armextab.*)
 *(.gcc_except_table)

.v4_bx          0x00003760        0x0
 .v4_bx         0x00003760        0x0 linker stubs

.iplt           0x00003760        0x0
 .iplt          0x00003760        0x0 d:/program files (x86)/cypress/psoc creator/4.4/psoc creator/import/gnu/arm/5.4.1/bin/../lib/gcc/arm-none-eabi/5.4.1/armv7-m/crtbegin.o

.eh_frame_hdr
 *(.eh_frame_hdr)

.eh_frame       0x00003760        0x4
 *(.eh_frame)
 .eh_frame      0x00003760        0x0 d:/program files (x86)/cypress/psoc creator/4.4/psoc creator/import/gnu/arm/5.4.1/bin/../lib/gcc/arm-none-eabi/5.4.1/armv7-m/crtbegin.o
 .eh_frame      0x00003760        0x4 d:/program files (x86)/cypress/psoc creator/4.4/psoc creator/import/gnu/arm/5.4.1/bin/../lib/gcc/arm-none-eabi/5.4.1/armv7-m/crtend.o
                [!provide]                PROVIDE (__exidx_start, .)

.ARM.exidx
 *(.ARM.exidx* .gnu.linkonce.armexidx.*)
                0x00003764                __exidx_end = .

.rodata         0x00003768      0x1d0
 *(.rodata .rodata.* .gnu.linkonce.r.*)
 .rodata.str1.4
                0x00003768        0xc .\CortexM3\ARM_GCC_541\Debug\main.o
                                  0xb (size before relaxing)
 .rodata        0x00003774       0x30 .\CortexM3\ARM_GCC_541\Debug\cyfitter_cfg.o
 .rodata.str1.1
                0x000037a4        0x2 d:/program files (x86)/cypress/psoc creator/4.4/psoc creator/import/gnu/arm/5.4.1/bin/../lib/gcc/arm-none-eabi/5.4.1/../../../../arm-none-eabi/lib/armv7-m\libg_nano.a(lib_a-impure.o)
 .rodata.str1.1
                0x000037a6       0x12 d:/program files (x86)/cypress/psoc creator/4.4/psoc creator/import/gnu/arm/5.4.1/bin/../lib/gcc/arm-none-eabi/5.4.1/../../../../arm-none-eabi/lib/armv7-m\libg_nano.a(lib_a-nano-vfprintf_float.o)
 .rodata.str1.1
                0x000037b8       0x22 d:/program files (x86)/cypress/psoc creator/4.4/psoc creator/import/gnu/arm/5.4.1/bin/../lib/gcc/arm-none-eabi/5.4.1/../../../../arm-none-eabi/lib/armv7-m\libg_nano.a(lib_a-nano-vfprintf_i.o)
 .rodata.str1.1
                0x000037da        0xd d:/program files (x86)/cypress/psoc creator/4.4/psoc creator/import/gnu/arm/5.4.1/bin/../lib/gcc/arm-none-eabi/5.4.1/../../../../arm-none-eabi/lib/armv7-m\libg_nano.a(lib_a-dtoa.o)
                                  0xf (size before relaxing)
 .rodata.str1.1
                0x000037e7        0x8 d:/program files (x86)/cypress/psoc creator/4.4/psoc creator/import/gnu/arm/5.4.1/bin/../lib/gcc/arm-none-eabi/5.4.1/../../../../arm-none-eabi/lib/armv7-m\libg_nano.a(lib_a-locale.o)
                                  0xb (size before relaxing)
 *fill*         0x000037ef        0x1 
 .rodata.__mprec_tens
                0x000037f0       0xc8 d:/program files (x86)/cypress/psoc creator/4.4/psoc creator/import/gnu/arm/5.4.1/bin/../lib/gcc/arm-none-eabi/5.4.1/../../../../arm-none-eabi/lib/armv7-m\libg_nano.a(lib_a-mprec.o)
                0x000037f0                __mprec_tens
 .rodata.p05.5408
                0x000038b8        0xc d:/program files (x86)/cypress/psoc creator/4.4/psoc creator/import/gnu/arm/5.4.1/bin/../lib/gcc/arm-none-eabi/5.4.1/../../../../arm-none-eabi/lib/armv7-m\libg_nano.a(lib_a-mprec.o)
 *fill*         0x000038c4        0x4 
 .rodata.__mprec_bigtens
                0x000038c8       0x28 d:/program files (x86)/cypress/psoc creator/4.4/psoc creator/import/gnu/arm/5.4.1/bin/../lib/gcc/arm-none-eabi/5.4.1/../../../../arm-none-eabi/lib/armv7-m\libg_nano.a(lib_a-mprec.o)
                0x000038c8                __mprec_bigtens
 .rodata.str1.1
                0x000038f0       0x11 d:/program files (x86)/cypress/psoc creator/4.4/psoc creator/import/gnu/arm/5.4.1/bin/../lib/gcc/arm-none-eabi/5.4.1/../../../../arm-none-eabi/lib/armv7-m\libg_nano.a(lib_a-nano-svfprintf.o)
                0x00003904                . = ALIGN (0x4)
 *fill*         0x00003901        0x3 
 *(.init)
 .init          0x00003904        0x4 d:/program files (x86)/cypress/psoc creator/4.4/psoc creator/import/gnu/arm/5.4.1/bin/../lib/gcc/arm-none-eabi/5.4.1/armv7-m/crti.o
                0x00003904                _init
 .init          0x00003908        0x8 d:/program files (x86)/cypress/psoc creator/4.4/psoc creator/import/gnu/arm/5.4.1/bin/../lib/gcc/arm-none-eabi/5.4.1/armv7-m/crtn.o
                0x00003910                . = ALIGN (0x4)
                0x00003910                __preinit_array_start = .
 *(.preinit_array)
                0x00003910                __preinit_array_end = .
                0x00003910                . = ALIGN (0x4)
                0x00003910                __init_array_start = .
 *(SORT(.init_array.*))
 *(.init_array)
 .init_array    0x00003910        0x4 d:/program files (x86)/cypress/psoc creator/4.4/psoc creator/import/gnu/arm/5.4.1/bin/../lib/gcc/arm-none-eabi/5.4.1/armv7-m/crtbegin.o
 .init_array    0x00003914        0x4 .\CortexM3\ARM_GCC_541\Debug\Cm3Start.o
                0x00003918                __init_array_end = .
                0x00003918                . = ALIGN (0x4)
 *(.fini)
 .fini          0x00003918        0x4 d:/program files (x86)/cypress/psoc creator/4.4/psoc creator/import/gnu/arm/5.4.1/bin/../lib/gcc/arm-none-eabi/5.4.1/armv7-m/crti.o
                0x00003918                _fini
 .fini          0x0000391c        0x8 d:/program files (x86)/cypress/psoc creator/4.4/psoc creator/import/gnu/arm/5.4.1/bin/../lib/gcc/arm-none-eabi/5.4.1/armv7-m/crtn.o
                0x00003924                . = ALIGN (0x4)
                0x00003924                __fini_array_start = .
 *(.fini_array)
 .fini_array    0x00003924        0x4 d:/program files (x86)/cypress/psoc creator/4.4/psoc creator/import/gnu/arm/5.4.1/bin/../lib/gcc/arm-none-eabi/5.4.1/armv7-m/crtbegin.o
 *(SORT(.fini_array.*))
                0x00003928                __fini_array_end = .
                0x00003928                . = ALIGN (0x4)
 *crtbegin.o(.ctors)
 *(EXCLUDE_FILE(*crtend.o) .ctors)
 *(SORT(.ctors.*))
 *crtend.o(.ctors)
                0x00003928                . = ALIGN (0x4)
 *crtbegin.o(.dtors)
 *(EXCLUDE_FILE(*crtend.o) .dtors)
 *(SORT(.dtors.*))
 *crtend.o(.dtors)
                0x00003928                . = ALIGN (0x4)
                0x00003928                __cy_regions = .
                0x00003928        0x4 LONG 0x3938 __cy_region_init_ram
                0x0000392c        0x4 LONG 0x1fff80c8 __cy_region_start_data
                0x00003930        0x4 LONG 0xc0 __cy_region_init_size_ram
                0x00003934        0x4 LONG 0x50 __cy_region_zero_size_ram
                0x00003938                __cy_regions_end = .
                0x00003938                . = ALIGN (0x8)
                0x00003938                _etext = .

.cy_checksum_exclude
                0x00003938        0x0
 *(.cy_checksum_exclude)

.ramvectors     0x1fff8000       0xc0
                0x1fff8000                __cy_region_start_ram = .
 *(.ramvectors)
 .ramvectors    0x1fff8000       0xc0 .\CortexM3\ARM_GCC_541\Debug\Cm3Start.o
                0x1fff8000                CyRamVectors

.noinit         0x1fff80c0        0x1
 *(.noinit)
 .noinit        0x1fff80c0        0x1 .\CortexM3\ARM_GCC_541\Debug\Capteur_LDR_LCD.a(CyLib.o)
                0x1fff80c0                CyResetStatus

.data           0x1fff80c8       0xc0 load address 0x00003938
                0x1fff80c8                __cy_region_start_data = .
 *(.jcr)
 .jcr           0x1fff80c8        0x0 d:/program files (x86)/cypress/psoc creator/4.4/psoc creator/import/gnu/arm/5.4.1/bin/../lib/gcc/arm-none-eabi/5.4.1/armv7-m/crtbegin.o
 .jcr           0x1fff80c8        0x4 d:/program files (x86)/cypress/psoc creator/4.4/psoc creator/import/gnu/arm/5.4.1/bin/../lib/gcc/arm-none-eabi/5.4.1/armv7-m/crtend.o
 *(.got.plt)
 *(.got)
 *(.shdata)
 *(.data .data.* .gnu.linkonce.d.*)
 .data          0x1fff80cc        0x4 .\CortexM3\ARM_GCC_541\Debug\Cm3Start.o
 .data          0x1fff80d0        0x8 .\CortexM3\ARM_GCC_541\Debug\Capteur_LDR_LCD.a(CyDmac.o)
 .data          0x1fff80d8       0x10 .\CortexM3\ARM_GCC_541\Debug\Capteur_LDR_LCD.a(CyLib.o)
                0x1fff80d8                cydelay_32k_ms
                0x1fff80dc                cydelay_freq_khz
                0x1fff80e0                cydelay_freq_mhz
                0x1fff80e4                cydelay_freq_hz
 .data          0x1fff80e8        0x2 .\CortexM3\ARM_GCC_541\Debug\Capteur_LDR_LCD.a(ADC_SAR_Seq.o)
 .data          0x1fff80ea        0x1 .\CortexM3\ARM_GCC_541\Debug\Capteur_LDR_LCD.a(ADC_SAR_Seq_TempBuf_dma.o)
                0x1fff80ea                ADC_SAR_Seq_TempBuf_DmaHandle
 .data          0x1fff80eb        0x1 .\CortexM3\ARM_GCC_541\Debug\Capteur_LDR_LCD.a(ADC_SAR_Seq_FinalBuf_dma.o)
                0x1fff80eb                ADC_SAR_Seq_FinalBuf_DmaHandle
 .data.impure_data
                0x1fff80ec       0x60 d:/program files (x86)/cypress/psoc creator/4.4/psoc creator/import/gnu/arm/5.4.1/bin/../lib/gcc/arm-none-eabi/5.4.1/../../../../arm-none-eabi/lib/armv7-m\libg_nano.a(lib_a-impure.o)
 .data._impure_ptr
                0x1fff814c        0x4 d:/program files (x86)/cypress/psoc creator/4.4/psoc creator/import/gnu/arm/5.4.1/bin/../lib/gcc/arm-none-eabi/5.4.1/../../../../arm-none-eabi/lib/armv7-m\libg_nano.a(lib_a-impure.o)
                0x1fff814c                _impure_ptr
 .data.lconv    0x1fff8150       0x38 d:/program files (x86)/cypress/psoc creator/4.4/psoc creator/import/gnu/arm/5.4.1/bin/../lib/gcc/arm-none-eabi/5.4.1/../../../../arm-none-eabi/lib/armv7-m\libg_nano.a(lib_a-locale.o)
                0x1fff8188                . = ALIGN (0x8)
 *(.ram)
                0x1fff8188                _edata = .

.igot.plt       0x1fff8188        0x0 load address 0x000039f8
 .igot.plt      0x1fff8188        0x0 d:/program files (x86)/cypress/psoc creator/4.4/psoc creator/import/gnu/arm/5.4.1/bin/../lib/gcc/arm-none-eabi/5.4.1/armv7-m/crtbegin.o

.bss            0x1fff8188       0x50 load address 0x000039f8
                0x1fff8188                PROVIDE (__bss_start__, .)
 *(.shbss)
 *(.bss .bss.* .gnu.linkonce.b.*)
 .bss           0x1fff8188       0x1c d:/program files (x86)/cypress/psoc creator/4.4/psoc creator/import/gnu/arm/5.4.1/bin/../lib/gcc/arm-none-eabi/5.4.1/armv7-m/crtbegin.o
 .bss           0x1fff81a4        0x1 .\CortexM3\ARM_GCC_541\Debug\Capteur_LDR_LCD.a(IDAC8.o)
                0x1fff81a4                IDAC8_initVar
 .bss           0x1fff81a5        0x2 .\CortexM3\ARM_GCC_541\Debug\Capteur_LDR_LCD.a(LCD.o)
                0x1fff81a5                LCD_enableState
                0x1fff81a6                LCD_initVar
 *fill*         0x1fff81a7        0x1 
 .bss           0x1fff81a8        0xc .\CortexM3\ARM_GCC_541\Debug\Capteur_LDR_LCD.a(ADC_SAR_Seq.o)
                0x1fff81b0                ADC_SAR_Seq_initVar
 .bss           0x1fff81b4        0x1 .\CortexM3\ARM_GCC_541\Debug\Capteur_LDR_LCD.a(ADC_SAR_Seq_SAR.o)
                0x1fff81b4                ADC_SAR_Seq_SAR_initVar
 *fill*         0x1fff81b5        0x3 
 .bss.__malloc_sbrk_start
                0x1fff81b8        0x4 d:/program files (x86)/cypress/psoc creator/4.4/psoc creator/import/gnu/arm/5.4.1/bin/../lib/gcc/arm-none-eabi/5.4.1/../../../../arm-none-eabi/lib/armv7-m\libg_nano.a(lib_a-nano-mallocr.o)
                0x1fff81b8                __malloc_sbrk_start
 .bss.__malloc_free_list
                0x1fff81bc        0x4 d:/program files (x86)/cypress/psoc creator/4.4/psoc creator/import/gnu/arm/5.4.1/bin/../lib/gcc/arm-none-eabi/5.4.1/../../../../arm-none-eabi/lib/armv7-m\libg_nano.a(lib_a-nano-mallocr.o)
                0x1fff81bc                __malloc_free_list
 *(COMMON)
 COMMON         0x1fff81c0        0x4 .\CortexM3\ARM_GCC_541\Debug\Capteur_LDR_LCD.a(ADC_SAR_Seq.o)
                0x1fff81c0                ADC_SAR_Seq_finalArray
 COMMON         0x1fff81c4        0xa .\CortexM3\ARM_GCC_541\Debug\Capteur_LDR_LCD.a(ADC_SAR_Seq_SAR.o)
                0x1fff81c4                ADC_SAR_Seq_SAR_offset
                0x1fff81c6                ADC_SAR_Seq_SAR_countsPerVolt
                0x1fff81c8                ADC_SAR_Seq_SAR_countsPer10Volt
                0x1fff81cc                ADC_SAR_Seq_SAR_shift
 *fill*         0x1fff81ce        0x2 
 COMMON         0x1fff81d0        0x4 d:/program files (x86)/cypress/psoc creator/4.4/psoc creator/import/gnu/arm/5.4.1/bin/../lib/gcc/arm-none-eabi/5.4.1/../../../../arm-none-eabi/lib/armv7-m\libg_nano.a(lib_a-reent.o)
                0x1fff81d0                errno
                0x1fff81d8                . = ALIGN (0x8)
 *fill*         0x1fff81d4        0x4 
 *(.ram.b)
                0x1fff81d8                _end = .
                0x1fff81d8                __end = .
                0x1fff81d8                PROVIDE (end, .)
                0x1fff81d8                PROVIDE (__bss_end__, .)
                0x00003938                __cy_region_init_ram = LOADADDR (.data)
                0x000000c0                __cy_region_init_size_ram = (_edata - ADDR (.data))
                0x00000050                __cy_region_zero_size_ram = (_end - _edata)

.heap           0x1fff81d8       0x80 load address 0x000039f8
                0x1fff81d8                . = _end
                0x1fff8258                . = (. + 0x80)
 *fill*         0x1fff81d8       0x80 
                0x1fff8258                __cy_heap_limit = .

.stack          0x20007800      0x800
                0x20007800                __cy_stack_limit = .
                0x20008000                . = (. + 0x800)
 *fill*         0x20007800      0x800 
                0x00000001                ASSERT ((__cy_stack_limit >= __cy_heap_limit), region RAM overflowed with stack)
                0x00000000                cy_checksum_exclude_size = (CY_APPL_LOADABLE == 0x1)?SIZEOF (.cy_checksum_exclude):0x0
                0x00000001                ASSERT ((cy_checksum_exclude_size <= CY_CHECKSUM_EXCLUDE_SIZE), CY_BOOT: Section .cy_checksum_exclude size exceedes specified limit.)

.cyloadermeta
 *(.cyloadermeta)

.cyloadablemeta
 *(.cyloadablemeta)

.cyconfigecc    0x80000000      0x470
 *(.cyconfigecc)
 .cyconfigecc   0x80000000      0x470 .\CortexM3\ARM_GCC_541\Debug\cymetadata.o
                0x80000000                cy_meta_configecc

.cycustnvl      0x90000000        0x4
 *(.cycustnvl)
 .cycustnvl     0x90000000        0x4 .\CortexM3\ARM_GCC_541\Debug\cymetadata.o
                0x90000000                cy_meta_custnvl

.cywolatch      0x90100000        0x4
 *(.cywolatch)
 .cywolatch     0x90100000        0x4 .\CortexM3\ARM_GCC_541\Debug\cymetadata.o
                0x90100000                cy_meta_wonvl

.cyeeprom       0x90200000        0x0
 *(.cyeeprom)
                0x00000001                ASSERT ((. <= ((0x90200000 + ee_offset) + ee_size)), .cyeeprom data will not fit in EEPROM)

.cyflashprotect
                0x90400000      0x100
 *(.cyflashprotect)
 .cyflashprotect
                0x90400000      0x100 .\CortexM3\ARM_GCC_541\Debug\cymetadata.o
                0x90400000                cy_meta_flashprotect

.cymeta         0x90500000        0xc
 *(.cymeta)
 .cymeta        0x90500000        0xc .\CortexM3\ARM_GCC_541\Debug\cymetadata.o
                0x90500000                cy_metadata

.rel.dyn        0x000039f8        0x0 load address 0x9050000c
 .rel.iplt      0x000039f8        0x0 d:/program files (x86)/cypress/psoc creator/4.4/psoc creator/import/gnu/arm/5.4.1/bin/../lib/gcc/arm-none-eabi/5.4.1/armv7-m/crtbegin.o

.stab
 *(.stab)

.stabstr
 *(.stabstr)

.debug
 *(.debug)

.line
 *(.line)

.debug_srcinfo
 *(.debug_srcinfo)

.debug_sfnames
 *(.debug_sfnames)

.debug_aranges  0x00000000      0x968
 *(.debug_aranges)
 .debug_aranges
                0x00000000       0x20 .\CortexM3\ARM_GCC_541\Debug\main.o
 .debug_aranges
                0x00000020       0x58 .\CortexM3\ARM_GCC_541\Debug\cyfitter_cfg.o
 .debug_aranges
                0x00000078       0x18 .\CortexM3\ARM_GCC_541\Debug\cymetadata.o
 .debug_aranges
                0x00000090       0x48 .\CortexM3\ARM_GCC_541\Debug\Cm3Start.o
 .debug_aranges
                0x000000d8       0x60 .\CortexM3\ARM_GCC_541\Debug\Capteur_LDR_LCD.a(IDAC8.o)
 .debug_aranges
                0x00000138       0xd8 .\CortexM3\ARM_GCC_541\Debug\Capteur_LDR_LCD.a(CyDmac.o)
 .debug_aranges
                0x00000210      0x2a0 .\CortexM3\ARM_GCC_541\Debug\Capteur_LDR_LCD.a(CyLib.o)
 .debug_aranges
                0x000004b0       0x98 .\CortexM3\ARM_GCC_541\Debug\Capteur_LDR_LCD.a(cyPm.o)
 .debug_aranges
                0x00000548       0x28 .\CortexM3\ARM_GCC_541\Debug\Capteur_LDR_LCD.a(Control_Reg_1.o)
 .debug_aranges
                0x00000570       0x98 .\CortexM3\ARM_GCC_541\Debug\Capteur_LDR_LCD.a(LCD.o)
 .debug_aranges
                0x00000608       0xa0 .\CortexM3\ARM_GCC_541\Debug\Capteur_LDR_LCD.a(ADC_SAR_Seq.o)
 .debug_aranges
                0x000006a8       0x20 .\CortexM3\ARM_GCC_541\Debug\Capteur_LDR_LCD.a(ADC_SAR_Seq_INT.o)
 .debug_aranges
                0x000006c8       0xa8 .\CortexM3\ARM_GCC_541\Debug\Capteur_LDR_LCD.a(ADC_SAR_Seq_SAR.o)
 .debug_aranges
                0x00000770       0x28 .\CortexM3\ARM_GCC_541\Debug\Capteur_LDR_LCD.a(ADC_SAR_Seq_TempBuf_dma.o)
 .debug_aranges
                0x00000798       0x28 .\CortexM3\ARM_GCC_541\Debug\Capteur_LDR_LCD.a(ADC_SAR_Seq_FinalBuf_dma.o)
 .debug_aranges
                0x000007c0       0x80 .\CortexM3\ARM_GCC_541\Debug\Capteur_LDR_LCD.a(ADC_SAR_Seq_IRQ.o)
 .debug_aranges
                0x00000840       0x20 .\CortexM3\ARM_GCC_541\Debug\Capteur_LDR_LCD.a(CyBootAsmGnu.o)
 .debug_aranges
                0x00000860       0x88 .\CortexM3\ARM_GCC_541\Debug\Capteur_LDR_LCD.a(CyFlash.o)
 .debug_aranges
                0x000008e8       0x80 .\CortexM3\ARM_GCC_541\Debug\Capteur_LDR_LCD.a(CySpc.o)

.debug_pubnames
 *(.debug_pubnames)

.debug_info     0x00000000     0x5da4
 *(.debug_info .gnu.linkonce.wi.*)
 .debug_info    0x00000000      0x31d .\CortexM3\ARM_GCC_541\Debug\main.o
 .debug_info    0x0000031d      0x569 .\CortexM3\ARM_GCC_541\Debug\cyfitter_cfg.o
 .debug_info    0x00000886      0x136 .\CortexM3\ARM_GCC_541\Debug\cymetadata.o
 .debug_info    0x000009bc      0x3cf .\CortexM3\ARM_GCC_541\Debug\Cm3Start.o
 .debug_info    0x00000d8b      0x20a .\CortexM3\ARM_GCC_541\Debug\Capteur_LDR_LCD.a(IDAC8.o)
 .debug_info    0x00000f95      0x94e .\CortexM3\ARM_GCC_541\Debug\Capteur_LDR_LCD.a(CyDmac.o)
 .debug_info    0x000018e3     0x1374 .\CortexM3\ARM_GCC_541\Debug\Capteur_LDR_LCD.a(CyLib.o)
 .debug_info    0x00002c57      0xa2a .\CortexM3\ARM_GCC_541\Debug\Capteur_LDR_LCD.a(cyPm.o)
 .debug_info    0x00003681       0xd6 .\CortexM3\ARM_GCC_541\Debug\Capteur_LDR_LCD.a(Control_Reg_1.o)
 .debug_info    0x00003757      0x715 .\CortexM3\ARM_GCC_541\Debug\Capteur_LDR_LCD.a(LCD.o)
 .debug_info    0x00003e6c      0x6f2 .\CortexM3\ARM_GCC_541\Debug\Capteur_LDR_LCD.a(ADC_SAR_Seq.o)
 .debug_info    0x0000455e       0xa0 .\CortexM3\ARM_GCC_541\Debug\Capteur_LDR_LCD.a(ADC_SAR_Seq_INT.o)
 .debug_info    0x000045fe      0x544 .\CortexM3\ARM_GCC_541\Debug\Capteur_LDR_LCD.a(ADC_SAR_Seq_SAR.o)
 .debug_info    0x00004b42      0x1a8 .\CortexM3\ARM_GCC_541\Debug\Capteur_LDR_LCD.a(ADC_SAR_Seq_TempBuf_dma.o)
 .debug_info    0x00004cea      0x1aa .\CortexM3\ARM_GCC_541\Debug\Capteur_LDR_LCD.a(ADC_SAR_Seq_FinalBuf_dma.o)
 .debug_info    0x00004e94      0x2d2 .\CortexM3\ARM_GCC_541\Debug\Capteur_LDR_LCD.a(ADC_SAR_Seq_IRQ.o)
 .debug_info    0x00005166       0xa1 .\CortexM3\ARM_GCC_541\Debug\Capteur_LDR_LCD.a(CyBootAsmGnu.o)
 .debug_info    0x00005207      0x64d .\CortexM3\ARM_GCC_541\Debug\Capteur_LDR_LCD.a(CyFlash.o)
 .debug_info    0x00005854      0x550 .\CortexM3\ARM_GCC_541\Debug\Capteur_LDR_LCD.a(CySpc.o)

.debug_abbrev   0x00000000     0x175f
 *(.debug_abbrev)
 .debug_abbrev  0x00000000       0xeb .\CortexM3\ARM_GCC_541\Debug\main.o
 .debug_abbrev  0x000000eb      0x1fe .\CortexM3\ARM_GCC_541\Debug\cyfitter_cfg.o
 .debug_abbrev  0x000002e9       0x77 .\CortexM3\ARM_GCC_541\Debug\cymetadata.o
 .debug_abbrev  0x00000360      0x1e8 .\CortexM3\ARM_GCC_541\Debug\Cm3Start.o
 .debug_abbrev  0x00000548      0x106 .\CortexM3\ARM_GCC_541\Debug\Capteur_LDR_LCD.a(IDAC8.o)
 .debug_abbrev  0x0000064e      0x1b2 .\CortexM3\ARM_GCC_541\Debug\Capteur_LDR_LCD.a(CyDmac.o)
 .debug_abbrev  0x00000800      0x254 .\CortexM3\ARM_GCC_541\Debug\Capteur_LDR_LCD.a(CyLib.o)
 .debug_abbrev  0x00000a54      0x1ab .\CortexM3\ARM_GCC_541\Debug\Capteur_LDR_LCD.a(cyPm.o)
 .debug_abbrev  0x00000bff       0x81 .\CortexM3\ARM_GCC_541\Debug\Capteur_LDR_LCD.a(Control_Reg_1.o)
 .debug_abbrev  0x00000c80      0x157 .\CortexM3\ARM_GCC_541\Debug\Capteur_LDR_LCD.a(LCD.o)
 .debug_abbrev  0x00000dd7      0x13e .\CortexM3\ARM_GCC_541\Debug\Capteur_LDR_LCD.a(ADC_SAR_Seq.o)
 .debug_abbrev  0x00000f15       0x42 .\CortexM3\ARM_GCC_541\Debug\Capteur_LDR_LCD.a(ADC_SAR_Seq_INT.o)
 .debug_abbrev  0x00000f57      0x1ac .\CortexM3\ARM_GCC_541\Debug\Capteur_LDR_LCD.a(ADC_SAR_Seq_SAR.o)
 .debug_abbrev  0x00001103       0xcd .\CortexM3\ARM_GCC_541\Debug\Capteur_LDR_LCD.a(ADC_SAR_Seq_TempBuf_dma.o)
 .debug_abbrev  0x000011d0       0xcd .\CortexM3\ARM_GCC_541\Debug\Capteur_LDR_LCD.a(ADC_SAR_Seq_FinalBuf_dma.o)
 .debug_abbrev  0x0000129d      0x173 .\CortexM3\ARM_GCC_541\Debug\Capteur_LDR_LCD.a(ADC_SAR_Seq_IRQ.o)
 .debug_abbrev  0x00001410       0x14 .\CortexM3\ARM_GCC_541\Debug\Capteur_LDR_LCD.a(CyBootAsmGnu.o)
 .debug_abbrev  0x00001424      0x1a7 .\CortexM3\ARM_GCC_541\Debug\Capteur_LDR_LCD.a(CyFlash.o)
 .debug_abbrev  0x000015cb      0x194 .\CortexM3\ARM_GCC_541\Debug\Capteur_LDR_LCD.a(CySpc.o)

.debug_line     0x00000000     0x2546
 *(.debug_line)
 .debug_line    0x00000000      0x267 .\CortexM3\ARM_GCC_541\Debug\main.o
 .debug_line    0x00000267      0x1e9 .\CortexM3\ARM_GCC_541\Debug\cyfitter_cfg.o
 .debug_line    0x00000450      0x141 .\CortexM3\ARM_GCC_541\Debug\cymetadata.o
 .debug_line    0x00000591      0x241 .\CortexM3\ARM_GCC_541\Debug\Cm3Start.o
 .debug_line    0x000007d2       0xf8 .\CortexM3\ARM_GCC_541\Debug\Capteur_LDR_LCD.a(IDAC8.o)
 .debug_line    0x000008ca      0x2e4 .\CortexM3\ARM_GCC_541\Debug\Capteur_LDR_LCD.a(CyDmac.o)
 .debug_line    0x00000bae      0x816 .\CortexM3\ARM_GCC_541\Debug\Capteur_LDR_LCD.a(CyLib.o)
 .debug_line    0x000013c4      0x367 .\CortexM3\ARM_GCC_541\Debug\Capteur_LDR_LCD.a(cyPm.o)
 .debug_line    0x0000172b       0x75 .\CortexM3\ARM_GCC_541\Debug\Capteur_LDR_LCD.a(Control_Reg_1.o)
 .debug_line    0x000017a0      0x1dc .\CortexM3\ARM_GCC_541\Debug\Capteur_LDR_LCD.a(LCD.o)
 .debug_line    0x0000197c      0x22a .\CortexM3\ARM_GCC_541\Debug\Capteur_LDR_LCD.a(ADC_SAR_Seq.o)
 .debug_line    0x00001ba6       0x58 .\CortexM3\ARM_GCC_541\Debug\Capteur_LDR_LCD.a(ADC_SAR_Seq_INT.o)
 .debug_line    0x00001bfe      0x20b .\CortexM3\ARM_GCC_541\Debug\Capteur_LDR_LCD.a(ADC_SAR_Seq_SAR.o)
 .debug_line    0x00001e09       0x90 .\CortexM3\ARM_GCC_541\Debug\Capteur_LDR_LCD.a(ADC_SAR_Seq_TempBuf_dma.o)
 .debug_line    0x00001e99       0x91 .\CortexM3\ARM_GCC_541\Debug\Capteur_LDR_LCD.a(ADC_SAR_Seq_FinalBuf_dma.o)
 .debug_line    0x00001f2a      0x13c .\CortexM3\ARM_GCC_541\Debug\Capteur_LDR_LCD.a(ADC_SAR_Seq_IRQ.o)
 .debug_line    0x00002066       0x66 .\CortexM3\ARM_GCC_541\Debug\Capteur_LDR_LCD.a(CyBootAsmGnu.o)
 .debug_line    0x000020cc      0x21a .\CortexM3\ARM_GCC_541\Debug\Capteur_LDR_LCD.a(CyFlash.o)
 .debug_line    0x000022e6      0x260 .\CortexM3\ARM_GCC_541\Debug\Capteur_LDR_LCD.a(CySpc.o)

.debug_frame    0x00000000     0x2104
 *(.debug_frame)
 .debug_frame   0x00000000       0x34 .\CortexM3\ARM_GCC_541\Debug\main.o
 .debug_frame   0x00000034       0xfc .\CortexM3\ARM_GCC_541\Debug\cyfitter_cfg.o
 .debug_frame   0x00000130       0xb8 .\CortexM3\ARM_GCC_541\Debug\Cm3Start.o
 .debug_frame   0x000001e8       0xd0 .\CortexM3\ARM_GCC_541\Debug\Capteur_LDR_LCD.a(IDAC8.o)
 .debug_frame   0x000002b8      0x1f8 .\CortexM3\ARM_GCC_541\Debug\Capteur_LDR_LCD.a(CyDmac.o)
 .debug_frame   0x000004b0      0x738 .\CortexM3\ARM_GCC_541\Debug\Capteur_LDR_LCD.a(CyLib.o)
 .debug_frame   0x00000be8      0x1f8 .\CortexM3\ARM_GCC_541\Debug\Capteur_LDR_LCD.a(cyPm.o)
 .debug_frame   0x00000de0       0x30 .\CortexM3\ARM_GCC_541\Debug\Capteur_LDR_LCD.a(Control_Reg_1.o)
 .debug_frame   0x00000e10      0x1e8 .\CortexM3\ARM_GCC_541\Debug\Capteur_LDR_LCD.a(LCD.o)
 .debug_frame   0x00000ff8      0x1dc .\CortexM3\ARM_GCC_541\Debug\Capteur_LDR_LCD.a(ADC_SAR_Seq.o)
 .debug_frame   0x000011d4       0x20 .\CortexM3\ARM_GCC_541\Debug\Capteur_LDR_LCD.a(ADC_SAR_Seq_INT.o)
 .debug_frame   0x000011f4      0x1b0 .\CortexM3\ARM_GCC_541\Debug\Capteur_LDR_LCD.a(ADC_SAR_Seq_SAR.o)
 .debug_frame   0x000013a4       0x54 .\CortexM3\ARM_GCC_541\Debug\Capteur_LDR_LCD.a(ADC_SAR_Seq_TempBuf_dma.o)
 .debug_frame   0x000013f8       0x54 .\CortexM3\ARM_GCC_541\Debug\Capteur_LDR_LCD.a(ADC_SAR_Seq_FinalBuf_dma.o)
 .debug_frame   0x0000144c      0x104 .\CortexM3\ARM_GCC_541\Debug\Capteur_LDR_LCD.a(ADC_SAR_Seq_IRQ.o)
 .debug_frame   0x00001550      0x194 .\CortexM3\ARM_GCC_541\Debug\Capteur_LDR_LCD.a(CyFlash.o)
 .debug_frame   0x000016e4      0x180 .\CortexM3\ARM_GCC_541\Debug\Capteur_LDR_LCD.a(CySpc.o)
 .debug_frame   0x00001864       0x44 d:/program files (x86)/cypress/psoc creator/4.4/psoc creator/import/gnu/arm/5.4.1/bin/../lib/gcc/arm-none-eabi/5.4.1/armv7-m\libgcc.a(_aeabi_ldivmod.o)
 .debug_frame   0x000018a8       0x38 d:/program files (x86)/cypress/psoc creator/4.4/psoc creator/import/gnu/arm/5.4.1/bin/../lib/gcc/arm-none-eabi/5.4.1/armv7-m\libgcc.a(_udivmoddi4.o)
 .debug_frame   0x000018e0       0x20 d:/program files (x86)/cypress/psoc creator/4.4/psoc creator/import/gnu/arm/5.4.1/bin/../lib/gcc/arm-none-eabi/5.4.1/../../../../arm-none-eabi/lib/armv7-m\libg_nano.a(lib_a-errno.o)
 .debug_frame   0x00001900       0x28 d:/program files (x86)/cypress/psoc creator/4.4/psoc creator/import/gnu/arm/5.4.1/bin/../lib/gcc/arm-none-eabi/5.4.1/../../../../arm-none-eabi/lib/armv7-m\libg_nano.a(lib_a-exit.o)
 .debug_frame   0x00001928       0x2c d:/program files (x86)/cypress/psoc creator/4.4/psoc creator/import/gnu/arm/5.4.1/bin/../lib/gcc/arm-none-eabi/5.4.1/../../../../arm-none-eabi/lib/armv7-m\libg_nano.a(lib_a-init.o)
 .debug_frame   0x00001954       0x28 d:/program files (x86)/cypress/psoc creator/4.4/psoc creator/import/gnu/arm/5.4.1/bin/../lib/gcc/arm-none-eabi/5.4.1/../../../../arm-none-eabi/lib/armv7-m\libg_nano.a(lib_a-memcpy-stub.o)
 .debug_frame   0x0000197c       0x20 d:/program files (x86)/cypress/psoc creator/4.4/psoc creator/import/gnu/arm/5.4.1/bin/../lib/gcc/arm-none-eabi/5.4.1/../../../../arm-none-eabi/lib/armv7-m\libg_nano.a(lib_a-memset.o)
 .debug_frame   0x0000199c       0x8c d:/program files (x86)/cypress/psoc creator/4.4/psoc creator/import/gnu/arm/5.4.1/bin/../lib/gcc/arm-none-eabi/5.4.1/../../../../arm-none-eabi/lib/armv7-m\libg_nano.a(lib_a-nano-vfprintf_float.o)
 .debug_frame   0x00001a28       0x60 d:/program files (x86)/cypress/psoc creator/4.4/psoc creator/import/gnu/arm/5.4.1/bin/../lib/gcc/arm-none-eabi/5.4.1/../../../../arm-none-eabi/lib/armv7-m\libg_nano.a(lib_a-nano-vfprintf_i.o)
 .debug_frame   0x00001a88       0x70 d:/program files (x86)/cypress/psoc creator/4.4/psoc creator/import/gnu/arm/5.4.1/bin/../lib/gcc/arm-none-eabi/5.4.1/../../../../arm-none-eabi/lib/armv7-m\libg_nano.a(lib_a-sprintf.o)
 .debug_frame   0x00001af8       0x6c d:/program files (x86)/cypress/psoc creator/4.4/psoc creator/import/gnu/arm/5.4.1/bin/../lib/gcc/arm-none-eabi/5.4.1/../../../../arm-none-eabi/lib/armv7-m\libg_nano.a(lib_a-dtoa.o)
 .debug_frame   0x00001b64       0x98 d:/program files (x86)/cypress/psoc creator/4.4/psoc creator/import/gnu/arm/5.4.1/bin/../lib/gcc/arm-none-eabi/5.4.1/../../../../arm-none-eabi/lib/armv7-m\libg_nano.a(lib_a-locale.o)
 .debug_frame   0x00001bfc       0x30 d:/program files (x86)/cypress/psoc creator/4.4/psoc creator/import/gnu/arm/5.4.1/bin/../lib/gcc/arm-none-eabi/5.4.1/../../../../arm-none-eabi/lib/armv7-m\libg_nano.a(lib_a-malloc.o)
 .debug_frame   0x00001c2c       0x28 d:/program files (x86)/cypress/psoc creator/4.4/psoc creator/import/gnu/arm/5.4.1/bin/../lib/gcc/arm-none-eabi/5.4.1/../../../../arm-none-eabi/lib/armv7-m\libg_nano.a(lib_a-memchr-stub.o)
 .debug_frame   0x00001c54      0x234 d:/program files (x86)/cypress/psoc creator/4.4/psoc creator/import/gnu/arm/5.4.1/bin/../lib/gcc/arm-none-eabi/5.4.1/../../../../arm-none-eabi/lib/armv7-m\libg_nano.a(lib_a-mprec.o)
 .debug_frame   0x00001e88       0x2c d:/program files (x86)/cypress/psoc creator/4.4/psoc creator/import/gnu/arm/5.4.1/bin/../lib/gcc/arm-none-eabi/5.4.1/../../../../arm-none-eabi/lib/armv7-m\libg_nano.a(lib_a-nano-callocr.o)
 .debug_frame   0x00001eb4       0x38 d:/program files (x86)/cypress/psoc creator/4.4/psoc creator/import/gnu/arm/5.4.1/bin/../lib/gcc/arm-none-eabi/5.4.1/../../../../arm-none-eabi/lib/armv7-m\libg_nano.a(lib_a-nano-freer.o)
 .debug_frame   0x00001eec       0x2c d:/program files (x86)/cypress/psoc creator/4.4/psoc creator/import/gnu/arm/5.4.1/bin/../lib/gcc/arm-none-eabi/5.4.1/../../../../arm-none-eabi/lib/armv7-m\libg_nano.a(lib_a-nano-mallocr.o)
 .debug_frame   0x00001f18       0x90 d:/program files (x86)/cypress/psoc creator/4.4/psoc creator/import/gnu/arm/5.4.1/bin/../lib/gcc/arm-none-eabi/5.4.1/../../../../arm-none-eabi/lib/armv7-m\libg_nano.a(lib_a-nano-svfprintf.o)
 .debug_frame   0x00001fa8       0x2c d:/program files (x86)/cypress/psoc creator/4.4/psoc creator/import/gnu/arm/5.4.1/bin/../lib/gcc/arm-none-eabi/5.4.1/../../../../arm-none-eabi/lib/armv7-m\libg_nano.a(lib_a-sbrkr.o)
 .debug_frame   0x00001fd4       0x20 d:/program files (x86)/cypress/psoc creator/4.4/psoc creator/import/gnu/arm/5.4.1/bin/../lib/gcc/arm-none-eabi/5.4.1/../../../../arm-none-eabi/lib/armv7-m\libg_nano.a(lib_a-strcmp.o)
 .debug_frame   0x00001ff4       0x28 d:/program files (x86)/cypress/psoc creator/4.4/psoc creator/import/gnu/arm/5.4.1/bin/../lib/gcc/arm-none-eabi/5.4.1/../../../../arm-none-eabi/lib/armv7-m\libg_nano.a(lib_a-memmove.o)
 .debug_frame   0x0000201c       0x30 d:/program files (x86)/cypress/psoc creator/4.4/psoc creator/import/gnu/arm/5.4.1/bin/../lib/gcc/arm-none-eabi/5.4.1/../../../../arm-none-eabi/lib/armv7-m\libg_nano.a(lib_a-mlock.o)
 .debug_frame   0x0000204c       0x3c d:/program files (x86)/cypress/psoc creator/4.4/psoc creator/import/gnu/arm/5.4.1/bin/../lib/gcc/arm-none-eabi/5.4.1/../../../../arm-none-eabi/lib/armv7-m\libg_nano.a(lib_a-nano-reallocr.o)
 .debug_frame   0x00002088       0x5c d:/program files (x86)/cypress/psoc creator/4.4/psoc creator/import/gnu/arm/5.4.1/bin/../lib/gcc/arm-none-eabi/5.4.1/../../../../arm-none-eabi/lib/armv7-m\libg_nano.a(lib_a-reent.o)
 .debug_frame   0x000020e4       0x20 d:/program files (x86)/cypress/psoc creator/4.4/psoc creator/import/gnu/arm/5.4.1/bin/../lib/gcc/arm-none-eabi/5.4.1/../../../../arm-none-eabi/lib/armv7-m\libg_nano.a(lib_a-nano-msizer.o)

.debug_str      0x00000000     0x20fe
 *(.debug_str)
 .debug_str     0x00000000      0x25c .\CortexM3\ARM_GCC_541\Debug\main.o
                                0x2aa (size before relaxing)
 .debug_str     0x0000025c      0x18a .\CortexM3\ARM_GCC_541\Debug\cyfitter_cfg.o
                                0x32a (size before relaxing)
 .debug_str     0x000003e6       0x7f .\CortexM3\ARM_GCC_541\Debug\cymetadata.o
                                0x1f5 (size before relaxing)
 .debug_str     0x00000465      0x154 .\CortexM3\ARM_GCC_541\Debug\Cm3Start.o
                                0x32b (size before relaxing)
 .debug_str     0x000005b9       0xb7 .\CortexM3\ARM_GCC_541\Debug\Capteur_LDR_LCD.a(IDAC8.o)
                                0x24b (size before relaxing)
 .debug_str     0x00000670      0x392 .\CortexM3\ARM_GCC_541\Debug\Capteur_LDR_LCD.a(CyDmac.o)
                                0x55b (size before relaxing)
 .debug_str     0x00000a02      0x7e2 .\CortexM3\ARM_GCC_541\Debug\Capteur_LDR_LCD.a(CyLib.o)
                                0xa58 (size before relaxing)
 .debug_str     0x000011e4      0x365 .\CortexM3\ARM_GCC_541\Debug\Capteur_LDR_LCD.a(cyPm.o)
                                0x744 (size before relaxing)
 .debug_str     0x00001549       0x42 .\CortexM3\ARM_GCC_541\Debug\Capteur_LDR_LCD.a(Control_Reg_1.o)
                                0x1d8 (size before relaxing)
 .debug_str     0x0000158b      0x12a .\CortexM3\ARM_GCC_541\Debug\Capteur_LDR_LCD.a(LCD.o)
                                0x33c (size before relaxing)
 .debug_str     0x000016b5      0x404 .\CortexM3\ARM_GCC_541\Debug\Capteur_LDR_LCD.a(ADC_SAR_Seq.o)
                                0x6e1 (size before relaxing)
 .debug_str     0x00001ab9       0x39 .\CortexM3\ARM_GCC_541\Debug\Capteur_LDR_LCD.a(ADC_SAR_Seq_INT.o)
                                0x1c5 (size before relaxing)
 .debug_str     0x00001af2      0x14f .\CortexM3\ARM_GCC_541\Debug\Capteur_LDR_LCD.a(ADC_SAR_Seq_SAR.o)
                                0x50f (size before relaxing)
 .debug_str     0x00001c41       0xa9 .\CortexM3\ARM_GCC_541\Debug\Capteur_LDR_LCD.a(ADC_SAR_Seq_TempBuf_dma.o)
                                0x2b5 (size before relaxing)
 .debug_str     0x00001cea       0x71 .\CortexM3\ARM_GCC_541\Debug\Capteur_LDR_LCD.a(ADC_SAR_Seq_FinalBuf_dma.o)
                                0x2b9 (size before relaxing)
 .debug_str     0x00001d5b      0x13c .\CortexM3\ARM_GCC_541\Debug\Capteur_LDR_LCD.a(ADC_SAR_Seq_IRQ.o)
                                0x343 (size before relaxing)
 .debug_str     0x00001e97      0x1bb .\CortexM3\ARM_GCC_541\Debug\Capteur_LDR_LCD.a(CyFlash.o)
                                0x3d1 (size before relaxing)
 .debug_str     0x00002052       0xac .\CortexM3\ARM_GCC_541\Debug\Capteur_LDR_LCD.a(CySpc.o)
                                0x349 (size before relaxing)

.debug_loc      0x00000000     0x2f24
 *(.debug_loc)
 .debug_loc     0x00000000       0x3e .\CortexM3\ARM_GCC_541\Debug\main.o
 .debug_loc     0x0000003e      0x1fd .\CortexM3\ARM_GCC_541\Debug\cyfitter_cfg.o
 .debug_loc     0x0000023b      0x144 .\CortexM3\ARM_GCC_541\Debug\Cm3Start.o
 .debug_loc     0x0000037f       0x76 .\CortexM3\ARM_GCC_541\Debug\Capteur_LDR_LCD.a(IDAC8.o)
 .debug_loc     0x000003f5      0xb8e .\CortexM3\ARM_GCC_541\Debug\Capteur_LDR_LCD.a(CyDmac.o)
 .debug_loc     0x00000f83      0xa11 .\CortexM3\ARM_GCC_541\Debug\Capteur_LDR_LCD.a(CyLib.o)
 .debug_loc     0x00001994      0x1e4 .\CortexM3\ARM_GCC_541\Debug\Capteur_LDR_LCD.a(cyPm.o)
 .debug_loc     0x00001b78      0x3c6 .\CortexM3\ARM_GCC_541\Debug\Capteur_LDR_LCD.a(LCD.o)
 .debug_loc     0x00001f3e      0x13c .\CortexM3\ARM_GCC_541\Debug\Capteur_LDR_LCD.a(ADC_SAR_Seq.o)
 .debug_loc     0x0000207a      0x295 .\CortexM3\ARM_GCC_541\Debug\Capteur_LDR_LCD.a(ADC_SAR_Seq_SAR.o)
 .debug_loc     0x0000230f       0x84 .\CortexM3\ARM_GCC_541\Debug\Capteur_LDR_LCD.a(ADC_SAR_Seq_TempBuf_dma.o)
 .debug_loc     0x00002393       0x84 .\CortexM3\ARM_GCC_541\Debug\Capteur_LDR_LCD.a(ADC_SAR_Seq_FinalBuf_dma.o)
 .debug_loc     0x00002417       0x56 .\CortexM3\ARM_GCC_541\Debug\Capteur_LDR_LCD.a(ADC_SAR_Seq_IRQ.o)
 .debug_loc     0x0000246d      0x3b2 .\CortexM3\ARM_GCC_541\Debug\Capteur_LDR_LCD.a(CyFlash.o)
 .debug_loc     0x0000281f      0x705 .\CortexM3\ARM_GCC_541\Debug\Capteur_LDR_LCD.a(CySpc.o)

.debug_macinfo
 *(.debug_macinfo)

.debug_ranges   0x00000000      0x820
 *(.debug_ranges)
 .debug_ranges  0x00000000       0x10 .\CortexM3\ARM_GCC_541\Debug\main.o
 .debug_ranges  0x00000010       0x48 .\CortexM3\ARM_GCC_541\Debug\cyfitter_cfg.o
 .debug_ranges  0x00000058       0x38 .\CortexM3\ARM_GCC_541\Debug\Cm3Start.o
 .debug_ranges  0x00000090       0x50 .\CortexM3\ARM_GCC_541\Debug\Capteur_LDR_LCD.a(IDAC8.o)
 .debug_ranges  0x000000e0       0xc8 .\CortexM3\ARM_GCC_541\Debug\Capteur_LDR_LCD.a(CyDmac.o)
 .debug_ranges  0x000001a8      0x290 .\CortexM3\ARM_GCC_541\Debug\Capteur_LDR_LCD.a(CyLib.o)
 .debug_ranges  0x00000438       0x88 .\CortexM3\ARM_GCC_541\Debug\Capteur_LDR_LCD.a(cyPm.o)
 .debug_ranges  0x000004c0       0x18 .\CortexM3\ARM_GCC_541\Debug\Capteur_LDR_LCD.a(Control_Reg_1.o)
 .debug_ranges  0x000004d8       0x88 .\CortexM3\ARM_GCC_541\Debug\Capteur_LDR_LCD.a(LCD.o)
 .debug_ranges  0x00000560       0x90 .\CortexM3\ARM_GCC_541\Debug\Capteur_LDR_LCD.a(ADC_SAR_Seq.o)
 .debug_ranges  0x000005f0       0x10 .\CortexM3\ARM_GCC_541\Debug\Capteur_LDR_LCD.a(ADC_SAR_Seq_INT.o)
 .debug_ranges  0x00000600       0x98 .\CortexM3\ARM_GCC_541\Debug\Capteur_LDR_LCD.a(ADC_SAR_Seq_SAR.o)
 .debug_ranges  0x00000698       0x18 .\CortexM3\ARM_GCC_541\Debug\Capteur_LDR_LCD.a(ADC_SAR_Seq_TempBuf_dma.o)
 .debug_ranges  0x000006b0       0x18 .\CortexM3\ARM_GCC_541\Debug\Capteur_LDR_LCD.a(ADC_SAR_Seq_FinalBuf_dma.o)
 .debug_ranges  0x000006c8       0x70 .\CortexM3\ARM_GCC_541\Debug\Capteur_LDR_LCD.a(ADC_SAR_Seq_IRQ.o)
 .debug_ranges  0x00000738       0x78 .\CortexM3\ARM_GCC_541\Debug\Capteur_LDR_LCD.a(CyFlash.o)
 .debug_ranges  0x000007b0       0x70 .\CortexM3\ARM_GCC_541\Debug\Capteur_LDR_LCD.a(CySpc.o)

.comment        0x00000000       0x6e
 .comment       0x00000000       0x6e .\CortexM3\ARM_GCC_541\Debug\main.o
                                 0x6f (size before relaxing)
 .comment       0x0000006e       0x6f .\CortexM3\ARM_GCC_541\Debug\cyfitter_cfg.o
 .comment       0x0000006e       0x6f .\CortexM3\ARM_GCC_541\Debug\cymetadata.o
 .comment       0x0000006e       0x6f .\CortexM3\ARM_GCC_541\Debug\Cm3Start.o
 .comment       0x0000006e       0x6f .\CortexM3\ARM_GCC_541\Debug\Capteur_LDR_LCD.a(IDAC8.o)
 .comment       0x0000006e       0x6f .\CortexM3\ARM_GCC_541\Debug\Capteur_LDR_LCD.a(CyDmac.o)
 .comment       0x0000006e       0x6f .\CortexM3\ARM_GCC_541\Debug\Capteur_LDR_LCD.a(CyLib.o)
 .comment       0x0000006e       0x6f .\CortexM3\ARM_GCC_541\Debug\Capteur_LDR_LCD.a(cyPm.o)
 .comment       0x0000006e       0x6f .\CortexM3\ARM_GCC_541\Debug\Capteur_LDR_LCD.a(Control_Reg_1.o)
 .comment       0x0000006e       0x6f .\CortexM3\ARM_GCC_541\Debug\Capteur_LDR_LCD.a(LCD.o)
 .comment       0x0000006e       0x6f .\CortexM3\ARM_GCC_541\Debug\Capteur_LDR_LCD.a(ADC_SAR_Seq.o)
 .comment       0x0000006e       0x6f .\CortexM3\ARM_GCC_541\Debug\Capteur_LDR_LCD.a(ADC_SAR_Seq_INT.o)
 .comment       0x0000006e       0x6f .\CortexM3\ARM_GCC_541\Debug\Capteur_LDR_LCD.a(ADC_SAR_Seq_SAR.o)
 .comment       0x0000006e       0x6f .\CortexM3\ARM_GCC_541\Debug\Capteur_LDR_LCD.a(ADC_SAR_Seq_TempBuf_dma.o)
 .comment       0x0000006e       0x6f .\CortexM3\ARM_GCC_541\Debug\Capteur_LDR_LCD.a(ADC_SAR_Seq_FinalBuf_dma.o)
 .comment       0x0000006e       0x6f .\CortexM3\ARM_GCC_541\Debug\Capteur_LDR_LCD.a(ADC_SAR_Seq_IRQ.o)
 .comment       0x0000006e       0x6f .\CortexM3\ARM_GCC_541\Debug\Capteur_LDR_LCD.a(CyFlash.o)
 .comment       0x0000006e       0x6f .\CortexM3\ARM_GCC_541\Debug\Capteur_LDR_LCD.a(CySpc.o)

.debug_weaknames
 *(.debug_weaknames)

.debug_funcnames
 *(.debug_funcnames)

.debug_typenames
 *(.debug_typenames)

.debug_varnames
 *(.debug_varnames)

.note.gnu.arm.ident
 *(.note.gnu.arm.ident)

.ARM.attributes
                0x00000000       0x29
 *(.ARM.attributes)
 .ARM.attributes
                0x00000000       0x1d d:/program files (x86)/cypress/psoc creator/4.4/psoc creator/import/gnu/arm/5.4.1/bin/../lib/gcc/arm-none-eabi/5.4.1/armv7-m/crti.o
 .ARM.attributes
                0x0000001d       0x2d d:/program files (x86)/cypress/psoc creator/4.4/psoc creator/import/gnu/arm/5.4.1/bin/../lib/gcc/arm-none-eabi/5.4.1/armv7-m/crtbegin.o
 .ARM.attributes
                0x0000004a       0x1b d:/program files (x86)/cypress/psoc creator/4.4/psoc creator/import/gnu/arm/5.4.1/bin/../lib/gcc/arm-none-eabi/5.4.1/../../../../arm-none-eabi/lib/armv7-m/crt0.o
 .ARM.attributes
                0x00000065       0x33 .\CortexM3\ARM_GCC_541\Debug\main.o
 .ARM.attributes
                0x00000098       0x33 .\CortexM3\ARM_GCC_541\Debug\cyfitter_cfg.o
 .ARM.attributes
                0x000000cb       0x33 .\CortexM3\ARM_GCC_541\Debug\cymetadata.o
 .ARM.attributes
                0x000000fe       0x33 .\CortexM3\ARM_GCC_541\Debug\Cm3Start.o
 .ARM.attributes
                0x00000131       0x33 .\CortexM3\ARM_GCC_541\Debug\Capteur_LDR_LCD.a(IDAC8.o)
 .ARM.attributes
                0x00000164       0x33 .\CortexM3\ARM_GCC_541\Debug\Capteur_LDR_LCD.a(CyDmac.o)
 .ARM.attributes
                0x00000197       0x33 .\CortexM3\ARM_GCC_541\Debug\Capteur_LDR_LCD.a(CyLib.o)
 .ARM.attributes
                0x000001ca       0x33 .\CortexM3\ARM_GCC_541\Debug\Capteur_LDR_LCD.a(cyPm.o)
 .ARM.attributes
                0x000001fd       0x33 .\CortexM3\ARM_GCC_541\Debug\Capteur_LDR_LCD.a(Control_Reg_1.o)
 .ARM.attributes
                0x00000230       0x33 .\CortexM3\ARM_GCC_541\Debug\Capteur_LDR_LCD.a(LCD.o)
 .ARM.attributes
                0x00000263       0x33 .\CortexM3\ARM_GCC_541\Debug\Capteur_LDR_LCD.a(ADC_SAR_Seq.o)
 .ARM.attributes
                0x00000296       0x33 .\CortexM3\ARM_GCC_541\Debug\Capteur_LDR_LCD.a(ADC_SAR_Seq_INT.o)
 .ARM.attributes
                0x000002c9       0x33 .\CortexM3\ARM_GCC_541\Debug\Capteur_LDR_LCD.a(ADC_SAR_Seq_SAR.o)
 .ARM.attributes
                0x000002fc       0x33 .\CortexM3\ARM_GCC_541\Debug\Capteur_LDR_LCD.a(ADC_SAR_Seq_TempBuf_dma.o)
 .ARM.attributes
                0x0000032f       0x33 .\CortexM3\ARM_GCC_541\Debug\Capteur_LDR_LCD.a(ADC_SAR_Seq_FinalBuf_dma.o)
 .ARM.attributes
                0x00000362       0x33 .\CortexM3\ARM_GCC_541\Debug\Capteur_LDR_LCD.a(ADC_SAR_Seq_IRQ.o)
 .ARM.attributes
                0x00000395       0x21 .\CortexM3\ARM_GCC_541\Debug\Capteur_LDR_LCD.a(CyBootAsmGnu.o)
 .ARM.attributes
                0x000003b6       0x33 .\CortexM3\ARM_GCC_541\Debug\Capteur_LDR_LCD.a(CyFlash.o)
 .ARM.attributes
                0x000003e9       0x33 .\CortexM3\ARM_GCC_541\Debug\Capteur_LDR_LCD.a(CySpc.o)
 .ARM.attributes
                0x0000041c       0x1d d:/program files (x86)/cypress/psoc creator/4.4/psoc creator/import/gnu/arm/5.4.1/bin/../lib/gcc/arm-none-eabi/5.4.1/armv7-m\libgcc.a(_arm_addsubsf3.o)
 .ARM.attributes
                0x00000439       0x1d d:/program files (x86)/cypress/psoc creator/4.4/psoc creator/import/gnu/arm/5.4.1/bin/../lib/gcc/arm-none-eabi/5.4.1/armv7-m\libgcc.a(_arm_muldivsf3.o)
 .ARM.attributes
                0x00000456       0x1d d:/program files (x86)/cypress/psoc creator/4.4/psoc creator/import/gnu/arm/5.4.1/bin/../lib/gcc/arm-none-eabi/5.4.1/armv7-m\libgcc.a(_aeabi_ldivmod.o)
 .ARM.attributes
                0x00000473       0x2d d:/program files (x86)/cypress/psoc creator/4.4/psoc creator/import/gnu/arm/5.4.1/bin/../lib/gcc/arm-none-eabi/5.4.1/armv7-m\libgcc.a(_udivmoddi4.o)
 .ARM.attributes
                0x000004a0       0x1d d:/program files (x86)/cypress/psoc creator/4.4/psoc creator/import/gnu/arm/5.4.1/bin/../lib/gcc/arm-none-eabi/5.4.1/armv7-m\libgcc.a(_dvmd_tls.o)
 .ARM.attributes
                0x000004bd       0x2d d:/program files (x86)/cypress/psoc creator/4.4/psoc creator/import/gnu/arm/5.4.1/bin/../lib/gcc/arm-none-eabi/5.4.1/../../../../arm-none-eabi/lib/armv7-m\libg_nano.a(lib_a-errno.o)
 .ARM.attributes
                0x000004ea       0x2d d:/program files (x86)/cypress/psoc creator/4.4/psoc creator/import/gnu/arm/5.4.1/bin/../lib/gcc/arm-none-eabi/5.4.1/../../../../arm-none-eabi/lib/armv7-m\libg_nano.a(lib_a-exit.o)
 .ARM.attributes
                0x00000517       0x2d d:/program files (x86)/cypress/psoc creator/4.4/psoc creator/import/gnu/arm/5.4.1/bin/../lib/gcc/arm-none-eabi/5.4.1/../../../../arm-none-eabi/lib/armv7-m\libg_nano.a(lib_a-impure.o)
 .ARM.attributes
                0x00000544       0x2d d:/program files (x86)/cypress/psoc creator/4.4/psoc creator/import/gnu/arm/5.4.1/bin/../lib/gcc/arm-none-eabi/5.4.1/../../../../arm-none-eabi/lib/armv7-m\libg_nano.a(lib_a-init.o)
 .ARM.attributes
                0x00000571       0x2d d:/program files (x86)/cypress/psoc creator/4.4/psoc creator/import/gnu/arm/5.4.1/bin/../lib/gcc/arm-none-eabi/5.4.1/../../../../arm-none-eabi/lib/armv7-m\libg_nano.a(lib_a-memcpy-stub.o)
 .ARM.attributes
                0x0000059e       0x2d d:/program files (x86)/cypress/psoc creator/4.4/psoc creator/import/gnu/arm/5.4.1/bin/../lib/gcc/arm-none-eabi/5.4.1/../../../../arm-none-eabi/lib/armv7-m\libg_nano.a(lib_a-memset.o)
 .ARM.attributes
                0x000005cb       0x2d d:/program files (x86)/cypress/psoc creator/4.4/psoc creator/import/gnu/arm/5.4.1/bin/../lib/gcc/arm-none-eabi/5.4.1/../../../../arm-none-eabi/lib/armv7-m\libg_nano.a(lib_a-nano-vfprintf_float.o)
 .ARM.attributes
                0x000005f8       0x2d d:/program files (x86)/cypress/psoc creator/4.4/psoc creator/import/gnu/arm/5.4.1/bin/../lib/gcc/arm-none-eabi/5.4.1/../../../../arm-none-eabi/lib/armv7-m\libg_nano.a(lib_a-nano-vfprintf_i.o)
 .ARM.attributes
                0x00000625       0x2d d:/program files (x86)/cypress/psoc creator/4.4/psoc creator/import/gnu/arm/5.4.1/bin/../lib/gcc/arm-none-eabi/5.4.1/../../../../arm-none-eabi/lib/armv7-m\libg_nano.a(lib_a-sprintf.o)
 .ARM.attributes
                0x00000652       0x17 d:/program files (x86)/cypress/psoc creator/4.4/psoc creator/import/gnu/arm/5.4.1/bin/../lib/gcc/arm-none-eabi/5.4.1/../../../../arm-none-eabi/lib/armv7-m\libg_nano.a(lib_a-strlen.o)
 .ARM.attributes
                0x00000669       0x2d d:/program files (x86)/cypress/psoc creator/4.4/psoc creator/import/gnu/arm/5.4.1/bin/../lib/gcc/arm-none-eabi/5.4.1/../../../../arm-none-eabi/lib/armv7-m\libg_nano.a(lib_a-dtoa.o)
 .ARM.attributes
                0x00000696       0x2d d:/program files (x86)/cypress/psoc creator/4.4/psoc creator/import/gnu/arm/5.4.1/bin/../lib/gcc/arm-none-eabi/5.4.1/../../../../arm-none-eabi/lib/armv7-m\libg_nano.a(lib_a-locale.o)
 .ARM.attributes
                0x000006c3       0x2d d:/program files (x86)/cypress/psoc creator/4.4/psoc creator/import/gnu/arm/5.4.1/bin/../lib/gcc/arm-none-eabi/5.4.1/../../../../arm-none-eabi/lib/armv7-m\libg_nano.a(lib_a-malloc.o)
 .ARM.attributes
                0x000006f0       0x2d d:/program files (x86)/cypress/psoc creator/4.4/psoc creator/import/gnu/arm/5.4.1/bin/../lib/gcc/arm-none-eabi/5.4.1/../../../../arm-none-eabi/lib/armv7-m\libg_nano.a(lib_a-memchr-stub.o)
 .ARM.attributes
                0x0000071d       0x2d d:/program files (x86)/cypress/psoc creator/4.4/psoc creator/import/gnu/arm/5.4.1/bin/../lib/gcc/arm-none-eabi/5.4.1/../../../../arm-none-eabi/lib/armv7-m\libg_nano.a(lib_a-mprec.o)
 .ARM.attributes
                0x0000074a       0x2d d:/program files (x86)/cypress/psoc creator/4.4/psoc creator/import/gnu/arm/5.4.1/bin/../lib/gcc/arm-none-eabi/5.4.1/../../../../arm-none-eabi/lib/armv7-m\libg_nano.a(lib_a-nano-callocr.o)
 .ARM.attributes
                0x00000777       0x2d d:/program files (x86)/cypress/psoc creator/4.4/psoc creator/import/gnu/arm/5.4.1/bin/../lib/gcc/arm-none-eabi/5.4.1/../../../../arm-none-eabi/lib/armv7-m\libg_nano.a(lib_a-nano-freer.o)
 .ARM.attributes
                0x000007a4       0x2d d:/program files (x86)/cypress/psoc creator/4.4/psoc creator/import/gnu/arm/5.4.1/bin/../lib/gcc/arm-none-eabi/5.4.1/../../../../arm-none-eabi/lib/armv7-m\libg_nano.a(lib_a-nano-mallocr.o)
 .ARM.attributes
                0x000007d1       0x2d d:/program files (x86)/cypress/psoc creator/4.4/psoc creator/import/gnu/arm/5.4.1/bin/../lib/gcc/arm-none-eabi/5.4.1/../../../../arm-none-eabi/lib/armv7-m\libg_nano.a(lib_a-nano-svfprintf.o)
 .ARM.attributes
                0x000007fe       0x2d d:/program files (x86)/cypress/psoc creator/4.4/psoc creator/import/gnu/arm/5.4.1/bin/../lib/gcc/arm-none-eabi/5.4.1/../../../../arm-none-eabi/lib/armv7-m\libg_nano.a(lib_a-sbrkr.o)
 .ARM.attributes
                0x0000082b       0x1b d:/program files (x86)/cypress/psoc creator/4.4/psoc creator/import/gnu/arm/5.4.1/bin/../lib/gcc/arm-none-eabi/5.4.1/../../../../arm-none-eabi/lib/armv7-m\libg_nano.a(lib_a-strcmp.o)
 .ARM.attributes
                0x00000846       0x2d d:/program files (x86)/cypress/psoc creator/4.4/psoc creator/import/gnu/arm/5.4.1/bin/../lib/gcc/arm-none-eabi/5.4.1/../../../../arm-none-eabi/lib/armv7-m\libg_nano.a(lib_a-memmove.o)
 .ARM.attributes
                0x00000873       0x2d d:/program files (x86)/cypress/psoc creator/4.4/psoc creator/import/gnu/arm/5.4.1/bin/../lib/gcc/arm-none-eabi/5.4.1/../../../../arm-none-eabi/lib/armv7-m\libg_nano.a(lib_a-mlock.o)
 .ARM.attributes
                0x000008a0       0x2d d:/program files (x86)/cypress/psoc creator/4.4/psoc creator/import/gnu/arm/5.4.1/bin/../lib/gcc/arm-none-eabi/5.4.1/../../../../arm-none-eabi/lib/armv7-m\libg_nano.a(lib_a-nano-reallocr.o)
 .ARM.attributes
                0x000008cd       0x2d d:/program files (x86)/cypress/psoc creator/4.4/psoc creator/import/gnu/arm/5.4.1/bin/../lib/gcc/arm-none-eabi/5.4.1/../../../../arm-none-eabi/lib/armv7-m\libg_nano.a(lib_a-reent.o)
 .ARM.attributes
                0x000008fa       0x2d d:/program files (x86)/cypress/psoc creator/4.4/psoc creator/import/gnu/arm/5.4.1/bin/../lib/gcc/arm-none-eabi/5.4.1/../../../../arm-none-eabi/lib/armv7-m\libg_nano.a(lib_a-nano-msizer.o)
 .ARM.attributes
                0x00000927       0x1d d:/program files (x86)/cypress/psoc creator/4.4/psoc creator/import/gnu/arm/5.4.1/bin/../lib/gcc/arm-none-eabi/5.4.1/armv7-m\libgcc.a(_arm_addsubdf3.o)
 .ARM.attributes
                0x00000944       0x1d d:/program files (x86)/cypress/psoc creator/4.4/psoc creator/import/gnu/arm/5.4.1/bin/../lib/gcc/arm-none-eabi/5.4.1/armv7-m\libgcc.a(_arm_muldivdf3.o)
 .ARM.attributes
                0x00000961       0x1d d:/program files (x86)/cypress/psoc creator/4.4/psoc creator/import/gnu/arm/5.4.1/bin/../lib/gcc/arm-none-eabi/5.4.1/armv7-m\libgcc.a(_arm_cmpdf2.o)
 .ARM.attributes
                0x0000097e       0x1d d:/program files (x86)/cypress/psoc creator/4.4/psoc creator/import/gnu/arm/5.4.1/bin/../lib/gcc/arm-none-eabi/5.4.1/armv7-m\libgcc.a(_arm_unorddf2.o)
 .ARM.attributes
                0x0000099b       0x1d d:/program files (x86)/cypress/psoc creator/4.4/psoc creator/import/gnu/arm/5.4.1/bin/../lib/gcc/arm-none-eabi/5.4.1/armv7-m\libgcc.a(_arm_fixdfsi.o)
 .ARM.attributes
                0x000009b8       0x2d d:/program files (x86)/cypress/psoc creator/4.4/psoc creator/import/gnu/arm/5.4.1/bin/../lib/gcc/arm-none-eabi/5.4.1/armv7-m/crtend.o
 .ARM.attributes
                0x000009e5       0x1d d:/program files (x86)/cypress/psoc creator/4.4/psoc creator/import/gnu/arm/5.4.1/bin/../lib/gcc/arm-none-eabi/5.4.1/armv7-m/crtn.o

/DISCARD/
 *(.note.GNU-stack)
OUTPUT(D:\Users\Guillaume\Desktop\BE_Capteurs-main\WorkspaceCapteur\Capteur_LDR_LCD.cydsn\CortexM3\ARM_GCC_541\Debug\Capteur_LDR_LCD.elf elf32-littlearm)
